2026-04-20T02:33:37.048384+07:00 gov-ai-svr sshd[980547]: Failed password for invalid user admin1 from 87.251.64.144 port 61520 ssh2
2026-04-20T02:33:38.033366+07:00 gov-ai-svr sshd[980547]: Connection reset by invalid user admin1 87.251.64.144 port 61520 [preauth]
2026-04-20T02:33:39.151872+07:00 gov-ai-svr sshd[980550]: Invalid user admin from 87.251.64.144 port 61548
2026-04-20T02:33:39.377134+07:00 gov-ai-svr sshd[980550]: pam_unix(sshd:auth): check pass; user unknown
2026-04-20T02:33:39.377418+07:00 gov-ai-svr sshd[980550]: pam_unix(sshd:auth): authentication failure; logname= uid=0 euid=0 tty=ssh ruser= rhost=87.251.64.144 
2026-04-20T02:33:41.280790+07:00 gov-ai-svr sshd[980550]: Failed password for invalid user admin from 87.251.64.144 port 61548 ssh2
2026-04-20T02:33:42.258418+07:00 gov-ai-svr sshd[980550]: Connection reset by invalid user admin 87.251.64.144 port 61548 [preauth]
2026-04-20T02:33:43.273483+07:00 gov-ai-svr sshd[980553]: Invalid user admin from 87.251.64.144 port 24602
2026-04-20T02:33:43.480225+07:00 gov-ai-svr sshd[980553]: pam_unix(sshd:auth): check pass; user unknown
2026-04-20T02:33:43.480570+07:00 gov-ai-svr sshd[980553]: pam_unix(sshd:auth): authentication failure; logname= uid=0 euid=0 tty=ssh ruser= rhost=87.251.64.144 
2026-04-20T02:33:45.290126+07:00 gov-ai-svr sshd[980555]: Invalid user sol from 195.178.110.26 port 59128
2026-04-20T02:33:45.464882+07:00 gov-ai-svr sshd[980555]: pam_unix(sshd:auth): check pass; user unknown
2026-04-20T02:33:45.465232+07:00 gov-ai-svr sshd[980555]: pam_unix(sshd:auth): authentication failure; logname= uid=0 euid=0 tty=ssh ruser= rhost=195.178.110.26 
2026-04-20T02:33:45.597868+07:00 gov-ai-svr sshd[980553]: Failed password for invalid user admin from 87.251.64.144 port 24602 ssh2
2026-04-20T02:33:46.342866+07:00 gov-ai-svr sshd[980553]: Connection reset by invalid user admin 87.251.64.144 port 24602 [preauth]
2026-04-20T02:33:47.285998+07:00 gov-ai-svr sshd[980557]: Invalid user admin from 87.251.64.144 port 24620
2026-04-20T02:33:47.468700+07:00 gov-ai-svr sshd[980557]: pam_unix(sshd:auth): check pass; user unknown
2026-04-20T02:33:47.468942+07:00 gov-ai-svr sshd[980557]: pam_unix(sshd:auth): authentication failure; logname= uid=0 euid=0 tty=ssh ruser= rhost=87.251.64.144 
2026-04-20T02:33:47.524285+07:00 gov-ai-svr sshd[980555]: Failed password for invalid user sol from 195.178.110.26 port 59128 ssh2
2026-04-20T02:33:47.717973+07:00 gov-ai-svr sshd[980555]: Connection closed by invalid user sol 195.178.110.26 port 59128 [preauth]
2026-04-20T02:33:49.472466+07:00 gov-ai-svr sshd[980557]: Failed password for invalid user admin from 87.251.64.144 port 24620 ssh2
2026-04-20T02:33:50.338883+07:00 gov-ai-svr sshd[980557]: Connection reset by invalid user admin 87.251.64.144 port 24620 [preauth]
2026-04-20T02:33:51.391376+07:00 gov-ai-svr sshd[980560]: Invalid user admin from 87.251.64.144 port 24652
2026-04-20T02:33:51.595313+07:00 gov-ai-svr sshd[980560]: pam_unix(sshd:auth): check pass; user unknown
2026-04-20T02:33:51.595653+07:00 gov-ai-svr sshd[980560]: pam_unix(sshd:auth): authentication failure; logname= uid=0 euid=0 tty=ssh ruser= rhost=87.251.64.144 
2026-04-20T02:33:53.479311+07:00 gov-ai-svr sshd[980560]: Failed password for invalid user admin from 87.251.64.144 port 24652 ssh2
2026-04-20T02:33:54.501691+07:00 gov-ai-svr sshd[980560]: Connection reset by invalid user admin 87.251.64.144 port 24652 [preauth]
2026-04-20T02:33:55.974406+07:00 gov-ai-svr sshd[980562]: Invalid user admin from 87.251.64.144 port 58020
2026-04-20T02:33:56.209139+07:00 gov-ai-svr sshd[980562]: pam_unix(sshd:auth): check pass; user unknown
2026-04-20T02:33:56.209654+07:00 gov-ai-svr sshd[980562]: pam_unix(sshd:auth): authentication failure; logname= uid=0 euid=0 tty=ssh ruser= rhost=87.251.64.144 
2026-04-20T02:33:58.112847+07:00 gov-ai-svr sshd[980562]: Failed password for invalid user admin from 87.251.64.144 port 58020 ssh2
2026-04-20T02:33:59.101719+07:00 gov-ai-svr sshd[980562]: Connection reset by invalid user admin 87.251.64.144 port 58020 [preauth]
2026-04-20T02:34:00.364886+07:00 gov-ai-svr sshd[980565]: Invalid user admin from 87.251.64.144 port 58022
2026-04-20T02:34:00.559498+07:00 gov-ai-svr sshd[980565]: pam_unix(sshd:auth): check pass; user unknown
2026-04-20T02:34:00.559778+07:00 gov-ai-svr sshd[980565]: pam_unix(sshd:auth): authentication failure; logname= uid=0 euid=0 tty=ssh ruser= rhost=87.251.64.144 
2026-04-20T02:34:01.229470+07:00 gov-ai-svr CRON[980567]: pam_unix(cron:session): session opened for user debian(uid=1000) by debian(uid=0)
2026-04-20T02:34:02.678992+07:00 gov-ai-svr sshd[980565]: Failed password for invalid user admin from 87.251.64.144 port 58022 ssh2
2026-04-20T02:34:02.934727+07:00 gov-ai-svr sshd[980570]: pam_unix(sshd:auth): authentication failure; logname= uid=0 euid=0 tty=ssh ruser= rhost=45.148.10.151  user=root
2026-04-20T02:34:03.434523+07:00 gov-ai-svr sshd[980565]: Connection reset by invalid user admin 87.251.64.144 port 58022 [preauth]
2026-04-20T02:34:04.591990+07:00 gov-ai-svr sshd[980572]: Invalid user admin from 87.251.64.144 port 6950
2026-04-20T02:34:04.661737+07:00 gov-ai-svr sshd[980570]: Failed password for root from 45.148.10.151 port 51720 ssh2
2026-04-20T02:34:04.902265+07:00 gov-ai-svr sshd[980572]: pam_unix(sshd:auth): check pass; user unknown
2026-04-20T02:34:04.902547+07:00 gov-ai-svr sshd[980572]: pam_unix(sshd:auth): authentication failure; logname= uid=0 euid=0 tty=ssh ruser= rhost=87.251.64.144 
2026-04-20T02:34:06.570137+07:00 gov-ai-svr sshd[980572]: Failed password for invalid user admin from 87.251.64.144 port 6950 ssh2
2026-04-20T02:34:07.506352+07:00 gov-ai-svr sshd[980570]: Failed password for root from 45.148.10.151 port 51720 ssh2
2026-04-20T02:34:07.798569+07:00 gov-ai-svr sshd[980572]: Connection reset by invalid user admin 87.251.64.144 port 6950 [preauth]
2026-04-20T02:34:08.810420+07:00 gov-ai-svr sshd[980578]: Invalid user admin from 87.251.64.144 port 6982
2026-04-20T02:34:08.992683+07:00 gov-ai-svr sshd[980578]: pam_unix(sshd:auth): check pass; user unknown
2026-04-20T02:34:08.992915+07:00 gov-ai-svr sshd[980578]: pam_unix(sshd:auth): authentication failure; logname= uid=0 euid=0 tty=ssh ruser= rhost=87.251.64.144 
2026-04-20T02:34:09.423756+07:00 gov-ai-svr CRON[980567]: pam_unix(cron:session): session closed for user debian
2026-04-20T02:34:09.879093+07:00 gov-ai-svr sshd[980570]: Failed password for root from 45.148.10.151 port 51720 ssh2
2026-04-20T02:34:10.876355+07:00 gov-ai-svr sshd[980578]: Failed password for invalid user admin from 87.251.64.144 port 6982 ssh2
2026-04-20T02:34:11.869996+07:00 gov-ai-svr sshd[980578]: Connection reset by invalid user admin 87.251.64.144 port 6982 [preauth]
2026-04-20T02:34:12.380509+07:00 gov-ai-svr sshd[980580]: pam_unix(sshd:auth): authentication failure; logname= uid=0 euid=0 tty=ssh ruser= rhost=176.147.144.172  user=root
2026-04-20T02:34:12.392319+07:00 gov-ai-svr sshd[980570]: Failed password for root from 45.148.10.151 port 51720 ssh2
2026-04-20T02:34:12.887567+07:00 gov-ai-svr sshd[980582]: Invalid user boss from 87.251.64.144 port 40658
2026-04-20T02:34:13.083362+07:00 gov-ai-svr sshd[980582]: pam_unix(sshd:auth): check pass; user unknown
2026-04-20T02:34:13.083747+07:00 gov-ai-svr sshd[980582]: pam_unix(sshd:auth): authentication failure; logname= uid=0 euid=0 tty=ssh ruser= rhost=87.251.64.144 
2026-04-20T02:34:14.147871+07:00 gov-ai-svr sshd[980580]: Failed password for root from 176.147.144.172 port 56644 ssh2
2026-04-20T02:34:14.319900+07:00 gov-ai-svr sshd[980582]: Failed password for invalid user boss from 87.251.64.144 port 40658 ssh2
2026-04-20T02:34:14.433974+07:00 gov-ai-svr sshd[980570]: Failed password for root from 45.148.10.151 port 51720 ssh2
2026-04-20T02:34:14.797591+07:00 gov-ai-svr sshd[980580]: Received disconnect from 176.147.144.172 port 56644:11: Bye Bye [preauth]
2026-04-20T02:34:14.797930+07:00 gov-ai-svr sshd[980580]: Disconnected from authenticating user root 176.147.144.172 port 56644 [preauth]
2026-04-20T02:34:15.098833+07:00 gov-ai-svr sshd[980570]: Connection reset by authenticating user root 45.148.10.151 port 51720 [preauth]
2026-04-20T02:34:15.099858+07:00 gov-ai-svr sshd[980570]: PAM 4 more authentication failures; logname= uid=0 euid=0 tty=ssh ruser= rhost=45.148.10.151  user=root
2026-04-20T02:34:15.100182+07:00 gov-ai-svr sshd[980570]: PAM service(sshd) ignoring max retries; 5 > 3
2026-04-20T02:34:15.190824+07:00 gov-ai-svr sshd[980582]: Connection reset by invalid user boss 87.251.64.144 port 40658 [preauth]
2026-04-20T02:34:17.732333+07:00 gov-ai-svr sshd[980586]: Invalid user bot from 87.251.64.144 port 40670
2026-04-20T02:34:17.918156+07:00 gov-ai-svr sshd[980586]: pam_unix(sshd:auth): check pass; user unknown
2026-04-20T02:34:17.918395+07:00 gov-ai-svr sshd[980586]: pam_unix(sshd:auth): authentication failure; logname= uid=0 euid=0 tty=ssh ruser= rhost=87.251.64.144 
2026-04-20T02:34:20.038251+07:00 gov-ai-svr sshd[980586]: Failed password for invalid user bot from 87.251.64.144 port 40670 ssh2
2026-04-20T02:34:21.736665+07:00 gov-ai-svr sshd[980586]: Connection reset by invalid user bot 87.251.64.144 port 40670 [preauth]
2026-04-20T02:34:22.829189+07:00 gov-ai-svr sshd[980590]: Invalid user devuser from 87.251.64.144 port 43328
2026-04-20T02:34:23.028665+07:00 gov-ai-svr sshd[980590]: pam_unix(sshd:auth): check pass; user unknown
2026-04-20T02:34:23.029101+07:00 gov-ai-svr sshd[980590]: pam_unix(sshd:auth): authentication failure; logname= uid=0 euid=0 tty=ssh ruser= rhost=87.251.64.144 
2026-04-20T02:34:24.400250+07:00 gov-ai-svr sshd[980592]: Invalid user steam from 62.54.176.203 port 55754
2026-04-20T02:34:24.408364+07:00 gov-ai-svr sshd[980592]: pam_unix(sshd:auth): check pass; user unknown
2026-04-20T02:34:24.408544+07:00 gov-ai-svr sshd[980592]: pam_unix(sshd:auth): authentication failure; logname= uid=0 euid=0 tty=ssh ruser= rhost=62.54.176.203 
2026-04-20T02:34:24.971379+07:00 gov-ai-svr sshd[980590]: Failed password for invalid user devuser from 87.251.64.144 port 43328 ssh2
2026-04-20T02:34:25.913459+07:00 gov-ai-svr sshd[980590]: Connection reset by invalid user devuser 87.251.64.144 port 43328 [preauth]
2026-04-20T02:34:26.156479+07:00 gov-ai-svr sshd[980592]: Failed password for invalid user steam from 62.54.176.203 port 55754 ssh2
2026-04-20T02:34:26.685499+07:00 gov-ai-svr sshd[980592]: Received disconnect from 62.54.176.203 port 55754:11: Bye Bye [preauth]
2026-04-20T02:34:26.685852+07:00 gov-ai-svr sshd[980592]: Disconnected from invalid user steam 62.54.176.203 port 55754 [preauth]
2026-04-20T02:34:26.908305+07:00 gov-ai-svr sshd[980595]: Invalid user elastic from 87.251.64.144 port 43336
2026-04-20T02:34:27.147606+07:00 gov-ai-svr sshd[980595]: pam_unix(sshd:auth): check pass; user unknown
2026-04-20T02:34:27.147883+07:00 gov-ai-svr sshd[980595]: pam_unix(sshd:auth): authentication failure; logname= uid=0 euid=0 tty=ssh ruser= rhost=87.251.64.144 
2026-04-20T02:34:28.639879+07:00 gov-ai-svr sshd[980595]: Failed password for invalid user elastic from 87.251.64.144 port 43336 ssh2
2026-04-20T02:34:30.410299+07:00 gov-ai-svr sshd[980595]: Connection reset by invalid user elastic 87.251.64.144 port 43336 [preauth]
2026-04-20T02:34:31.437388+07:00 gov-ai-svr sshd[980601]: Invalid user elastic from 87.251.64.144 port 43348
2026-04-20T02:34:31.645849+07:00 gov-ai-svr sshd[980601]: pam_unix(sshd:auth): check pass; user unknown
2026-04-20T02:34:31.646145+07:00 gov-ai-svr sshd[980601]: pam_unix(sshd:auth): authentication failure; logname= uid=0 euid=0 tty=ssh ruser= rhost=87.251.64.144 
2026-04-20T02:34:33.022412+07:00 gov-ai-svr sshd[980601]: Failed password for invalid user elastic from 87.251.64.144 port 43348 ssh2
2026-04-20T02:34:34.472126+07:00 gov-ai-svr sshd[980601]: Connection reset by invalid user elastic 87.251.64.144 port 43348 [preauth]
2026-04-20T02:34:35.729169+07:00 gov-ai-svr sshd[980603]: Invalid user ftp from 87.251.64.144 port 2034
2026-04-20T02:34:35.912528+07:00 gov-ai-svr sshd[980603]: pam_unix(sshd:auth): check pass; user unknown
2026-04-20T02:34:35.912726+07:00 gov-ai-svr sshd[980603]: pam_unix(sshd:auth): authentication failure; logname= uid=0 euid=0 tty=ssh ruser= rhost=87.251.64.144 
2026-04-20T02:34:37.836439+07:00 gov-ai-svr sshd[980603]: Failed password for invalid user ftp from 87.251.64.144 port 2034 ssh2
2026-04-20T02:34:40.003935+07:00 gov-ai-svr sshd[980606]: pam_unix(sshd:auth): authentication failure; logname= uid=0 euid=0 tty=ssh ruser= rhost=198.50.152.30  user=root
2026-04-20T02:34:40.354682+07:00 gov-ai-svr sshd[980603]: Connection reset by invalid user ftp 87.251.64.144 port 2034 [preauth]
2026-04-20T02:34:41.623768+07:00 gov-ai-svr sshd[980608]: Invalid user ftpuser from 87.251.64.144 port 2092
2026-04-20T02:34:41.884766+07:00 gov-ai-svr sshd[980608]: pam_unix(sshd:auth): check pass; user unknown
2026-04-20T02:34:41.885079+07:00 gov-ai-svr sshd[980608]: pam_unix(sshd:auth): authentication failure; logname= uid=0 euid=0 tty=ssh ruser= rhost=87.251.64.144 
2026-04-20T02:34:41.946989+07:00 gov-ai-svr sshd[980606]: Failed password for root from 198.50.152.30 port 60484 ssh2
2026-04-20T02:34:42.552934+07:00 gov-ai-svr sshd[980606]: Connection closed by authenticating user root 198.50.152.30 port 60484 [preauth]
2026-04-20T02:34:44.631645+07:00 gov-ai-svr sshd[980608]: Failed password for invalid user ftpuser from 87.251.64.144 port 2092 ssh2
2026-04-20T02:34:47.482847+07:00 gov-ai-svr sshd[980608]: Connection reset by invalid user ftpuser 87.251.64.144 port 2092 [preauth]
2026-04-20T02:34:48.471473+07:00 gov-ai-svr sshd[980611]: Invalid user git from 87.251.64.144 port 3234
2026-04-20T02:34:49.153217+07:00 gov-ai-svr sshd[980611]: pam_unix(sshd:auth): check pass; user unknown
2026-04-20T02:34:49.153561+07:00 gov-ai-svr sshd[980611]: pam_unix(sshd:auth): authentication failure; logname= uid=0 euid=0 tty=ssh ruser= rhost=87.251.64.144 
2026-04-20T02:34:50.665695+07:00 gov-ai-svr sshd[980611]: Failed password for invalid user git from 87.251.64.144 port 3234 ssh2
2026-04-20T02:34:51.246396+07:00 gov-ai-svr sshd[980611]: Connection reset by invalid user git 87.251.64.144 port 3234 [preauth]
2026-04-20T02:34:52.365858+07:00 gov-ai-svr sshd[980613]: Invalid user git from 87.251.64.144 port 49030
2026-04-20T02:34:52.574129+07:00 gov-ai-svr sshd[980613]: pam_unix(sshd:auth): check pass; user unknown
2026-04-20T02:34:52.574317+07:00 gov-ai-svr sshd[980613]: pam_unix(sshd:auth): authentication failure; logname= uid=0 euid=0 tty=ssh ruser= rhost=87.251.64.144 
2026-04-20T02:34:54.497961+07:00 gov-ai-svr sshd[980613]: Failed password for invalid user git from 87.251.64.144 port 49030 ssh2
2026-04-20T02:34:56.528690+07:00 gov-ai-svr sshd[980613]: Connection reset by invalid user git 87.251.64.144 port 49030 [preauth]
2026-04-20T02:34:57.856478+07:00 gov-ai-svr sshd[980616]: Invalid user inspur from 87.251.64.144 port 49040
2026-04-20T02:34:58.071951+07:00 gov-ai-svr sshd[980616]: pam_unix(sshd:auth): check pass; user unknown
2026-04-20T02:34:58.072428+07:00 gov-ai-svr sshd[980616]: pam_unix(sshd:auth): authentication failure; logname= uid=0 euid=0 tty=ssh ruser= rhost=87.251.64.144 
2026-04-20T02:34:59.820161+07:00 gov-ai-svr sshd[980616]: Failed password for invalid user inspur from 87.251.64.144 port 49040 ssh2
2026-04-20T02:35:00.359874+07:00 gov-ai-svr sshd[980616]: Connection reset by invalid user inspur 87.251.64.144 port 49040 [preauth]
2026-04-20T02:35:01.401463+07:00 gov-ai-svr sshd[980620]: Invalid user manager from 87.251.64.144 port 49056
2026-04-20T02:35:01.433839+07:00 gov-ai-svr CRON[980623]: pam_unix(cron:session): session opened for user root(uid=0) by root(uid=0)
2026-04-20T02:35:01.436261+07:00 gov-ai-svr CRON[980624]: pam_unix(cron:session): session opened for user debian(uid=1000) by debian(uid=0)
2026-04-20T02:35:01.441123+07:00 gov-ai-svr CRON[980623]: pam_unix(cron:session): session closed for user root
2026-04-20T02:35:01.605088+07:00 gov-ai-svr sshd[980620]: pam_unix(sshd:auth): check pass; user unknown
2026-04-20T02:35:01.605343+07:00 gov-ai-svr sshd[980620]: pam_unix(sshd:auth): authentication failure; logname= uid=0 euid=0 tty=ssh ruser= rhost=87.251.64.144 
2026-04-20T02:35:03.764938+07:00 gov-ai-svr sshd[980620]: Failed password for invalid user manager from 87.251.64.144 port 49056 ssh2
2026-04-20T02:35:05.519178+07:00 gov-ai-svr sshd[980620]: Connection reset by invalid user manager 87.251.64.144 port 49056 [preauth]
2026-04-20T02:35:06.519115+07:00 gov-ai-svr sshd[980629]: Invalid user mc from 87.251.64.144 port 2178
2026-04-20T02:35:06.740197+07:00 gov-ai-svr sshd[980629]: pam_unix(sshd:auth): check pass; user unknown
2026-04-20T02:35:06.740494+07:00 gov-ai-svr sshd[980629]: pam_unix(sshd:auth): authentication failure; logname= uid=0 euid=0 tty=ssh ruser= rhost=87.251.64.144 
2026-04-20T02:35:08.588981+07:00 gov-ai-svr sshd[980629]: Failed password for invalid user mc from 87.251.64.144 port 2178 ssh2
2026-04-20T02:35:09.631931+07:00 gov-ai-svr sshd[980633]: pam_unix(sshd:auth): authentication failure; logname= uid=0 euid=0 tty=ssh ruser= rhost=195.178.110.26  user=debian
2026-04-20T02:35:09.634704+07:00 gov-ai-svr sshd[980629]: Connection reset by invalid user mc 87.251.64.144 port 2178 [preauth]
2026-04-20T02:35:11.223814+07:00 gov-ai-svr sshd[980633]: Failed password for debian from 195.178.110.26 port 44294 ssh2
2026-04-20T02:35:11.680721+07:00 gov-ai-svr sshd[980633]: Connection closed by authenticating user debian 195.178.110.26 port 44294 [preauth]
2026-04-20T02:35:11.963424+07:00 gov-ai-svr CRON[980624]: pam_unix(cron:session): session closed for user debian
2026-04-20T02:35:15.962437+07:00 gov-ai-svr sshd[980638]: Invalid user claude from 181.123.136.11 port 40470
2026-04-20T02:35:15.969057+07:00 gov-ai-svr sshd[980638]: pam_unix(sshd:auth): check pass; user unknown
2026-04-20T02:35:15.969300+07:00 gov-ai-svr sshd[980638]: pam_unix(sshd:auth): authentication failure; logname= uid=0 euid=0 tty=ssh ruser= rhost=181.123.136.11 
2026-04-20T02:35:18.053306+07:00 gov-ai-svr sshd[980638]: Failed password for invalid user claude from 181.123.136.11 port 40470 ssh2
2026-04-20T02:35:19.898583+07:00 gov-ai-svr sshd[980638]: Received disconnect from 181.123.136.11 port 40470:11: Bye Bye [preauth]
2026-04-20T02:35:19.898917+07:00 gov-ai-svr sshd[980638]: Disconnected from invalid user claude 181.123.136.11 port 40470 [preauth]
2026-04-20T02:35:32.783587+07:00 gov-ai-svr sshd[980642]: pam_unix(sshd:auth): authentication failure; logname= uid=0 euid=0 tty=ssh ruser= rhost=176.147.144.172  user=root
2026-04-20T02:35:34.531236+07:00 gov-ai-svr sshd[980642]: Failed password for root from 176.147.144.172 port 47730 ssh2
2026-04-20T02:35:35.206456+07:00 gov-ai-svr sshd[980642]: Received disconnect from 176.147.144.172 port 47730:11: Bye Bye [preauth]
2026-04-20T02:35:35.206854+07:00 gov-ai-svr sshd[980642]: Disconnected from authenticating user root 176.147.144.172 port 47730 [preauth]
2026-04-20T02:35:47.605627+07:00 gov-ai-svr sshd[980645]: pam_unix(sshd:auth): authentication failure; logname= uid=0 euid=0 tty=ssh ruser= rhost=218.4.91.163  user=postgres
2026-04-20T02:35:49.413466+07:00 gov-ai-svr sshd[980645]: Failed password for postgres from 218.4.91.163 port 46920 ssh2
2026-04-20T02:35:49.881651+07:00 gov-ai-svr sshd[980648]: pam_unix(sshd:auth): authentication failure; logname= uid=0 euid=0 tty=ssh ruser= rhost=92.118.39.236  user=root
2026-04-20T02:35:49.922320+07:00 gov-ai-svr sshd[980645]: Received disconnect from 218.4.91.163 port 46920:11: Bye Bye [preauth]
2026-04-20T02:35:49.922575+07:00 gov-ai-svr sshd[980645]: Disconnected from authenticating user postgres 218.4.91.163 port 46920 [preauth]
2026-04-20T02:35:50.863074+07:00 gov-ai-svr sshd[980650]: pam_unix(sshd:auth): authentication failure; logname= uid=0 euid=0 tty=ssh ruser= rhost=62.54.176.203  user=root
2026-04-20T02:35:51.965255+07:00 gov-ai-svr sshd[980648]: Failed password for root from 92.118.39.236 port 52074 ssh2
2026-04-20T02:35:52.750712+07:00 gov-ai-svr sshd[980650]: Failed password for root from 62.54.176.203 port 53846 ssh2
2026-04-20T02:35:53.294585+07:00 gov-ai-svr sshd[980650]: Received disconnect from 62.54.176.203 port 53846:11: Bye Bye [preauth]
2026-04-20T02:35:53.294923+07:00 gov-ai-svr sshd[980650]: Disconnected from authenticating user root 62.54.176.203 port 53846 [preauth]
2026-04-20T02:35:54.171249+07:00 gov-ai-svr sshd[980648]: Failed password for root from 92.118.39.236 port 52074 ssh2
2026-04-20T02:35:57.239605+07:00 gov-ai-svr sshd[980648]: Failed password for root from 92.118.39.236 port 52074 ssh2
2026-04-20T02:35:59.633215+07:00 gov-ai-svr sshd[980653]: pam_unix(sshd:auth): authentication failure; logname= uid=0 euid=0 tty=ssh ruser= rhost=198.50.152.30  user=root
2026-04-20T02:36:01.651250+07:00 gov-ai-svr sshd[980648]: Failed password for root from 92.118.39.236 port 52074 ssh2
2026-04-20T02:36:01.756712+07:00 gov-ai-svr sshd[980653]: Failed password for root from 198.50.152.30 port 56512 ssh2
2026-04-20T02:36:01.975523+07:00 gov-ai-svr CRON[980656]: pam_unix(cron:session): session opened for user debian(uid=1000) by debian(uid=0)
2026-04-20T02:36:02.216513+07:00 gov-ai-svr sshd[980653]: Connection closed by authenticating user root 198.50.152.30 port 56512 [preauth]
2026-04-20T02:36:04.051114+07:00 gov-ai-svr sshd[980648]: Failed password for root from 92.118.39.236 port 52074 ssh2
2026-04-20T02:36:04.449931+07:00 gov-ai-svr sshd[980648]: Connection reset by authenticating user root 92.118.39.236 port 52074 [preauth]
2026-04-20T02:36:04.450820+07:00 gov-ai-svr sshd[980648]: PAM 4 more authentication failures; logname= uid=0 euid=0 tty=ssh ruser= rhost=92.118.39.236  user=root
2026-04-20T02:36:04.451066+07:00 gov-ai-svr sshd[980648]: PAM service(sshd) ignoring max retries; 5 > 3
2026-04-20T02:36:10.519873+07:00 gov-ai-svr CRON[980656]: pam_unix(cron:session): session closed for user debian
2026-04-20T02:36:33.904905+07:00 gov-ai-svr sshd[980667]: pam_unix(sshd:auth): authentication failure; logname= uid=0 euid=0 tty=ssh ruser= rhost=195.178.110.26  user=debian
2026-04-20T02:36:36.028463+07:00 gov-ai-svr sshd[980667]: Failed password for debian from 195.178.110.26 port 57690 ssh2
2026-04-20T02:36:37.848712+07:00 gov-ai-svr sshd[980667]: Connection closed by authenticating user debian 195.178.110.26 port 57690 [preauth]
2026-04-20T02:36:55.689421+07:00 gov-ai-svr sshd[980671]: pam_unix(sshd:auth): authentication failure; logname= uid=0 euid=0 tty=ssh ruser= rhost=176.147.144.172  user=root
2026-04-20T02:36:58.500711+07:00 gov-ai-svr sshd[980671]: Failed password for root from 176.147.144.172 port 41080 ssh2
2026-04-20T02:37:00.371839+07:00 gov-ai-svr sshd[980671]: Received disconnect from 176.147.144.172 port 41080:11: Bye Bye [preauth]
2026-04-20T02:37:00.372185+07:00 gov-ai-svr sshd[980671]: Disconnected from authenticating user root 176.147.144.172 port 41080 [preauth]
2026-04-20T02:37:01.532112+07:00 gov-ai-svr CRON[980676]: pam_unix(cron:session): session opened for user debian(uid=1000) by debian(uid=0)
2026-04-20T02:37:12.507880+07:00 gov-ai-svr CRON[980676]: pam_unix(cron:session): session closed for user debian
2026-04-20T02:37:15.632973+07:00 gov-ai-svr sshd[980684]: Invalid user tuser from 181.123.136.11 port 52616
2026-04-20T02:37:15.640400+07:00 gov-ai-svr sshd[980684]: pam_unix(sshd:auth): check pass; user unknown
2026-04-20T02:37:15.640698+07:00 gov-ai-svr sshd[980684]: pam_unix(sshd:auth): authentication failure; logname= uid=0 euid=0 tty=ssh ruser= rhost=181.123.136.11 
2026-04-20T02:37:17.528125+07:00 gov-ai-svr sshd[980684]: Failed password for invalid user tuser from 181.123.136.11 port 52616 ssh2
2026-04-20T02:37:18.334672+07:00 gov-ai-svr sshd[980684]: Received disconnect from 181.123.136.11 port 52616:11: Bye Bye [preauth]
2026-04-20T02:37:18.335243+07:00 gov-ai-svr sshd[980684]: Disconnected from invalid user tuser 181.123.136.11 port 52616 [preauth]
2026-04-20T02:37:19.713369+07:00 gov-ai-svr sshd[980687]: Invalid user claude from 62.54.176.203 port 51860
2026-04-20T02:37:19.721132+07:00 gov-ai-svr sshd[980687]: pam_unix(sshd:auth): check pass; user unknown
2026-04-20T02:37:19.721320+07:00 gov-ai-svr sshd[980687]: pam_unix(sshd:auth): authentication failure; logname= uid=0 euid=0 tty=ssh ruser= rhost=62.54.176.203 
2026-04-20T02:37:21.431616+07:00 gov-ai-svr sshd[980689]: Invalid user testuser from 198.50.152.30 port 45000
2026-04-20T02:37:21.438369+07:00 gov-ai-svr sshd[980689]: pam_unix(sshd:auth): check pass; user unknown
2026-04-20T02:37:21.438556+07:00 gov-ai-svr sshd[980689]: pam_unix(sshd:auth): authentication failure; logname= uid=0 euid=0 tty=ssh ruser= rhost=198.50.152.30 
2026-04-20T02:37:22.161645+07:00 gov-ai-svr sshd[980687]: Failed password for invalid user claude from 62.54.176.203 port 51860 ssh2
2026-04-20T02:37:23.151740+07:00 gov-ai-svr sshd[980689]: Failed password for invalid user testuser from 198.50.152.30 port 45000 ssh2
2026-04-20T02:37:23.503662+07:00 gov-ai-svr sshd[980687]: Received disconnect from 62.54.176.203 port 51860:11: Bye Bye [preauth]
2026-04-20T02:37:23.504000+07:00 gov-ai-svr sshd[980687]: Disconnected from invalid user claude 62.54.176.203 port 51860 [preauth]
2026-04-20T02:37:23.550155+07:00 gov-ai-svr sshd[980689]: Connection closed by invalid user testuser 198.50.152.30 port 45000 [preauth]
2026-04-20T02:37:37.970096+07:00 gov-ai-svr sshd[980693]: pam_unix(sshd:auth): authentication failure; logname= uid=0 euid=0 tty=ssh ruser= rhost=92.118.39.235  user=root
2026-04-20T02:37:40.545515+07:00 gov-ai-svr sshd[980693]: Failed password for root from 92.118.39.235 port 16134 ssh2
2026-04-20T02:37:52.787796+07:00 gov-ai-svr sshd[980693]: message repeated 3 times: [ Failed password for root from 92.118.39.235 port 16134 ssh2]
2026-04-20T02:37:55.682628+07:00 gov-ai-svr sshd[980698]: Invalid user test from 106.252.57.21 port 50690
2026-04-20T02:37:55.689430+07:00 gov-ai-svr sshd[980698]: pam_unix(sshd:auth): check pass; user unknown
2026-04-20T02:37:55.689671+07:00 gov-ai-svr sshd[980698]: pam_unix(sshd:auth): authentication failure; logname= uid=0 euid=0 tty=ssh ruser= rhost=106.252.57.21 
2026-04-20T02:37:56.869542+07:00 gov-ai-svr sshd[980693]: Failed password for root from 92.118.39.235 port 16134 ssh2
2026-04-20T02:37:57.092355+07:00 gov-ai-svr sshd[980693]: Connection reset by authenticating user root 92.118.39.235 port 16134 [preauth]
2026-04-20T02:37:57.093338+07:00 gov-ai-svr sshd[980693]: PAM 4 more authentication failures; logname= uid=0 euid=0 tty=ssh ruser= rhost=92.118.39.235  user=root
2026-04-20T02:37:57.093594+07:00 gov-ai-svr sshd[980693]: PAM service(sshd) ignoring max retries; 5 > 3
2026-04-20T02:37:58.069959+07:00 gov-ai-svr sshd[980698]: Failed password for invalid user test from 106.252.57.21 port 50690 ssh2
2026-04-20T02:38:00.031557+07:00 gov-ai-svr sshd[980698]: Received disconnect from 106.252.57.21 port 50690:11: Bye Bye [preauth]
2026-04-20T02:38:00.031885+07:00 gov-ai-svr sshd[980698]: Disconnected from invalid user test 106.252.57.21 port 50690 [preauth]
2026-04-20T02:38:01.099686+07:00 gov-ai-svr sshd[980701]: pam_unix(sshd:auth): authentication failure; logname= uid=0 euid=0 tty=ssh ruser= rhost=195.178.110.26  user=debian
2026-04-20T02:38:01.521584+07:00 gov-ai-svr CRON[980703]: pam_unix(cron:session): session opened for user debian(uid=1000) by debian(uid=0)
2026-04-20T02:38:03.971104+07:00 gov-ai-svr sshd[980701]: Failed password for debian from 195.178.110.26 port 42888 ssh2
2026-04-20T02:38:05.043886+07:00 gov-ai-svr sshd[980701]: Connection closed by authenticating user debian 195.178.110.26 port 42888 [preauth]
2026-04-20T02:38:09.710564+07:00 gov-ai-svr CRON[980703]: pam_unix(cron:session): session closed for user debian
2026-04-20T02:38:21.427869+07:00 gov-ai-svr sshd[980711]: pam_unix(sshd:auth): authentication failure; logname= uid=0 euid=0 tty=ssh ruser= rhost=176.147.144.172  user=root
2026-04-20T02:38:23.376396+07:00 gov-ai-svr sshd[980711]: Failed password for root from 176.147.144.172 port 60056 ssh2
2026-04-20T02:38:23.848317+07:00 gov-ai-svr sshd[980711]: Received disconnect from 176.147.144.172 port 60056:11: Bye Bye [preauth]
2026-04-20T02:38:23.848603+07:00 gov-ai-svr sshd[980711]: Disconnected from authenticating user root 176.147.144.172 port 60056 [preauth]
2026-04-20T02:38:45.234940+07:00 gov-ai-svr sshd[980725]: pam_unix(sshd:auth): authentication failure; logname= uid=0 euid=0 tty=ssh ruser= rhost=198.50.152.30  user=root
2026-04-20T02:38:46.480291+07:00 gov-ai-svr sshd[980725]: Failed password for root from 198.50.152.30 port 45000 ssh2
2026-04-20T02:38:47.827220+07:00 gov-ai-svr sshd[980725]: Connection closed by authenticating user root 198.50.152.30 port 45000 [preauth]
2026-04-20T02:38:49.874484+07:00 gov-ai-svr sshd[980728]: Invalid user minecraft from 62.54.176.203 port 52264
2026-04-20T02:38:49.881298+07:00 gov-ai-svr sshd[980728]: pam_unix(sshd:auth): check pass; user unknown
2026-04-20T02:38:49.881569+07:00 gov-ai-svr sshd[980728]: pam_unix(sshd:auth): authentication failure; logname= uid=0 euid=0 tty=ssh ruser= rhost=62.54.176.203 
2026-04-20T02:38:52.342204+07:00 gov-ai-svr sshd[980728]: Failed password for invalid user minecraft from 62.54.176.203 port 52264 ssh2
2026-04-20T02:38:54.168397+07:00 gov-ai-svr sshd[980728]: Received disconnect from 62.54.176.203 port 52264:11: Bye Bye [preauth]
2026-04-20T02:38:54.168854+07:00 gov-ai-svr sshd[980728]: Disconnected from invalid user minecraft 62.54.176.203 port 52264 [preauth]
2026-04-20T02:39:01.723728+07:00 gov-ai-svr CRON[980736]: pam_unix(cron:session): session opened for user debian(uid=1000) by debian(uid=0)
2026-04-20T02:39:12.554205+07:00 gov-ai-svr CRON[980736]: pam_unix(cron:session): session closed for user debian
2026-04-20T02:39:16.623187+07:00 gov-ai-svr sshd[980746]: pam_unix(sshd:auth): authentication failure; logname= uid=0 euid=0 tty=ssh ruser= rhost=201.217.12.57  user=root
2026-04-20T02:39:18.455118+07:00 gov-ai-svr sshd[980746]: Failed password for root from 201.217.12.57 port 58308 ssh2
2026-04-20T02:39:19.274978+07:00 gov-ai-svr sshd[980746]: Received disconnect from 201.217.12.57 port 58308:11: Bye Bye [preauth]
2026-04-20T02:39:19.275391+07:00 gov-ai-svr sshd[980746]: Disconnected from authenticating user root 201.217.12.57 port 58308 [preauth]
2026-04-20T02:39:26.088559+07:00 gov-ai-svr sshd[980751]: Invalid user validator from 195.178.110.26 port 56320
2026-04-20T02:39:26.264000+07:00 gov-ai-svr sshd[980751]: pam_unix(sshd:auth): check pass; user unknown
2026-04-20T02:39:26.264391+07:00 gov-ai-svr sshd[980751]: pam_unix(sshd:auth): authentication failure; logname= uid=0 euid=0 tty=ssh ruser= rhost=195.178.110.26 
2026-04-20T02:39:26.484809+07:00 gov-ai-svr sshd[980749]: pam_unix(sshd:auth): authentication failure; logname= uid=0 euid=0 tty=ssh ruser= rhost=92.118.39.236  user=root
2026-04-20T02:39:28.137275+07:00 gov-ai-svr sshd[980751]: Failed password for invalid user validator from 195.178.110.26 port 56320 ssh2
2026-04-20T02:39:28.357883+07:00 gov-ai-svr sshd[980749]: Failed password for root from 92.118.39.236 port 26064 ssh2
2026-04-20T02:39:29.981852+07:00 gov-ai-svr sshd[980751]: Connection closed by invalid user validator 195.178.110.26 port 56320 [preauth]
2026-04-20T02:39:30.765123+07:00 gov-ai-svr sshd[980749]: Failed password for root from 92.118.39.236 port 26064 ssh2
2026-04-20T02:39:38.600415+07:00 gov-ai-svr sshd[980749]: message repeated 3 times: [ Failed password for root from 92.118.39.236 port 26064 ssh2]
2026-04-20T02:39:38.822790+07:00 gov-ai-svr sshd[980749]: Connection reset by authenticating user root 92.118.39.236 port 26064 [preauth]
2026-04-20T02:39:38.824124+07:00 gov-ai-svr sshd[980749]: PAM 4 more authentication failures; logname= uid=0 euid=0 tty=ssh ruser= rhost=92.118.39.236  user=root
2026-04-20T02:39:38.824369+07:00 gov-ai-svr sshd[980749]: PAM service(sshd) ignoring max retries; 5 > 3
2026-04-20T02:39:44.034075+07:00 gov-ai-svr sshd[980761]: Invalid user steam from 176.147.144.172 port 37462
2026-04-20T02:39:44.040873+07:00 gov-ai-svr sshd[980761]: pam_unix(sshd:auth): check pass; user unknown
2026-04-20T02:39:44.041119+07:00 gov-ai-svr sshd[980761]: pam_unix(sshd:auth): authentication failure; logname= uid=0 euid=0 tty=ssh ruser= rhost=176.147.144.172 
2026-04-20T02:39:45.073243+07:00 gov-ai-svr sshd[980757]: Connection closed by 86.54.31.40 port 44070 [preauth]
2026-04-20T02:39:45.718784+07:00 gov-ai-svr sshd[980761]: Failed password for invalid user steam from 176.147.144.172 port 37462 ssh2
2026-04-20T02:39:45.865337+07:00 gov-ai-svr sshd[980759]: Connection closed by 86.54.31.40 port 44084 [preauth]
2026-04-20T02:39:46.291714+07:00 gov-ai-svr sshd[980761]: Received disconnect from 176.147.144.172 port 37462:11: Bye Bye [preauth]
2026-04-20T02:39:46.292125+07:00 gov-ai-svr sshd[980761]: Disconnected from invalid user steam 176.147.144.172 port 37462 [preauth]
2026-04-20T02:40:01.567390+07:00 gov-ai-svr CRON[980769]: pam_unix(cron:session): session opened for user debian(uid=1000) by debian(uid=0)
2026-04-20T02:40:08.859813+07:00 gov-ai-svr CRON[980769]: pam_unix(cron:session): session closed for user debian
2026-04-20T02:40:10.034487+07:00 gov-ai-svr sshd[980773]: pam_unix(sshd:auth): authentication failure; logname= uid=0 euid=0 tty=ssh ruser= rhost=198.50.152.30  user=root
2026-04-20T02:40:12.614806+07:00 gov-ai-svr sshd[980773]: Failed password for root from 198.50.152.30 port 45378 ssh2
2026-04-20T02:40:14.921202+07:00 gov-ai-svr sshd[980773]: Connection closed by authenticating user root 198.50.152.30 port 45378 [preauth]
2026-04-20T02:40:17.905940+07:00 gov-ai-svr sshd[980779]: pam_unix(sshd:auth): authentication failure; logname= uid=0 euid=0 tty=ssh ruser= rhost=62.54.176.203  user=root
2026-04-20T02:40:19.447534+07:00 gov-ai-svr sshd[980779]: Failed password for root from 62.54.176.203 port 51936 ssh2
2026-04-20T02:40:20.334112+07:00 gov-ai-svr sshd[980779]: Received disconnect from 62.54.176.203 port 51936:11: Bye Bye [preauth]
2026-04-20T02:40:20.334613+07:00 gov-ai-svr sshd[980779]: Disconnected from authenticating user root 62.54.176.203 port 51936 [preauth]
2026-04-20T02:40:21.664610+07:00 gov-ai-svr sshd[980781]: Invalid user alba from 218.4.91.162 port 40392
2026-04-20T02:40:21.670747+07:00 gov-ai-svr sshd[980781]: pam_unix(sshd:auth): check pass; user unknown
2026-04-20T02:40:21.671038+07:00 gov-ai-svr sshd[980781]: pam_unix(sshd:auth): authentication failure; logname= uid=0 euid=0 tty=ssh ruser= rhost=218.4.91.162 
2026-04-20T02:40:23.760369+07:00 gov-ai-svr sshd[980781]: Failed password for invalid user alba from 218.4.91.162 port 40392 ssh2
2026-04-20T02:40:25.749560+07:00 gov-ai-svr sshd[980781]: Received disconnect from 218.4.91.162 port 40392:11: Bye Bye [preauth]
2026-04-20T02:40:25.749878+07:00 gov-ai-svr sshd[980781]: Disconnected from invalid user alba 218.4.91.162 port 40392 [preauth]
2026-04-20T02:41:01.873310+07:00 gov-ai-svr CRON[980795]: pam_unix(cron:session): session opened for user debian(uid=1000) by debian(uid=0)
2026-04-20T02:41:06.150523+07:00 gov-ai-svr sshd[980799]: Invalid user smbuser from 176.147.144.172 port 59768
2026-04-20T02:41:06.157863+07:00 gov-ai-svr sshd[980799]: pam_unix(sshd:auth): check pass; user unknown
2026-04-20T02:41:06.158107+07:00 gov-ai-svr sshd[980799]: pam_unix(sshd:auth): authentication failure; logname= uid=0 euid=0 tty=ssh ruser= rhost=176.147.144.172 
2026-04-20T02:41:07.490400+07:00 gov-ai-svr sshd[980798]: Invalid user oracle from 218.4.91.163 port 48714
2026-04-20T02:41:07.496946+07:00 gov-ai-svr sshd[980798]: pam_unix(sshd:auth): check pass; user unknown
2026-04-20T02:41:07.497147+07:00 gov-ai-svr sshd[980798]: pam_unix(sshd:auth): authentication failure; logname= uid=0 euid=0 tty=ssh ruser= rhost=218.4.91.163 
2026-04-20T02:41:08.091895+07:00 gov-ai-svr sshd[980799]: Failed password for invalid user smbuser from 176.147.144.172 port 59768 ssh2
2026-04-20T02:41:08.477509+07:00 gov-ai-svr sshd[980799]: Received disconnect from 176.147.144.172 port 59768:11: Bye Bye [preauth]
2026-04-20T02:41:08.477777+07:00 gov-ai-svr sshd[980799]: Disconnected from invalid user smbuser 176.147.144.172 port 59768 [preauth]
2026-04-20T02:41:09.638949+07:00 gov-ai-svr CRON[980795]: pam_unix(cron:session): session closed for user debian
2026-04-20T02:41:09.902785+07:00 gov-ai-svr sshd[980798]: Failed password for invalid user oracle from 218.4.91.163 port 48714 ssh2
2026-04-20T02:41:10.898655+07:00 gov-ai-svr sshd[980798]: Received disconnect from 218.4.91.163 port 48714:11: Bye Bye [preauth]
2026-04-20T02:41:10.899127+07:00 gov-ai-svr sshd[980798]: Disconnected from invalid user oracle 218.4.91.163 port 48714 [preauth]
2026-04-20T02:41:12.621062+07:00 gov-ai-svr sshd[980807]: pam_unix(sshd:auth): authentication failure; logname= uid=0 euid=0 tty=ssh ruser= rhost=181.123.136.11  user=root
2026-04-20T02:41:13.091477+07:00 gov-ai-svr sshd[980809]: pam_unix(sshd:auth): authentication failure; logname= uid=0 euid=0 tty=ssh ruser= rhost=2.57.122.196  user=root
2026-04-20T02:41:14.378592+07:00 gov-ai-svr sshd[980807]: Failed password for root from 181.123.136.11 port 40564 ssh2
2026-04-20T02:41:15.248273+07:00 gov-ai-svr sshd[980807]: Received disconnect from 181.123.136.11 port 40564:11: Bye Bye [preauth]
2026-04-20T02:41:15.248646+07:00 gov-ai-svr sshd[980807]: Disconnected from authenticating user root 181.123.136.11 port 40564 [preauth]
2026-04-20T02:41:15.320726+07:00 gov-ai-svr sshd[980809]: Failed password for root from 2.57.122.196 port 1990 ssh2
2026-04-20T02:41:17.066297+07:00 gov-ai-svr sshd[980809]: Failed password for root from 2.57.122.196 port 1990 ssh2
2026-04-20T02:41:18.068796+07:00 gov-ai-svr sshd[980811]: Connection closed by 195.178.110.26 port 56316
2026-04-20T02:41:19.950763+07:00 gov-ai-svr sshd[980809]: Failed password for root from 2.57.122.196 port 1990 ssh2
2026-04-20T02:41:24.781743+07:00 gov-ai-svr sshd[980809]: message repeated 2 times: [ Failed password for root from 2.57.122.196 port 1990 ssh2]
2026-04-20T02:41:25.456421+07:00 gov-ai-svr sshd[980809]: Connection reset by authenticating user root 2.57.122.196 port 1990 [preauth]
2026-04-20T02:41:25.457397+07:00 gov-ai-svr sshd[980809]: PAM 4 more authentication failures; logname= uid=0 euid=0 tty=ssh ruser= rhost=2.57.122.196  user=root
2026-04-20T02:41:25.457658+07:00 gov-ai-svr sshd[980809]: PAM service(sshd) ignoring max retries; 5 > 3
2026-04-20T02:41:31.229100+07:00 gov-ai-svr sshd[980814]: pam_unix(sshd:auth): authentication failure; logname= uid=0 euid=0 tty=ssh ruser= rhost=198.50.152.30  user=backup
2026-04-20T02:41:33.262617+07:00 gov-ai-svr sshd[980814]: Failed password for backup from 198.50.152.30 port 52032 ssh2
2026-04-20T02:41:34.327774+07:00 gov-ai-svr sshd[980814]: Connection closed by authenticating user backup 198.50.152.30 port 52032 [preauth]
2026-04-20T02:41:43.721080+07:00 gov-ai-svr sshd[980817]: pam_unix(sshd:auth): authentication failure; logname= uid=0 euid=0 tty=ssh ruser= rhost=62.54.176.203  user=root
2026-04-20T02:41:45.734527+07:00 gov-ai-svr sshd[980817]: Failed password for root from 62.54.176.203 port 36394 ssh2
2026-04-20T02:41:46.149602+07:00 gov-ai-svr sshd[980817]: Received disconnect from 62.54.176.203 port 36394:11: Bye Bye [preauth]
2026-04-20T02:41:46.149956+07:00 gov-ai-svr sshd[980817]: Disconnected from authenticating user root 62.54.176.203 port 36394 [preauth]
2026-04-20T02:42:01.651808+07:00 gov-ai-svr CRON[980822]: pam_unix(cron:session): session opened for user debian(uid=1000) by debian(uid=0)
2026-04-20T02:42:09.838744+07:00 gov-ai-svr CRON[980822]: pam_unix(cron:session): session closed for user debian
2026-04-20T02:42:10.866097+07:00 gov-ai-svr sshd[980830]: pam_unix(sshd:auth): authentication failure; logname= uid=0 euid=0 tty=ssh ruser= rhost=106.252.57.21  user=root
2026-04-20T02:42:12.919734+07:00 gov-ai-svr sshd[980830]: Failed password for root from 106.252.57.21 port 47278 ssh2
2026-04-20T02:42:13.342058+07:00 gov-ai-svr sshd[980830]: Received disconnect from 106.252.57.21 port 47278:11: Bye Bye [preauth]
2026-04-20T02:42:13.342417+07:00 gov-ai-svr sshd[980830]: Disconnected from authenticating user root 106.252.57.21 port 47278 [preauth]
2026-04-20T02:42:27.902666+07:00 gov-ai-svr sshd[980833]: Invalid user claude from 176.147.144.172 port 40098
2026-04-20T02:42:27.909915+07:00 gov-ai-svr sshd[980833]: pam_unix(sshd:auth): check pass; user unknown
2026-04-20T02:42:27.910215+07:00 gov-ai-svr sshd[980833]: pam_unix(sshd:auth): authentication failure; logname= uid=0 euid=0 tty=ssh ruser= rhost=176.147.144.172 
2026-04-20T02:42:29.632667+07:00 gov-ai-svr sshd[980833]: Failed password for invalid user claude from 176.147.144.172 port 40098 ssh2
2026-04-20T02:42:29.846404+07:00 gov-ai-svr sshd[980833]: Received disconnect from 176.147.144.172 port 40098:11: Bye Bye [preauth]
2026-04-20T02:42:29.846644+07:00 gov-ai-svr sshd[980833]: Disconnected from invalid user claude 176.147.144.172 port 40098 [preauth]
2026-04-20T02:42:35.667432+07:00 gov-ai-svr sshd[980836]: pam_unix(sshd:auth): authentication failure; logname= uid=0 euid=0 tty=ssh ruser= rhost=218.4.91.162  user=root
2026-04-20T02:42:37.485203+07:00 gov-ai-svr sshd[980836]: Failed password for root from 218.4.91.162 port 37138 ssh2
2026-04-20T02:42:38.161147+07:00 gov-ai-svr sshd[980836]: Received disconnect from 218.4.91.162 port 37138:11: Bye Bye [preauth]
2026-04-20T02:42:38.161532+07:00 gov-ai-svr sshd[980836]: Disconnected from authenticating user root 218.4.91.162 port 37138 [preauth]
2026-04-20T02:42:49.996204+07:00 gov-ai-svr sshd[980840]: Invalid user admin from 198.50.152.30 port 45000
2026-04-20T02:42:50.003457+07:00 gov-ai-svr sshd[980840]: pam_unix(sshd:auth): check pass; user unknown
2026-04-20T02:42:50.003712+07:00 gov-ai-svr sshd[980840]: pam_unix(sshd:auth): authentication failure; logname= uid=0 euid=0 tty=ssh ruser= rhost=198.50.152.30 
2026-04-20T02:42:51.882313+07:00 gov-ai-svr sshd[980840]: Failed password for invalid user admin from 198.50.152.30 port 45000 ssh2
2026-04-20T02:42:52.966253+07:00 gov-ai-svr sshd[980840]: Connection closed by invalid user admin 198.50.152.30 port 45000 [preauth]
2026-04-20T02:42:59.380200+07:00 gov-ai-svr sshd[980843]: pam_unix(sshd:auth): authentication failure; logname= uid=0 euid=0 tty=ssh ruser= rhost=2.57.122.189  user=root
2026-04-20T02:43:01.494193+07:00 gov-ai-svr sshd[980843]: Failed password for root from 2.57.122.189 port 10280 ssh2
2026-04-20T02:43:01.851206+07:00 gov-ai-svr CRON[980847]: pam_unix(cron:session): session opened for user debian(uid=1000) by debian(uid=0)
2026-04-20T02:43:04.250556+07:00 gov-ai-svr sshd[980843]: Failed password for root from 2.57.122.189 port 10280 ssh2
2026-04-20T02:43:07.971769+07:00 gov-ai-svr sshd[980850]: Invalid user ali from 201.217.12.57 port 43468
2026-04-20T02:43:07.977326+07:00 gov-ai-svr sshd[980850]: pam_unix(sshd:auth): check pass; user unknown
2026-04-20T02:43:07.977545+07:00 gov-ai-svr sshd[980850]: pam_unix(sshd:auth): authentication failure; logname= uid=0 euid=0 tty=ssh ruser= rhost=201.217.12.57 
2026-04-20T02:43:08.677143+07:00 gov-ai-svr sshd[980843]: Failed password for root from 2.57.122.189 port 10280 ssh2
2026-04-20T02:43:09.548960+07:00 gov-ai-svr CRON[980847]: pam_unix(cron:session): session closed for user debian
2026-04-20T02:43:09.856109+07:00 gov-ai-svr sshd[980850]: Failed password for invalid user ali from 201.217.12.57 port 43468 ssh2
2026-04-20T02:43:10.725930+07:00 gov-ai-svr sshd[980850]: Received disconnect from 201.217.12.57 port 43468:11: Bye Bye [preauth]
2026-04-20T02:43:10.726375+07:00 gov-ai-svr sshd[980850]: Disconnected from invalid user ali 201.217.12.57 port 43468 [preauth]
2026-04-20T02:43:11.239119+07:00 gov-ai-svr sshd[980843]: Failed password for root from 2.57.122.189 port 10280 ssh2
2026-04-20T02:43:13.845686+07:00 gov-ai-svr sshd[980857]: Invalid user test from 62.54.176.203 port 35444
2026-04-20T02:43:13.852849+07:00 gov-ai-svr sshd[980857]: pam_unix(sshd:auth): check pass; user unknown
2026-04-20T02:43:13.853106+07:00 gov-ai-svr sshd[980857]: pam_unix(sshd:auth): authentication failure; logname= uid=0 euid=0 tty=ssh ruser= rhost=62.54.176.203 
2026-04-20T02:43:13.995846+07:00 gov-ai-svr sshd[980843]: Failed password for root from 2.57.122.189 port 10280 ssh2
2026-04-20T02:43:16.223312+07:00 gov-ai-svr sshd[980857]: Failed password for invalid user test from 62.54.176.203 port 35444 ssh2
2026-04-20T02:43:16.308990+07:00 gov-ai-svr sshd[980843]: Connection reset by authenticating user root 2.57.122.189 port 10280 [preauth]
2026-04-20T02:43:16.309421+07:00 gov-ai-svr sshd[980843]: PAM 4 more authentication failures; logname= uid=0 euid=0 tty=ssh ruser= rhost=2.57.122.189  user=root
2026-04-20T02:43:16.309685+07:00 gov-ai-svr sshd[980843]: PAM service(sshd) ignoring max retries; 5 > 3
2026-04-20T02:43:18.136972+07:00 gov-ai-svr sshd[980857]: Received disconnect from 62.54.176.203 port 35444:11: Bye Bye [preauth]
2026-04-20T02:43:18.137634+07:00 gov-ai-svr sshd[980857]: Disconnected from invalid user test 62.54.176.203 port 35444 [preauth]
2026-04-20T02:43:54.373943+07:00 gov-ai-svr sshd[980865]: Invalid user minecraft from 176.147.144.172 port 42898
2026-04-20T02:43:54.380329+07:00 gov-ai-svr sshd[980865]: pam_unix(sshd:auth): check pass; user unknown
2026-04-20T02:43:54.380647+07:00 gov-ai-svr sshd[980865]: pam_unix(sshd:auth): authentication failure; logname= uid=0 euid=0 tty=ssh ruser= rhost=176.147.144.172 
2026-04-20T02:43:57.046888+07:00 gov-ai-svr sshd[980865]: Failed password for invalid user minecraft from 176.147.144.172 port 42898 ssh2
2026-04-20T02:43:58.662668+07:00 gov-ai-svr sshd[980865]: Received disconnect from 176.147.144.172 port 42898:11: Bye Bye [preauth]
2026-04-20T02:43:58.662952+07:00 gov-ai-svr sshd[980865]: Disconnected from invalid user minecraft 176.147.144.172 port 42898 [preauth]
2026-04-20T02:44:01.562287+07:00 gov-ai-svr CRON[980868]: pam_unix(cron:session): session opened for user debian(uid=1000) by debian(uid=0)
2026-04-20T02:44:12.313897+07:00 gov-ai-svr CRON[980868]: pam_unix(cron:session): session closed for user debian
2026-04-20T02:44:13.345129+07:00 gov-ai-svr sshd[980877]: pam_unix(sshd:auth): authentication failure; logname= uid=0 euid=0 tty=ssh ruser= rhost=198.50.152.30  user=root
2026-04-20T02:44:15.950753+07:00 gov-ai-svr sshd[980877]: Failed password for root from 198.50.152.30 port 49130 ssh2
2026-04-20T02:44:18.275338+07:00 gov-ai-svr sshd[980877]: Connection closed by authenticating user root 198.50.152.30 port 49130 [preauth]
2026-04-20T02:44:38.349543+07:00 gov-ai-svr sshd[980891]: pam_unix(sshd:auth): authentication failure; logname= uid=0 euid=0 tty=ssh ruser= rhost=106.252.57.21  user=root
2026-04-20T02:44:40.387983+07:00 gov-ai-svr sshd[980891]: Failed password for root from 106.252.57.21 port 45590 ssh2
2026-04-20T02:44:40.826417+07:00 gov-ai-svr sshd[980891]: Received disconnect from 106.252.57.21 port 45590:11: Bye Bye [preauth]
2026-04-20T02:44:40.826730+07:00 gov-ai-svr sshd[980891]: Disconnected from authenticating user root 106.252.57.21 port 45590 [preauth]
2026-04-20T02:44:45.809710+07:00 gov-ai-svr sshd[980893]: Invalid user socks from 62.54.176.203 port 44666
2026-04-20T02:44:45.816794+07:00 gov-ai-svr sshd[980893]: pam_unix(sshd:auth): check pass; user unknown
2026-04-20T02:44:45.817028+07:00 gov-ai-svr sshd[980893]: pam_unix(sshd:auth): authentication failure; logname= uid=0 euid=0 tty=ssh ruser= rhost=62.54.176.203 
2026-04-20T02:44:47.526711+07:00 gov-ai-svr sshd[980895]: pam_unix(sshd:auth): authentication failure; logname= uid=0 euid=0 tty=ssh ruser= rhost=195.178.110.15  user=root
2026-04-20T02:44:47.816141+07:00 gov-ai-svr sshd[980893]: Failed password for invalid user socks from 62.54.176.203 port 44666 ssh2
2026-04-20T02:44:48.949559+07:00 gov-ai-svr sshd[980893]: Received disconnect from 62.54.176.203 port 44666:11: Bye Bye [preauth]
2026-04-20T02:44:48.949877+07:00 gov-ai-svr sshd[980893]: Disconnected from invalid user socks 62.54.176.203 port 44666 [preauth]
2026-04-20T02:44:49.465234+07:00 gov-ai-svr sshd[980895]: Failed password for root from 195.178.110.15 port 47820 ssh2
2026-04-20T02:44:54.685769+07:00 gov-ai-svr sshd[980895]: message repeated 2 times: [ Failed password for root from 195.178.110.15 port 47820 ssh2]
2026-04-20T02:44:56.133272+07:00 gov-ai-svr sshd[980898]: Invalid user solana from 195.178.110.26 port 52030
2026-04-20T02:44:56.309382+07:00 gov-ai-svr sshd[980898]: pam_unix(sshd:auth): check pass; user unknown
2026-04-20T02:44:56.309664+07:00 gov-ai-svr sshd[980898]: pam_unix(sshd:auth): authentication failure; logname= uid=0 euid=0 tty=ssh ruser= rhost=195.178.110.26 
2026-04-20T02:44:58.152871+07:00 gov-ai-svr sshd[980898]: Failed password for invalid user solana from 195.178.110.26 port 52030 ssh2
2026-04-20T02:44:58.803205+07:00 gov-ai-svr sshd[980898]: Connection closed by invalid user solana 195.178.110.26 port 52030 [preauth]
2026-04-20T02:44:59.063623+07:00 gov-ai-svr sshd[980895]: Failed password for root from 195.178.110.15 port 47820 ssh2
2026-04-20T02:45:01.324496+07:00 gov-ai-svr CRON[980904]: pam_unix(cron:session): session opened for user root(uid=0) by root(uid=0)
2026-04-20T02:45:01.325737+07:00 gov-ai-svr CRON[980905]: pam_unix(cron:session): session opened for user debian(uid=1000) by debian(uid=0)
2026-04-20T02:45:01.332880+07:00 gov-ai-svr CRON[980904]: pam_unix(cron:session): session closed for user root
2026-04-20T02:45:01.441224+07:00 gov-ai-svr sshd[980895]: Failed password for root from 195.178.110.15 port 47820 ssh2
2026-04-20T02:45:01.949302+07:00 gov-ai-svr sshd[980895]: Connection reset by authenticating user root 195.178.110.15 port 47820 [preauth]
