2026-04-20T00:24:05.178231+07:00 gov-ai-svr sshd[977271]: pam_unix(sshd:auth): authentication failure; logname= uid=0 euid=0 tty=ssh ruser= rhost=87.251.64.145 
2026-04-20T00:24:07.088348+07:00 gov-ai-svr sshd[977268]: Failed password for root from 45.148.10.147 port 40456 ssh2
2026-04-20T00:24:07.514244+07:00 gov-ai-svr sshd[977271]: Failed password for invalid user user from 87.251.64.145 port 56670 ssh2
2026-04-20T00:24:09.754998+07:00 gov-ai-svr sshd[977271]: Connection reset by invalid user user 87.251.64.145 port 56670 [preauth]
2026-04-20T00:24:10.695969+07:00 gov-ai-svr sshd[977274]: Invalid user user from 87.251.64.145 port 46384
2026-04-20T00:24:10.877314+07:00 gov-ai-svr sshd[977274]: pam_unix(sshd:auth): check pass; user unknown
2026-04-20T00:24:10.877642+07:00 gov-ai-svr sshd[977274]: pam_unix(sshd:auth): authentication failure; logname= uid=0 euid=0 tty=ssh ruser= rhost=87.251.64.145 
2026-04-20T00:24:11.151085+07:00 gov-ai-svr sshd[977268]: Failed password for root from 45.148.10.147 port 40456 ssh2
2026-04-20T00:24:13.233359+07:00 gov-ai-svr sshd[977274]: Failed password for invalid user user from 87.251.64.145 port 46384 ssh2
2026-04-20T00:24:13.716699+07:00 gov-ai-svr CRON[977265]: pam_unix(cron:session): session closed for user debian
2026-04-20T00:24:14.207396+07:00 gov-ai-svr sshd[977268]: Failed password for root from 45.148.10.147 port 40456 ssh2
2026-04-20T00:24:15.483118+07:00 gov-ai-svr sshd[977274]: Connection reset by invalid user user 87.251.64.145 port 46384 [preauth]
2026-04-20T00:24:16.541047+07:00 gov-ai-svr sshd[977276]: Invalid user user from 87.251.64.145 port 46398
2026-04-20T00:24:16.731793+07:00 gov-ai-svr sshd[977276]: pam_unix(sshd:auth): check pass; user unknown
2026-04-20T00:24:16.732282+07:00 gov-ai-svr sshd[977276]: pam_unix(sshd:auth): authentication failure; logname= uid=0 euid=0 tty=ssh ruser= rhost=87.251.64.145 
2026-04-20T00:24:18.603847+07:00 gov-ai-svr sshd[977268]: Failed password for root from 45.148.10.147 port 40456 ssh2
2026-04-20T00:24:18.912181+07:00 gov-ai-svr sshd[977276]: Failed password for invalid user user from 87.251.64.145 port 46398 ssh2
2026-04-20T00:24:19.100184+07:00 gov-ai-svr sshd[977276]: Connection reset by invalid user user 87.251.64.145 port 46398 [preauth]
2026-04-20T00:24:20.051566+07:00 gov-ai-svr sshd[977278]: Invalid user user from 87.251.64.145 port 13462
2026-04-20T00:24:20.235567+07:00 gov-ai-svr sshd[977278]: pam_unix(sshd:auth): check pass; user unknown
2026-04-20T00:24:20.236055+07:00 gov-ai-svr sshd[977278]: pam_unix(sshd:auth): authentication failure; logname= uid=0 euid=0 tty=ssh ruser= rhost=87.251.64.145 
2026-04-20T00:24:20.995363+07:00 gov-ai-svr sshd[977268]: Failed password for root from 45.148.10.147 port 40456 ssh2
2026-04-20T00:24:21.323737+07:00 gov-ai-svr sshd[977268]: Connection reset by authenticating user root 45.148.10.147 port 40456 [preauth]
2026-04-20T00:24:21.324600+07:00 gov-ai-svr sshd[977268]: PAM 4 more authentication failures; logname= uid=0 euid=0 tty=ssh ruser= rhost=45.148.10.147  user=root
2026-04-20T00:24:21.324848+07:00 gov-ai-svr sshd[977268]: PAM service(sshd) ignoring max retries; 5 > 3
2026-04-20T00:24:21.719137+07:00 gov-ai-svr sshd[977280]: Invalid user user from 213.230.127.104 port 43376
2026-04-20T00:24:21.725777+07:00 gov-ai-svr sshd[977280]: pam_unix(sshd:auth): check pass; user unknown
2026-04-20T00:24:21.726030+07:00 gov-ai-svr sshd[977280]: pam_unix(sshd:auth): authentication failure; logname= uid=0 euid=0 tty=ssh ruser= rhost=213.230.127.104 
2026-04-20T00:24:22.295977+07:00 gov-ai-svr sshd[977278]: Failed password for invalid user user from 87.251.64.145 port 13462 ssh2
2026-04-20T00:24:22.652653+07:00 gov-ai-svr sshd[977278]: Connection reset by invalid user user 87.251.64.145 port 13462 [preauth]
2026-04-20T00:24:23.590680+07:00 gov-ai-svr sshd[977280]: Failed password for invalid user user from 213.230.127.104 port 43376 ssh2
2026-04-20T00:24:23.666105+07:00 gov-ai-svr sshd[977283]: Invalid user user from 87.251.64.145 port 13464
2026-04-20T00:24:23.881804+07:00 gov-ai-svr sshd[977283]: pam_unix(sshd:auth): check pass; user unknown
2026-04-20T00:24:23.882168+07:00 gov-ai-svr sshd[977283]: pam_unix(sshd:auth): authentication failure; logname= uid=0 euid=0 tty=ssh ruser= rhost=87.251.64.145 
2026-04-20T00:24:24.053543+07:00 gov-ai-svr sshd[977280]: Received disconnect from 213.230.127.104 port 43376:11: Bye Bye [preauth]
2026-04-20T00:24:24.053945+07:00 gov-ai-svr sshd[977280]: Disconnected from invalid user user 213.230.127.104 port 43376 [preauth]
2026-04-20T00:24:24.582145+07:00 gov-ai-svr sshd[977285]: Invalid user node from 195.178.110.26 port 59510
2026-04-20T00:24:24.758314+07:00 gov-ai-svr sshd[977285]: pam_unix(sshd:auth): check pass; user unknown
2026-04-20T00:24:24.758632+07:00 gov-ai-svr sshd[977285]: pam_unix(sshd:auth): authentication failure; logname= uid=0 euid=0 tty=ssh ruser= rhost=195.178.110.26 
2026-04-20T00:24:26.353438+07:00 gov-ai-svr sshd[977283]: Failed password for invalid user user from 87.251.64.145 port 13464 ssh2
2026-04-20T00:24:26.366767+07:00 gov-ai-svr sshd[977285]: Failed password for invalid user node from 195.178.110.26 port 59510 ssh2
2026-04-20T00:24:27.759145+07:00 gov-ai-svr sshd[977285]: Connection closed by invalid user node 195.178.110.26 port 59510 [preauth]
2026-04-20T00:24:28.443255+07:00 gov-ai-svr sshd[977283]: Connection reset by invalid user user 87.251.64.145 port 13464 [preauth]
2026-04-20T00:24:29.392924+07:00 gov-ai-svr sshd[977288]: Invalid user user from 87.251.64.145 port 10330
2026-04-20T00:24:29.574616+07:00 gov-ai-svr sshd[977288]: pam_unix(sshd:auth): check pass; user unknown
2026-04-20T00:24:29.574893+07:00 gov-ai-svr sshd[977288]: pam_unix(sshd:auth): authentication failure; logname= uid=0 euid=0 tty=ssh ruser= rhost=87.251.64.145 
2026-04-20T00:24:32.206695+07:00 gov-ai-svr sshd[977288]: Failed password for invalid user user from 87.251.64.145 port 10330 ssh2
2026-04-20T00:24:34.136945+07:00 gov-ai-svr sshd[977288]: Connection reset by invalid user user 87.251.64.145 port 10330 [preauth]
2026-04-20T00:24:35.091168+07:00 gov-ai-svr sshd[977291]: Invalid user user from 87.251.64.145 port 10344
2026-04-20T00:24:35.273439+07:00 gov-ai-svr sshd[977291]: pam_unix(sshd:auth): check pass; user unknown
2026-04-20T00:24:35.273832+07:00 gov-ai-svr sshd[977291]: pam_unix(sshd:auth): authentication failure; logname= uid=0 euid=0 tty=ssh ruser= rhost=87.251.64.145 
2026-04-20T00:24:37.393909+07:00 gov-ai-svr sshd[977291]: Failed password for invalid user user from 87.251.64.145 port 10344 ssh2
2026-04-20T00:24:38.608436+07:00 gov-ai-svr sshd[977291]: Connection reset by invalid user user 87.251.64.145 port 10344 [preauth]
2026-04-20T00:24:40.460261+07:00 gov-ai-svr sshd[977293]: Invalid user user from 87.251.64.145 port 43170
2026-04-20T00:24:40.659359+07:00 gov-ai-svr sshd[977293]: pam_unix(sshd:auth): check pass; user unknown
2026-04-20T00:24:40.659634+07:00 gov-ai-svr sshd[977293]: pam_unix(sshd:auth): authentication failure; logname= uid=0 euid=0 tty=ssh ruser= rhost=87.251.64.145 
2026-04-20T00:24:42.799825+07:00 gov-ai-svr sshd[977293]: Failed password for invalid user user from 87.251.64.145 port 43170 ssh2
2026-04-20T00:24:43.028191+07:00 gov-ai-svr sshd[977293]: Connection reset by invalid user user 87.251.64.145 port 43170 [preauth]
2026-04-20T00:24:43.965832+07:00 gov-ai-svr sshd[977298]: Invalid user user from 87.251.64.145 port 43196
2026-04-20T00:24:44.148860+07:00 gov-ai-svr sshd[977298]: pam_unix(sshd:auth): check pass; user unknown
2026-04-20T00:24:44.149237+07:00 gov-ai-svr sshd[977298]: pam_unix(sshd:auth): authentication failure; logname= uid=0 euid=0 tty=ssh ruser= rhost=87.251.64.145 
2026-04-20T00:24:45.837750+07:00 gov-ai-svr sshd[977298]: Failed password for invalid user user from 87.251.64.145 port 43196 ssh2
2026-04-20T00:24:46.537129+07:00 gov-ai-svr sshd[977298]: Connection reset by invalid user user 87.251.64.145 port 43196 [preauth]
2026-04-20T00:24:47.728173+07:00 gov-ai-svr sshd[977301]: Invalid user user from 87.251.64.145 port 43220
2026-04-20T00:24:47.929657+07:00 gov-ai-svr sshd[977301]: pam_unix(sshd:auth): check pass; user unknown
2026-04-20T00:24:47.929886+07:00 gov-ai-svr sshd[977301]: pam_unix(sshd:auth): authentication failure; logname= uid=0 euid=0 tty=ssh ruser= rhost=87.251.64.145 
2026-04-20T00:24:49.698718+07:00 gov-ai-svr sshd[977301]: Failed password for invalid user user from 87.251.64.145 port 43220 ssh2
2026-04-20T00:24:50.335965+07:00 gov-ai-svr sshd[977301]: Connection reset by invalid user user 87.251.64.145 port 43220 [preauth]
2026-04-20T00:24:51.368974+07:00 gov-ai-svr sshd[977303]: Invalid user test01 from 77.87.40.114 port 44876
2026-04-20T00:24:51.375950+07:00 gov-ai-svr sshd[977303]: pam_unix(sshd:auth): check pass; user unknown
2026-04-20T00:24:51.376212+07:00 gov-ai-svr sshd[977303]: pam_unix(sshd:auth): authentication failure; logname= uid=0 euid=0 tty=ssh ruser= rhost=77.87.40.114 
2026-04-20T00:24:51.401879+07:00 gov-ai-svr sshd[977305]: Invalid user user from 87.251.64.145 port 46542
2026-04-20T00:24:51.584313+07:00 gov-ai-svr sshd[977305]: pam_unix(sshd:auth): check pass; user unknown
2026-04-20T00:24:51.584588+07:00 gov-ai-svr sshd[977305]: pam_unix(sshd:auth): authentication failure; logname= uid=0 euid=0 tty=ssh ruser= rhost=87.251.64.145 
2026-04-20T00:24:53.361258+07:00 gov-ai-svr sshd[977303]: Failed password for invalid user test01 from 77.87.40.114 port 44876 ssh2
2026-04-20T00:24:53.569162+07:00 gov-ai-svr sshd[977305]: Failed password for invalid user user from 87.251.64.145 port 46542 ssh2
2026-04-20T00:24:53.953302+07:00 gov-ai-svr sshd[977305]: Connection reset by invalid user user 87.251.64.145 port 46542 [preauth]
2026-04-20T00:24:54.677389+07:00 gov-ai-svr sshd[977303]: Received disconnect from 77.87.40.114 port 44876:11: Bye Bye [preauth]
2026-04-20T00:24:54.677704+07:00 gov-ai-svr sshd[977303]: Disconnected from invalid user test01 77.87.40.114 port 44876 [preauth]
2026-04-20T00:24:55.000085+07:00 gov-ai-svr sshd[977308]: Invalid user user from 87.251.64.145 port 46680
2026-04-20T00:24:55.182383+07:00 gov-ai-svr sshd[977308]: pam_unix(sshd:auth): check pass; user unknown
2026-04-20T00:24:55.182927+07:00 gov-ai-svr sshd[977308]: pam_unix(sshd:auth): authentication failure; logname= uid=0 euid=0 tty=ssh ruser= rhost=87.251.64.145 
2026-04-20T00:24:57.047335+07:00 gov-ai-svr sshd[977308]: Failed password for invalid user user from 87.251.64.145 port 46680 ssh2
2026-04-20T00:24:57.554877+07:00 gov-ai-svr sshd[977308]: Connection reset by invalid user user 87.251.64.145 port 46680 [preauth]
2026-04-20T00:24:58.684775+07:00 gov-ai-svr sshd[977310]: Invalid user webmaster from 87.251.64.145 port 39998
2026-04-20T00:24:58.915595+07:00 gov-ai-svr sshd[977310]: pam_unix(sshd:auth): check pass; user unknown
2026-04-20T00:24:58.915878+07:00 gov-ai-svr sshd[977310]: pam_unix(sshd:auth): authentication failure; logname= uid=0 euid=0 tty=ssh ruser= rhost=87.251.64.145 
2026-04-20T00:25:00.860531+07:00 gov-ai-svr sshd[977310]: Failed password for invalid user webmaster from 87.251.64.145 port 39998 ssh2
2026-04-20T00:25:01.119747+07:00 gov-ai-svr sshd[977310]: Connection reset by invalid user webmaster 87.251.64.145 port 39998 [preauth]
2026-04-20T00:25:01.729197+07:00 gov-ai-svr CRON[977314]: pam_unix(cron:session): session opened for user root(uid=0) by root(uid=0)
2026-04-20T00:25:01.733867+07:00 gov-ai-svr CRON[977315]: pam_unix(cron:session): session opened for user debian(uid=1000) by debian(uid=0)
2026-04-20T00:25:01.737643+07:00 gov-ai-svr CRON[977314]: pam_unix(cron:session): session closed for user root
2026-04-20T00:25:02.105122+07:00 gov-ai-svr sshd[977312]: Invalid user centos from 87.251.64.145 port 40040
2026-04-20T00:25:02.307656+07:00 gov-ai-svr sshd[977312]: pam_unix(sshd:auth): check pass; user unknown
2026-04-20T00:25:02.309102+07:00 gov-ai-svr sshd[977312]: pam_unix(sshd:auth): authentication failure; logname= uid=0 euid=0 tty=ssh ruser= rhost=87.251.64.145 
2026-04-20T00:25:04.468370+07:00 gov-ai-svr sshd[977312]: Failed password for invalid user centos from 87.251.64.145 port 40040 ssh2
2026-04-20T00:25:04.550660+07:00 gov-ai-svr sshd[977320]: Invalid user claude from 216.189.157.132 port 60428
2026-04-20T00:25:04.558644+07:00 gov-ai-svr sshd[977320]: pam_unix(sshd:auth): check pass; user unknown
2026-04-20T00:25:04.558838+07:00 gov-ai-svr sshd[977320]: pam_unix(sshd:auth): authentication failure; logname= uid=0 euid=0 tty=ssh ruser= rhost=216.189.157.132 
2026-04-20T00:25:06.022186+07:00 gov-ai-svr sshd[977312]: Connection reset by invalid user centos 87.251.64.145 port 40040 [preauth]
2026-04-20T00:25:06.992456+07:00 gov-ai-svr sshd[977324]: Invalid user debian from 87.251.64.145 port 40080
2026-04-20T00:25:06.994862+07:00 gov-ai-svr sshd[977320]: Failed password for invalid user claude from 216.189.157.132 port 60428 ssh2
2026-04-20T00:25:07.174801+07:00 gov-ai-svr sshd[977324]: pam_unix(sshd:auth): check pass; user unknown
2026-04-20T00:25:07.175465+07:00 gov-ai-svr sshd[977324]: pam_unix(sshd:auth): authentication failure; logname= uid=0 euid=0 tty=ssh ruser= rhost=87.251.64.145 
2026-04-20T00:25:08.356383+07:00 gov-ai-svr sshd[977320]: Received disconnect from 216.189.157.132 port 60428:11: Bye Bye [preauth]
2026-04-20T00:25:08.356660+07:00 gov-ai-svr sshd[977320]: Disconnected from invalid user claude 216.189.157.132 port 60428 [preauth]
2026-04-20T00:25:09.356920+07:00 gov-ai-svr sshd[977324]: Failed password for invalid user debian from 87.251.64.145 port 40080 ssh2
2026-04-20T00:25:09.456174+07:00 gov-ai-svr CRON[977315]: pam_unix(cron:session): session closed for user debian
2026-04-20T00:25:10.875779+07:00 gov-ai-svr sshd[977324]: Connection reset by invalid user debian 87.251.64.145 port 40080 [preauth]
2026-04-20T00:25:12.049037+07:00 gov-ai-svr sshd[977328]: Invalid user grid from 87.251.64.145 port 62160
2026-04-20T00:25:12.272487+07:00 gov-ai-svr sshd[977328]: pam_unix(sshd:auth): check pass; user unknown
2026-04-20T00:25:12.272805+07:00 gov-ai-svr sshd[977328]: pam_unix(sshd:auth): authentication failure; logname= uid=0 euid=0 tty=ssh ruser= rhost=87.251.64.145 
2026-04-20T00:25:13.261069+07:00 gov-ai-svr sshd[977326]: pam_unix(sshd:auth): authentication failure; logname= uid=0 euid=0 tty=ssh ruser= rhost=198.50.152.30  user=root
2026-04-20T00:25:15.140543+07:00 gov-ai-svr sshd[977328]: Failed password for invalid user grid from 87.251.64.145 port 62160 ssh2
2026-04-20T00:25:15.265199+07:00 gov-ai-svr sshd[977326]: Failed password for root from 198.50.152.30 port 51078 ssh2
2026-04-20T00:25:15.670413+07:00 gov-ai-svr sshd[977328]: Connection reset by invalid user grid 87.251.64.145 port 62160 [preauth]
2026-04-20T00:25:15.878795+07:00 gov-ai-svr sshd[977326]: Connection closed by authenticating user root 198.50.152.30 port 51078 [preauth]
2026-04-20T00:25:16.654846+07:00 gov-ai-svr sshd[977330]: Invalid user jan from 87.251.64.145 port 62200
2026-04-20T00:25:17.023568+07:00 gov-ai-svr sshd[977330]: pam_unix(sshd:auth): check pass; user unknown
2026-04-20T00:25:17.023825+07:00 gov-ai-svr sshd[977330]: pam_unix(sshd:auth): authentication failure; logname= uid=0 euid=0 tty=ssh ruser= rhost=87.251.64.145 
2026-04-20T00:25:19.575666+07:00 gov-ai-svr sshd[977330]: Failed password for invalid user jan from 87.251.64.145 port 62200 ssh2
2026-04-20T00:25:20.182922+07:00 gov-ai-svr sshd[977330]: Connection reset by invalid user jan 87.251.64.145 port 62200 [preauth]
2026-04-20T00:25:21.119156+07:00 gov-ai-svr sshd[977332]: Invalid user juan from 87.251.64.145 port 60302
2026-04-20T00:25:21.301002+07:00 gov-ai-svr sshd[977332]: pam_unix(sshd:auth): check pass; user unknown
2026-04-20T00:25:21.301418+07:00 gov-ai-svr sshd[977332]: pam_unix(sshd:auth): authentication failure; logname= uid=0 euid=0 tty=ssh ruser= rhost=87.251.64.145 
2026-04-20T00:25:23.070281+07:00 gov-ai-svr sshd[977332]: Failed password for invalid user juan from 87.251.64.145 port 60302 ssh2
2026-04-20T00:25:24.635251+07:00 gov-ai-svr sshd[977332]: Connection reset by invalid user juan 87.251.64.145 port 60302 [preauth]
2026-04-20T00:25:25.605315+07:00 gov-ai-svr sshd[977335]: Invalid user op from 87.251.64.145 port 60322
2026-04-20T00:25:25.786179+07:00 gov-ai-svr sshd[977335]: pam_unix(sshd:auth): check pass; user unknown
2026-04-20T00:25:25.786508+07:00 gov-ai-svr sshd[977335]: pam_unix(sshd:auth): authentication failure; logname= uid=0 euid=0 tty=ssh ruser= rhost=87.251.64.145 
2026-04-20T00:25:27.771669+07:00 gov-ai-svr sshd[977335]: Failed password for invalid user op from 87.251.64.145 port 60322 ssh2
2026-04-20T00:25:29.404893+07:00 gov-ai-svr sshd[977335]: Connection reset by invalid user op 87.251.64.145 port 60322 [preauth]
2026-04-20T00:25:30.572681+07:00 gov-ai-svr sshd[977342]: Invalid user pedro from 87.251.64.145 port 58404
2026-04-20T00:25:30.758414+07:00 gov-ai-svr sshd[977342]: pam_unix(sshd:auth): check pass; user unknown
2026-04-20T00:25:30.758806+07:00 gov-ai-svr sshd[977342]: pam_unix(sshd:auth): authentication failure; logname= uid=0 euid=0 tty=ssh ruser= rhost=87.251.64.145 
2026-04-20T00:25:33.094715+07:00 gov-ai-svr sshd[977342]: Failed password for invalid user pedro from 87.251.64.145 port 58404 ssh2
2026-04-20T00:25:35.648680+07:00 gov-ai-svr sshd[977342]: Connection reset by invalid user pedro 87.251.64.145 port 58404 [preauth]
2026-04-20T00:25:37.831458+07:00 gov-ai-svr sshd[977345]: pam_unix(sshd:auth): authentication failure; logname= uid=0 euid=0 tty=ssh ruser= rhost=87.251.64.145  user=root
2026-04-20T00:25:39.795754+07:00 gov-ai-svr sshd[977345]: Failed password for root from 87.251.64.145 port 58418 ssh2
2026-04-20T00:25:40.270207+07:00 gov-ai-svr sshd[977345]: Connection reset by authenticating user root 87.251.64.145 port 58418 [preauth]
2026-04-20T00:25:41.385832+07:00 gov-ai-svr sshd[977348]: pam_unix(sshd:auth): authentication failure; logname= uid=0 euid=0 tty=ssh ruser= rhost=87.251.64.145  user=root
2026-04-20T00:25:43.565727+07:00 gov-ai-svr sshd[977348]: Failed password for root from 87.251.64.145 port 24524 ssh2
2026-04-20T00:25:43.830046+07:00 gov-ai-svr sshd[977348]: Connection reset by authenticating user root 87.251.64.145 port 24524 [preauth]
2026-04-20T00:25:44.957654+07:00 gov-ai-svr sshd[977350]: pam_unix(sshd:auth): authentication failure; logname= uid=0 euid=0 tty=ssh ruser= rhost=87.251.64.145  user=root
2026-04-20T00:25:46.550210+07:00 gov-ai-svr sshd[977350]: Failed password for root from 87.251.64.145 port 24536 ssh2
2026-04-20T00:25:47.868823+07:00 gov-ai-svr sshd[977350]: Connection reset by authenticating user root 87.251.64.145 port 24536 [preauth]
2026-04-20T00:25:49.663794+07:00 gov-ai-svr sshd[977355]: pam_unix(sshd:auth): authentication failure; logname= uid=0 euid=0 tty=ssh ruser= rhost=87.251.64.145  user=root
2026-04-20T00:25:49.741573+07:00 gov-ai-svr sshd[977353]: Invalid user sol from 195.178.110.26 port 37072
2026-04-20T00:25:49.916261+07:00 gov-ai-svr sshd[977353]: pam_unix(sshd:auth): check pass; user unknown
2026-04-20T00:25:49.916513+07:00 gov-ai-svr sshd[977353]: pam_unix(sshd:auth): authentication failure; logname= uid=0 euid=0 tty=ssh ruser= rhost=195.178.110.26 
2026-04-20T00:25:51.608191+07:00 gov-ai-svr sshd[977355]: Failed password for root from 87.251.64.145 port 11368 ssh2
2026-04-20T00:25:51.861249+07:00 gov-ai-svr sshd[977353]: Failed password for invalid user sol from 195.178.110.26 port 37072 ssh2
2026-04-20T00:25:52.117095+07:00 gov-ai-svr sshd[977355]: Connection reset by authenticating user root 87.251.64.145 port 11368 [preauth]
2026-04-20T00:25:52.169136+07:00 gov-ai-svr sshd[977353]: Connection closed by invalid user sol 195.178.110.26 port 37072 [preauth]
2026-04-20T00:25:53.440943+07:00 gov-ai-svr sshd[977357]: pam_unix(sshd:auth): authentication failure; logname= uid=0 euid=0 tty=ssh ruser= rhost=87.251.64.145  user=root
2026-04-20T00:25:54.171918+07:00 gov-ai-svr sshd[977360]: pam_unix(sshd:auth): authentication failure; logname= uid=0 euid=0 tty=ssh ruser= rhost=2.57.122.188  user=root
2026-04-20T00:25:55.601076+07:00 gov-ai-svr sshd[977357]: Failed password for root from 87.251.64.145 port 11386 ssh2
2026-04-20T00:25:55.881159+07:00 gov-ai-svr sshd[977357]: Connection reset by authenticating user root 87.251.64.145 port 11386 [preauth]
2026-04-20T00:25:56.472152+07:00 gov-ai-svr sshd[977360]: Failed password for root from 2.57.122.188 port 3738 ssh2
2026-04-20T00:25:57.162706+07:00 gov-ai-svr sshd[977362]: pam_unix(sshd:auth): authentication failure; logname= uid=0 euid=0 tty=ssh ruser= rhost=87.251.64.145  user=root
2026-04-20T00:25:58.539828+07:00 gov-ai-svr sshd[977362]: Failed password for root from 87.251.64.145 port 11396 ssh2
2026-04-20T00:25:59.618724+07:00 gov-ai-svr sshd[977362]: Connection reset by authenticating user root 87.251.64.145 port 11396 [preauth]
2026-04-20T00:26:00.089648+07:00 gov-ai-svr sshd[977364]: pam_unix(sshd:auth): authentication failure; logname= uid=0 euid=0 tty=ssh ruser= rhost=213.230.127.104  user=root
2026-04-20T00:26:00.418941+07:00 gov-ai-svr sshd[977360]: Failed password for root from 2.57.122.188 port 3738 ssh2
2026-04-20T00:26:01.050234+07:00 gov-ai-svr sshd[977366]: pam_unix(sshd:auth): authentication failure; logname= uid=0 euid=0 tty=ssh ruser= rhost=87.251.64.145  user=root
2026-04-20T00:26:01.468516+07:00 gov-ai-svr CRON[977368]: pam_unix(cron:session): session opened for user debian(uid=1000) by debian(uid=0)
2026-04-20T00:26:02.545529+07:00 gov-ai-svr sshd[977364]: Failed password for root from 213.230.127.104 port 51260 ssh2
2026-04-20T00:26:03.310463+07:00 gov-ai-svr sshd[977366]: Failed password for root from 87.251.64.145 port 51294 ssh2
2026-04-20T00:26:03.640453+07:00 gov-ai-svr sshd[977360]: Failed password for root from 2.57.122.188 port 3738 ssh2
2026-04-20T00:26:04.741610+07:00 gov-ai-svr sshd[977364]: Received disconnect from 213.230.127.104 port 51260:11: Bye Bye [preauth]
2026-04-20T00:26:04.742267+07:00 gov-ai-svr sshd[977364]: Disconnected from authenticating user root 213.230.127.104 port 51260 [preauth]
2026-04-20T00:26:05.802399+07:00 gov-ai-svr sshd[977366]: Connection reset by authenticating user root 87.251.64.145 port 51294 [preauth]
2026-04-20T00:26:06.053511+07:00 gov-ai-svr sshd[977360]: Failed password for root from 2.57.122.188 port 3738 ssh2
2026-04-20T00:26:06.924152+07:00 gov-ai-svr sshd[977373]: pam_unix(sshd:auth): authentication failure; logname= uid=0 euid=0 tty=ssh ruser= rhost=87.251.64.145  user=root
2026-04-20T00:26:08.606411+07:00 gov-ai-svr sshd[977360]: Failed password for root from 2.57.122.188 port 3738 ssh2
2026-04-20T00:26:09.204154+07:00 gov-ai-svr sshd[977373]: Failed password for root from 87.251.64.145 port 51312 ssh2
2026-04-20T00:26:11.060555+07:00 gov-ai-svr sshd[977360]: Connection reset by authenticating user root 2.57.122.188 port 3738 [preauth]
2026-04-20T00:26:11.061155+07:00 gov-ai-svr sshd[977360]: PAM 4 more authentication failures; logname= uid=0 euid=0 tty=ssh ruser= rhost=2.57.122.188  user=root
2026-04-20T00:26:11.061409+07:00 gov-ai-svr sshd[977360]: PAM service(sshd) ignoring max retries; 5 > 3
2026-04-20T00:26:11.627492+07:00 gov-ai-svr sshd[977373]: Connection reset by authenticating user root 87.251.64.145 port 51312 [preauth]
2026-04-20T00:26:12.915833+07:00 gov-ai-svr sshd[977376]: pam_unix(sshd:auth): authentication failure; logname= uid=0 euid=0 tty=ssh ruser= rhost=87.251.64.145  user=root
2026-04-20T00:26:14.036498+07:00 gov-ai-svr CRON[977368]: pam_unix(cron:session): session closed for user debian
2026-04-20T00:26:15.351665+07:00 gov-ai-svr sshd[977376]: Failed password for root from 87.251.64.145 port 53926 ssh2
2026-04-20T00:26:17.624740+07:00 gov-ai-svr sshd[977376]: Connection reset by authenticating user root 87.251.64.145 port 53926 [preauth]
2026-04-20T00:26:20.014310+07:00 gov-ai-svr sshd[977378]: pam_unix(sshd:auth): authentication failure; logname= uid=0 euid=0 tty=ssh ruser= rhost=87.251.64.145  user=root
2026-04-20T00:26:21.884430+07:00 gov-ai-svr sshd[977378]: Failed password for root from 87.251.64.145 port 11420 ssh2
2026-04-20T00:26:22.481360+07:00 gov-ai-svr sshd[977378]: Connection reset by authenticating user root 87.251.64.145 port 11420 [preauth]
2026-04-20T00:26:22.565829+07:00 gov-ai-svr sshd[977380]: Invalid user db_user from 77.87.40.114 port 46220
2026-04-20T00:26:22.573670+07:00 gov-ai-svr sshd[977380]: pam_unix(sshd:auth): check pass; user unknown
2026-04-20T00:26:22.573892+07:00 gov-ai-svr sshd[977380]: pam_unix(sshd:auth): authentication failure; logname= uid=0 euid=0 tty=ssh ruser= rhost=77.87.40.114 
2026-04-20T00:26:25.049427+07:00 gov-ai-svr sshd[977380]: Failed password for invalid user db_user from 77.87.40.114 port 46220 ssh2
2026-04-20T00:26:26.946378+07:00 gov-ai-svr sshd[977380]: Received disconnect from 77.87.40.114 port 46220:11: Bye Bye [preauth]
2026-04-20T00:26:26.946826+07:00 gov-ai-svr sshd[977380]: Disconnected from invalid user db_user 77.87.40.114 port 46220 [preauth]
2026-04-20T00:26:28.230683+07:00 gov-ai-svr sshd[977386]: pam_unix(sshd:auth): authentication failure; logname= uid=0 euid=0 tty=ssh ruser= rhost=216.189.157.132  user=root
2026-04-20T00:26:29.863704+07:00 gov-ai-svr sshd[977386]: Failed password for root from 216.189.157.132 port 43474 ssh2
2026-04-20T00:26:30.731876+07:00 gov-ai-svr sshd[977386]: Received disconnect from 216.189.157.132 port 43474:11: Bye Bye [preauth]
2026-04-20T00:26:30.732228+07:00 gov-ai-svr sshd[977386]: Disconnected from authenticating user root 216.189.157.132 port 43474 [preauth]
2026-04-20T00:26:37.462424+07:00 gov-ai-svr sshd[977395]: Invalid user ansible from 198.50.152.30 port 48628
2026-04-20T00:26:37.469266+07:00 gov-ai-svr sshd[977395]: pam_unix(sshd:auth): check pass; user unknown
2026-04-20T00:26:37.469478+07:00 gov-ai-svr sshd[977395]: pam_unix(sshd:auth): authentication failure; logname= uid=0 euid=0 tty=ssh ruser= rhost=198.50.152.30 
2026-04-20T00:26:39.670392+07:00 gov-ai-svr sshd[977395]: Failed password for invalid user ansible from 198.50.152.30 port 48628 ssh2
2026-04-20T00:26:40.499203+07:00 gov-ai-svr sshd[977395]: Connection closed by invalid user ansible 198.50.152.30 port 48628 [preauth]
2026-04-20T00:27:01.049607+07:00 gov-ai-svr CRON[977402]: pam_unix(cron:session): session opened for user debian(uid=1000) by debian(uid=0)
2026-04-20T00:27:10.975680+07:00 gov-ai-svr sshd[977408]: Invalid user sol from 195.178.110.26 port 42892
2026-04-20T00:27:11.167187+07:00 gov-ai-svr sshd[977408]: pam_unix(sshd:auth): check pass; user unknown
2026-04-20T00:27:11.167528+07:00 gov-ai-svr sshd[977408]: pam_unix(sshd:auth): authentication failure; logname= uid=0 euid=0 tty=ssh ruser= rhost=195.178.110.26 
2026-04-20T00:27:12.339699+07:00 gov-ai-svr CRON[977402]: pam_unix(cron:session): session closed for user debian
2026-04-20T00:27:13.036982+07:00 gov-ai-svr sshd[977408]: Failed password for invalid user sol from 195.178.110.26 port 42892 ssh2
2026-04-20T00:27:13.436476+07:00 gov-ai-svr sshd[977408]: Connection closed by invalid user sol 195.178.110.26 port 42892 [preauth]
2026-04-20T00:27:40.711480+07:00 gov-ai-svr sshd[977418]: Invalid user steam from 213.230.127.104 port 48688
2026-04-20T00:27:40.718954+07:00 gov-ai-svr sshd[977416]: pam_unix(sshd:auth): authentication failure; logname= uid=0 euid=0 tty=ssh ruser= rhost=2.57.122.190  user=root
2026-04-20T00:27:40.719285+07:00 gov-ai-svr sshd[977418]: pam_unix(sshd:auth): check pass; user unknown
2026-04-20T00:27:40.719450+07:00 gov-ai-svr sshd[977418]: pam_unix(sshd:auth): authentication failure; logname= uid=0 euid=0 tty=ssh ruser= rhost=213.230.127.104 
2026-04-20T00:27:42.568089+07:00 gov-ai-svr sshd[977418]: Failed password for invalid user steam from 213.230.127.104 port 48688 ssh2
2026-04-20T00:27:42.570388+07:00 gov-ai-svr sshd[977416]: Failed password for root from 2.57.122.190 port 56092 ssh2
2026-04-20T00:27:42.956902+07:00 gov-ai-svr sshd[977418]: Received disconnect from 213.230.127.104 port 48688:11: Bye Bye [preauth]
2026-04-20T00:27:42.957253+07:00 gov-ai-svr sshd[977418]: Disconnected from invalid user steam 213.230.127.104 port 48688 [preauth]
2026-04-20T00:27:44.774929+07:00 gov-ai-svr sshd[977416]: Failed password for root from 2.57.122.190 port 56092 ssh2
2026-04-20T00:27:46.745977+07:00 gov-ai-svr sshd[977421]: Connection closed by 14.63.166.251 port 36348 [preauth]
2026-04-20T00:27:47.847386+07:00 gov-ai-svr sshd[977416]: Failed password for root from 2.57.122.190 port 56092 ssh2
2026-04-20T00:27:50.056838+07:00 gov-ai-svr sshd[977416]: Failed password for root from 2.57.122.190 port 56092 ssh2
2026-04-20T00:27:50.808324+07:00 gov-ai-svr sshd[977423]: Invalid user devops from 77.87.40.114 port 47564
2026-04-20T00:27:50.815609+07:00 gov-ai-svr sshd[977423]: pam_unix(sshd:auth): check pass; user unknown
2026-04-20T00:27:50.815853+07:00 gov-ai-svr sshd[977423]: pam_unix(sshd:auth): authentication failure; logname= uid=0 euid=0 tty=ssh ruser= rhost=77.87.40.114 
2026-04-20T00:27:52.457481+07:00 gov-ai-svr sshd[977416]: Failed password for root from 2.57.122.190 port 56092 ssh2
2026-04-20T00:27:52.705368+07:00 gov-ai-svr sshd[977423]: Failed password for invalid user devops from 77.87.40.114 port 47564 ssh2
2026-04-20T00:27:52.712720+07:00 gov-ai-svr sshd[977425]: Invalid user git from 216.189.157.132 port 44728
2026-04-20T00:27:52.720647+07:00 gov-ai-svr sshd[977425]: pam_unix(sshd:auth): check pass; user unknown
2026-04-20T00:27:52.720849+07:00 gov-ai-svr sshd[977425]: pam_unix(sshd:auth): authentication failure; logname= uid=0 euid=0 tty=ssh ruser= rhost=216.189.157.132 
2026-04-20T00:27:53.028637+07:00 gov-ai-svr sshd[977416]: Connection reset by authenticating user root 2.57.122.190 port 56092 [preauth]
2026-04-20T00:27:53.029261+07:00 gov-ai-svr sshd[977416]: PAM 4 more authentication failures; logname= uid=0 euid=0 tty=ssh ruser= rhost=2.57.122.190  user=root
2026-04-20T00:27:53.029467+07:00 gov-ai-svr sshd[977416]: PAM service(sshd) ignoring max retries; 5 > 3
2026-04-20T00:27:53.325104+07:00 gov-ai-svr sshd[977423]: Received disconnect from 77.87.40.114 port 47564:11: Bye Bye [preauth]
2026-04-20T00:27:53.325458+07:00 gov-ai-svr sshd[977423]: Disconnected from invalid user devops 77.87.40.114 port 47564 [preauth]
2026-04-20T00:27:54.886304+07:00 gov-ai-svr sshd[977425]: Failed password for invalid user git from 216.189.157.132 port 44728 ssh2
2026-04-20T00:27:56.715225+07:00 gov-ai-svr sshd[977425]: Received disconnect from 216.189.157.132 port 44728:11: Bye Bye [preauth]
2026-04-20T00:27:56.715595+07:00 gov-ai-svr sshd[977425]: Disconnected from invalid user git 216.189.157.132 port 44728 [preauth]
2026-04-20T00:27:57.569376+07:00 gov-ai-svr sshd[977428]: pam_unix(sshd:auth): authentication failure; logname= uid=0 euid=0 tty=ssh ruser= rhost=198.50.152.30  user=root
2026-04-20T00:27:59.754383+07:00 gov-ai-svr sshd[977428]: Failed password for root from 198.50.152.30 port 45000 ssh2
2026-04-20T00:28:00.102236+07:00 gov-ai-svr sshd[977428]: Connection closed by authenticating user root 198.50.152.30 port 45000 [preauth]
2026-04-20T00:28:01.353153+07:00 gov-ai-svr CRON[977430]: pam_unix(cron:session): session opened for user debian(uid=1000) by debian(uid=0)
2026-04-20T00:28:13.206742+07:00 gov-ai-svr CRON[977430]: pam_unix(cron:session): session closed for user debian
2026-04-20T00:28:29.925057+07:00 gov-ai-svr sshd[977443]: Invalid user sol from 195.178.110.26 port 48694
2026-04-20T00:28:30.103466+07:00 gov-ai-svr sshd[977443]: pam_unix(sshd:auth): check pass; user unknown
2026-04-20T00:28:30.103836+07:00 gov-ai-svr sshd[977443]: pam_unix(sshd:auth): authentication failure; logname= uid=0 euid=0 tty=ssh ruser= rhost=195.178.110.26 
2026-04-20T00:28:32.153498+07:00 gov-ai-svr sshd[977443]: Failed password for invalid user sol from 195.178.110.26 port 48694 ssh2
2026-04-20T00:28:32.356236+07:00 gov-ai-svr sshd[977443]: Connection closed by invalid user sol 195.178.110.26 port 48694 [preauth]
2026-04-20T00:29:01.220226+07:00 gov-ai-svr CRON[977453]: pam_unix(cron:session): session opened for user debian(uid=1000) by debian(uid=0)
2026-04-20T00:29:11.459360+07:00 gov-ai-svr CRON[977453]: pam_unix(cron:session): session closed for user debian
2026-04-20T00:29:14.997942+07:00 gov-ai-svr sshd[977460]: pam_unix(sshd:auth): authentication failure; logname= uid=0 euid=0 tty=ssh ruser= rhost=213.230.127.104  user=root
2026-04-20T00:29:15.707384+07:00 gov-ai-svr sshd[977462]: Invalid user onkar from 216.189.157.132 port 41696
2026-04-20T00:29:15.715079+07:00 gov-ai-svr sshd[977462]: pam_unix(sshd:auth): check pass; user unknown
2026-04-20T00:29:15.715358+07:00 gov-ai-svr sshd[977462]: pam_unix(sshd:auth): authentication failure; logname= uid=0 euid=0 tty=ssh ruser= rhost=216.189.157.132 
2026-04-20T00:29:17.086242+07:00 gov-ai-svr sshd[977460]: Failed password for root from 213.230.127.104 port 45606 ssh2
2026-04-20T00:29:17.348393+07:00 gov-ai-svr sshd[977464]: Invalid user webdeploy from 77.87.40.114 port 48902
2026-04-20T00:29:17.355750+07:00 gov-ai-svr sshd[977464]: pam_unix(sshd:auth): check pass; user unknown
2026-04-20T00:29:17.356065+07:00 gov-ai-svr sshd[977464]: pam_unix(sshd:auth): authentication failure; logname= uid=0 euid=0 tty=ssh ruser= rhost=77.87.40.114 
2026-04-20T00:29:17.395328+07:00 gov-ai-svr sshd[977460]: Received disconnect from 213.230.127.104 port 45606:11: Bye Bye [preauth]
2026-04-20T00:29:17.395562+07:00 gov-ai-svr sshd[977460]: Disconnected from authenticating user root 213.230.127.104 port 45606 [preauth]
2026-04-20T00:29:17.941412+07:00 gov-ai-svr sshd[977462]: Failed password for invalid user onkar from 216.189.157.132 port 41696 ssh2
2026-04-20T00:29:18.293922+07:00 gov-ai-svr sshd[977462]: Received disconnect from 216.189.157.132 port 41696:11: Bye Bye [preauth]
2026-04-20T00:29:18.294431+07:00 gov-ai-svr sshd[977462]: Disconnected from invalid user onkar 216.189.157.132 port 41696 [preauth]
2026-04-20T00:29:19.220704+07:00 gov-ai-svr sshd[977467]: pam_unix(sshd:auth): authentication failure; logname= uid=0 euid=0 tty=ssh ruser= rhost=198.50.152.30  user=root
2026-04-20T00:29:19.857647+07:00 gov-ai-svr sshd[977464]: Failed password for invalid user webdeploy from 77.87.40.114 port 48902 ssh2
2026-04-20T00:29:20.994256+07:00 gov-ai-svr sshd[977467]: Failed password for root from 198.50.152.30 port 45000 ssh2
2026-04-20T00:29:21.433105+07:00 gov-ai-svr sshd[977464]: Received disconnect from 77.87.40.114 port 48902:11: Bye Bye [preauth]
2026-04-20T00:29:21.433389+07:00 gov-ai-svr sshd[977464]: Disconnected from invalid user webdeploy 77.87.40.114 port 48902 [preauth]
2026-04-20T00:29:21.772295+07:00 gov-ai-svr sshd[977467]: Connection closed by authenticating user root 198.50.152.30 port 45000 [preauth]
2026-04-20T00:29:27.275457+07:00 gov-ai-svr sshd[977471]: pam_unix(sshd:auth): authentication failure; logname= uid=0 euid=0 tty=ssh ruser= rhost=2.57.122.195  user=root
2026-04-20T00:29:29.149243+07:00 gov-ai-svr sshd[977471]: Failed password for root from 2.57.122.195 port 59582 ssh2
2026-04-20T00:29:44.100151+07:00 gov-ai-svr sshd[977471]: message repeated 4 times: [ Failed password for root from 2.57.122.195 port 59582 ssh2]
2026-04-20T00:29:46.359519+07:00 gov-ai-svr sshd[977471]: Connection reset by authenticating user root 2.57.122.195 port 59582 [preauth]
2026-04-20T00:29:46.360899+07:00 gov-ai-svr sshd[977471]: PAM 4 more authentication failures; logname= uid=0 euid=0 tty=ssh ruser= rhost=2.57.122.195  user=root
2026-04-20T00:29:46.361225+07:00 gov-ai-svr sshd[977471]: PAM service(sshd) ignoring max retries; 5 > 3
2026-04-20T00:29:54.756381+07:00 gov-ai-svr sshd[977476]: pam_unix(sshd:auth): authentication failure; logname= uid=0 euid=0 tty=ssh ruser= rhost=195.178.110.26  user=debian
2026-04-20T00:29:57.001689+07:00 gov-ai-svr sshd[977476]: Failed password for debian from 195.178.110.26 port 54518 ssh2
2026-04-20T00:29:58.700382+07:00 gov-ai-svr sshd[977476]: Connection closed by authenticating user debian 195.178.110.26 port 54518 [preauth]
2026-04-20T00:30:01.475164+07:00 gov-ai-svr CRON[977482]: pam_unix(cron:session): session opened for user debian(uid=1000) by debian(uid=0)
2026-04-20T00:30:09.479079+07:00 gov-ai-svr CRON[977482]: pam_unix(cron:session): session closed for user debian
2026-04-20T00:30:41.533534+07:00 gov-ai-svr sshd[977493]: pam_unix(sshd:auth): authentication failure; logname= uid=0 euid=0 tty=ssh ruser= rhost=198.50.152.30  user=root
2026-04-20T00:30:43.898520+07:00 gov-ai-svr sshd[977493]: Failed password for root from 198.50.152.30 port 47178 ssh2
2026-04-20T00:30:46.010818+07:00 gov-ai-svr sshd[977498]: Invalid user vikas from 216.189.157.132 port 36248
2026-04-20T00:30:46.019502+07:00 gov-ai-svr sshd[977498]: pam_unix(sshd:auth): check pass; user unknown
2026-04-20T00:30:46.019820+07:00 gov-ai-svr sshd[977498]: pam_unix(sshd:auth): authentication failure; logname= uid=0 euid=0 tty=ssh ruser= rhost=216.189.157.132 
2026-04-20T00:30:46.214861+07:00 gov-ai-svr sshd[977500]: pam_unix(sshd:auth): authentication failure; logname= uid=0 euid=0 tty=ssh ruser= rhost=77.87.40.114  user=root
2026-04-20T00:30:46.335673+07:00 gov-ai-svr sshd[977493]: Connection closed by authenticating user root 198.50.152.30 port 47178 [preauth]
2026-04-20T00:30:48.405843+07:00 gov-ai-svr sshd[977498]: Failed password for invalid user vikas from 216.189.157.132 port 36248 ssh2
2026-04-20T00:30:48.597999+07:00 gov-ai-svr sshd[977500]: Failed password for root from 77.87.40.114 port 50246 ssh2
2026-04-20T00:30:49.806705+07:00 gov-ai-svr sshd[977498]: Received disconnect from 216.189.157.132 port 36248:11: Bye Bye [preauth]
2026-04-20T00:30:49.807135+07:00 gov-ai-svr sshd[977498]: Disconnected from invalid user vikas 216.189.157.132 port 36248 [preauth]
2026-04-20T00:30:51.199827+07:00 gov-ai-svr sshd[977500]: Received disconnect from 77.87.40.114 port 50246:11: Bye Bye [preauth]
2026-04-20T00:30:51.200356+07:00 gov-ai-svr sshd[977500]: Disconnected from authenticating user root 77.87.40.114 port 50246 [preauth]
2026-04-20T00:30:58.990552+07:00 gov-ai-svr sshd[977504]: pam_unix(sshd:auth): authentication failure; logname= uid=0 euid=0 tty=ssh ruser= rhost=213.230.127.104  user=root
2026-04-20T00:31:01.354149+07:00 gov-ai-svr sshd[977504]: Failed password for root from 213.230.127.104 port 42386 ssh2
2026-04-20T00:31:01.491567+07:00 gov-ai-svr CRON[977506]: pam_unix(cron:session): session opened for user debian(uid=1000) by debian(uid=0)
2026-04-20T00:31:03.655767+07:00 gov-ai-svr sshd[977504]: Received disconnect from 213.230.127.104 port 42386:11: Bye Bye [preauth]
2026-04-20T00:31:03.656312+07:00 gov-ai-svr sshd[977504]: Disconnected from authenticating user root 213.230.127.104 port 42386 [preauth]
2026-04-20T00:31:15.632496+07:00 gov-ai-svr sshd[977512]: pam_unix(sshd:auth): authentication failure; logname= uid=0 euid=0 tty=ssh ruser= rhost=45.148.10.151  user=root
2026-04-20T00:31:17.667177+07:00 gov-ai-svr sshd[977512]: Failed password for root from 45.148.10.151 port 7202 ssh2
2026-04-20T00:31:20.511771+07:00 gov-ai-svr sshd[977512]: Failed password for root from 45.148.10.151 port 7202 ssh2
2026-04-20T00:31:22.791424+07:00 gov-ai-svr sshd[977514]: pam_unix(sshd:auth): authentication failure; logname= uid=0 euid=0 tty=ssh ruser= rhost=195.178.110.26  user=debian
2026-04-20T00:31:25.086239+07:00 gov-ai-svr sshd[977512]: Failed password for root from 45.148.10.151 port 7202 ssh2
2026-04-20T00:31:25.116595+07:00 gov-ai-svr sshd[977514]: Failed password for debian from 195.178.110.26 port 60332 ssh2
2026-04-20T00:31:26.752388+07:00 gov-ai-svr sshd[977514]: Connection closed by authenticating user debian 195.178.110.26 port 60332 [preauth]
2026-04-20T00:31:29.469413+07:00 gov-ai-svr sshd[977512]: Failed password for root from 45.148.10.151 port 7202 ssh2
2026-04-20T00:31:30.953366+07:00 gov-ai-svr CRON[977506]: pam_unix(cron:session): session closed for user debian
2026-04-20T00:31:32.509910+07:00 gov-ai-svr sshd[977512]: Failed password for root from 45.148.10.151 port 7202 ssh2
2026-04-20T00:31:34.582428+07:00 gov-ai-svr sshd[977512]: Connection reset by authenticating user root 45.148.10.151 port 7202 [preauth]
2026-04-20T00:31:34.582803+07:00 gov-ai-svr sshd[977512]: PAM 4 more authentication failures; logname= uid=0 euid=0 tty=ssh ruser= rhost=45.148.10.151  user=root
2026-04-20T00:31:34.582996+07:00 gov-ai-svr sshd[977512]: PAM service(sshd) ignoring max retries; 5 > 3
2026-04-20T00:32:01.965928+07:00 gov-ai-svr CRON[977523]: pam_unix(cron:session): session opened for user debian(uid=1000) by debian(uid=0)
2026-04-20T00:32:07.634486+07:00 gov-ai-svr sshd[977528]: pam_unix(sshd:auth): authentication failure; logname= uid=0 euid=0 tty=ssh ruser= rhost=198.50.152.30  user=root
2026-04-20T00:32:09.804617+07:00 gov-ai-svr sshd[977528]: Failed password for root from 198.50.152.30 port 46252 ssh2
2026-04-20T00:32:10.210617+07:00 gov-ai-svr sshd[977528]: Connection closed by authenticating user root 198.50.152.30 port 46252 [preauth]
2026-04-20T00:32:12.994805+07:00 gov-ai-svr sshd[977531]: Invalid user test01 from 216.189.157.132 port 49594
2026-04-20T00:32:13.002297+07:00 gov-ai-svr sshd[977531]: pam_unix(sshd:auth): check pass; user unknown
2026-04-20T00:32:13.002586+07:00 gov-ai-svr sshd[977531]: pam_unix(sshd:auth): authentication failure; logname= uid=0 euid=0 tty=ssh ruser= rhost=216.189.157.132 
2026-04-20T00:32:13.807889+07:00 gov-ai-svr CRON[977523]: pam_unix(cron:session): session closed for user debian
2026-04-20T00:32:14.861745+07:00 gov-ai-svr sshd[977531]: Failed password for invalid user test01 from 216.189.157.132 port 49594 ssh2
2026-04-20T00:32:16.347145+07:00 gov-ai-svr sshd[977531]: Received disconnect from 216.189.157.132 port 49594:11: Bye Bye [preauth]
2026-04-20T00:32:16.347516+07:00 gov-ai-svr sshd[977531]: Disconnected from invalid user test01 216.189.157.132 port 49594 [preauth]
2026-04-20T00:32:16.832513+07:00 gov-ai-svr sshd[977535]: pam_unix(sshd:auth): authentication failure; logname= uid=0 euid=0 tty=ssh ruser= rhost=77.87.40.114  user=root
2026-04-20T00:32:19.238142+07:00 gov-ai-svr sshd[977535]: Failed password for root from 77.87.40.114 port 51590 ssh2
2026-04-20T00:32:21.555408+07:00 gov-ai-svr sshd[977535]: Received disconnect from 77.87.40.114 port 51590:11: Bye Bye [preauth]
2026-04-20T00:32:21.555838+07:00 gov-ai-svr sshd[977535]: Disconnected from authenticating user root 77.87.40.114 port 51590 [preauth]
2026-04-20T00:32:39.449176+07:00 gov-ai-svr sshd[977549]: Invalid user deploy from 213.230.127.104 port 34922
2026-04-20T00:32:39.456436+07:00 gov-ai-svr sshd[977549]: pam_unix(sshd:auth): check pass; user unknown
2026-04-20T00:32:39.456679+07:00 gov-ai-svr sshd[977549]: pam_unix(sshd:auth): authentication failure; logname= uid=0 euid=0 tty=ssh ruser= rhost=213.230.127.104 
2026-04-20T00:32:41.687547+07:00 gov-ai-svr sshd[977549]: Failed password for invalid user deploy from 213.230.127.104 port 34922 ssh2
2026-04-20T00:32:42.899547+07:00 gov-ai-svr sshd[977549]: Received disconnect from 213.230.127.104 port 34922:11: Bye Bye [preauth]
2026-04-20T00:32:42.899842+07:00 gov-ai-svr sshd[977549]: Disconnected from invalid user deploy 213.230.127.104 port 34922 [preauth]
2026-04-20T00:32:45.685513+07:00 gov-ai-svr sshd[977554]: pam_unix(sshd:auth): authentication failure; logname= uid=0 euid=0 tty=ssh ruser= rhost=195.178.110.26  user=debian
2026-04-20T00:32:47.072623+07:00 gov-ai-svr sshd[977554]: Failed password for debian from 195.178.110.26 port 37914 ssh2
2026-04-20T00:32:47.731417+07:00 gov-ai-svr sshd[977554]: Connection closed by authenticating user debian 195.178.110.26 port 37914 [preauth]
2026-04-20T00:33:01.820057+07:00 gov-ai-svr CRON[977559]: pam_unix(cron:session): session opened for user debian(uid=1000) by debian(uid=0)
2026-04-20T00:33:02.992865+07:00 gov-ai-svr sshd[977558]: pam_unix(sshd:auth): authentication failure; logname= uid=0 euid=0 tty=ssh ruser= rhost=45.227.254.170  user=root
2026-04-20T00:33:03.644732+07:00 gov-ai-svr sshd[977563]: Invalid user ryan from 193.46.255.86 port 16968
2026-04-20T00:33:03.652223+07:00 gov-ai-svr sshd[977563]: pam_unix(sshd:auth): check pass; user unknown
2026-04-20T00:33:03.652429+07:00 gov-ai-svr sshd[977563]: pam_unix(sshd:auth): authentication failure; logname= uid=0 euid=0 tty=ssh ruser= rhost=193.46.255.86 
2026-04-20T00:33:05.047643+07:00 gov-ai-svr sshd[977558]: Failed password for root from 45.227.254.170 port 35890 ssh2
2026-04-20T00:33:05.512056+07:00 gov-ai-svr sshd[977563]: Failed password for invalid user ryan from 193.46.255.86 port 16968 ssh2
2026-04-20T00:33:05.914399+07:00 gov-ai-svr sshd[977563]: Received disconnect from 193.46.255.86 port 16968:11: Bye [preauth]
2026-04-20T00:33:05.914691+07:00 gov-ai-svr sshd[977563]: Disconnected from invalid user ryan 193.46.255.86 port 16968 [preauth]
2026-04-20T00:33:07.574444+07:00 gov-ai-svr sshd[977558]: Failed password for root from 45.227.254.170 port 35890 ssh2
2026-04-20T00:33:15.540335+07:00 gov-ai-svr sshd[977558]: message repeated 3 times: [ Failed password for root from 45.227.254.170 port 35890 ssh2]
2026-04-20T00:33:17.484494+07:00 gov-ai-svr sshd[977558]: Connection reset by authenticating user root 45.227.254.170 port 35890 [preauth]
2026-04-20T00:33:17.485135+07:00 gov-ai-svr sshd[977558]: PAM 4 more authentication failures; logname= uid=0 euid=0 tty=ssh ruser= rhost=45.227.254.170  user=root
2026-04-20T00:33:17.485373+07:00 gov-ai-svr sshd[977558]: PAM service(sshd) ignoring max retries; 5 > 3
2026-04-20T00:33:19.919927+07:00 gov-ai-svr CRON[977559]: pam_unix(cron:session): session closed for user debian
2026-04-20T00:33:28.596666+07:00 gov-ai-svr sshd[977573]: pam_unix(sshd:auth): authentication failure; logname= uid=0 euid=0 tty=ssh ruser= rhost=198.50.152.30  user=root
2026-04-20T00:33:30.555604+07:00 gov-ai-svr sshd[977573]: Failed password for root from 198.50.152.30 port 45000 ssh2
2026-04-20T00:33:31.139642+07:00 gov-ai-svr sshd[977573]: Connection closed by authenticating user root 198.50.152.30 port 45000 [preauth]
2026-04-20T00:33:38.398731+07:00 gov-ai-svr sshd[977576]: Invalid user luz from 77.87.40.114 port 52924
2026-04-20T00:33:38.405747+07:00 gov-ai-svr sshd[977576]: pam_unix(sshd:auth): check pass; user unknown
2026-04-20T00:33:38.406012+07:00 gov-ai-svr sshd[977576]: pam_unix(sshd:auth): authentication failure; logname= uid=0 euid=0 tty=ssh ruser= rhost=77.87.40.114 
2026-04-20T00:33:40.069677+07:00 gov-ai-svr sshd[977576]: Failed password for invalid user luz from 77.87.40.114 port 52924 ssh2
2026-04-20T00:33:40.650465+07:00 gov-ai-svr sshd[977576]: Received disconnect from 77.87.40.114 port 52924:11: Bye Bye [preauth]
2026-04-20T00:33:40.650765+07:00 gov-ai-svr sshd[977576]: Disconnected from invalid user luz 77.87.40.114 port 52924 [preauth]
2026-04-20T00:34:01.933816+07:00 gov-ai-svr CRON[977580]: pam_unix(cron:session): session opened for user debian(uid=1000) by debian(uid=0)
2026-04-20T00:34:03.543377+07:00 gov-ai-svr sshd[977583]: Invalid user validator from 195.178.110.26 port 43738
2026-04-20T00:34:03.718762+07:00 gov-ai-svr sshd[977583]: pam_unix(sshd:auth): check pass; user unknown
2026-04-20T00:34:03.719065+07:00 gov-ai-svr sshd[977583]: pam_unix(sshd:auth): authentication failure; logname= uid=0 euid=0 tty=ssh ruser= rhost=195.178.110.26 
2026-04-20T00:34:05.482755+07:00 gov-ai-svr sshd[977583]: Failed password for invalid user validator from 195.178.110.26 port 43738 ssh2
2026-04-20T00:34:05.663975+07:00 gov-ai-svr sshd[977583]: Connection closed by invalid user validator 195.178.110.26 port 43738 [preauth]
2026-04-20T00:34:08.570685+07:00 gov-ai-svr CRON[977580]: pam_unix(cron:session): session closed for user debian
2026-04-20T00:34:13.631373+07:00 gov-ai-svr sshd[977590]: pam_unix(sshd:auth): authentication failure; logname= uid=0 euid=0 tty=ssh ruser= rhost=213.230.127.104  user=root
2026-04-20T00:34:15.098739+07:00 gov-ai-svr sshd[977590]: Failed password for root from 213.230.127.104 port 33640 ssh2
2026-04-20T00:34:16.020618+07:00 gov-ai-svr sshd[977590]: Received disconnect from 213.230.127.104 port 33640:11: Bye Bye [preauth]
2026-04-20T00:34:16.020976+07:00 gov-ai-svr sshd[977590]: Disconnected from authenticating user root 213.230.127.104 port 33640 [preauth]
2026-04-20T00:34:48.375834+07:00 gov-ai-svr sshd[977600]: Invalid user testuser from 198.50.152.30 port 58002
2026-04-20T00:34:48.382950+07:00 gov-ai-svr sshd[977600]: pam_unix(sshd:auth): check pass; user unknown
2026-04-20T00:34:48.383247+07:00 gov-ai-svr sshd[977600]: pam_unix(sshd:auth): authentication failure; logname= uid=0 euid=0 tty=ssh ruser= rhost=198.50.152.30 
2026-04-20T00:34:48.838002+07:00 gov-ai-svr sshd[977603]: pam_unix(sshd:auth): authentication failure; logname= uid=0 euid=0 tty=ssh ruser= rhost=2.57.122.190  user=root
2026-04-20T00:34:50.323325+07:00 gov-ai-svr sshd[977600]: Failed password for invalid user testuser from 198.50.152.30 port 58002 ssh2
2026-04-20T00:34:50.777564+07:00 gov-ai-svr sshd[977603]: Failed password for root from 2.57.122.190 port 48236 ssh2
2026-04-20T00:34:52.367495+07:00 gov-ai-svr sshd[977605]: pam_unix(sshd:auth): authentication failure; logname= uid=0 euid=0 tty=ssh ruser= rhost=45.64.112.117  user=debian
2026-04-20T00:34:52.981198+07:00 gov-ai-svr sshd[977603]: Failed password for root from 2.57.122.190 port 48236 ssh2
2026-04-20T00:34:53.177820+07:00 gov-ai-svr sshd[977600]: Connection closed by invalid user testuser 198.50.152.30 port 58002 [preauth]
2026-04-20T00:34:54.522465+07:00 gov-ai-svr sshd[977605]: Failed password for debian from 45.64.112.117 port 59522 ssh2
2026-04-20T00:34:55.717339+07:00 gov-ai-svr sshd[977603]: Failed password for root from 2.57.122.190 port 48236 ssh2
2026-04-20T00:34:56.185336+07:00 gov-ai-svr sshd[977605]: Received disconnect from 45.64.112.117 port 59522:11:  [preauth]
