2026-04-20T01:17:48.864394+07:00 gov-ai-svr sshd[978758]: Failed password for root from 2.57.122.191 port 45792 ssh2
2026-04-20T01:18:01.007148+07:00 gov-ai-svr sshd[978758]: message repeated 4 times: [ Failed password for root from 2.57.122.191 port 45792 ssh2]
2026-04-20T01:18:01.575254+07:00 gov-ai-svr CRON[978762]: pam_unix(cron:session): session opened for user debian(uid=1000) by debian(uid=0)
2026-04-20T01:18:01.844541+07:00 gov-ai-svr sshd[978758]: Connection reset by authenticating user root 2.57.122.191 port 45792 [preauth]
2026-04-20T01:18:01.845232+07:00 gov-ai-svr sshd[978758]: PAM 4 more authentication failures; logname= uid=0 euid=0 tty=ssh ruser= rhost=2.57.122.191  user=root
2026-04-20T01:18:01.845636+07:00 gov-ai-svr sshd[978758]: PAM service(sshd) ignoring max retries; 5 > 3
2026-04-20T01:18:09.967095+07:00 gov-ai-svr CRON[978762]: pam_unix(cron:session): session closed for user debian
2026-04-20T01:18:21.408883+07:00 gov-ai-svr sshd[978770]: Invalid user sol from 195.178.110.26 port 41170
2026-04-20T01:18:21.582126+07:00 gov-ai-svr sshd[978770]: pam_unix(sshd:auth): check pass; user unknown
2026-04-20T01:18:21.582329+07:00 gov-ai-svr sshd[978770]: pam_unix(sshd:auth): authentication failure; logname= uid=0 euid=0 tty=ssh ruser= rhost=195.178.110.26 
2026-04-20T01:18:23.576831+07:00 gov-ai-svr sshd[978770]: Failed password for invalid user sol from 195.178.110.26 port 41170 ssh2
2026-04-20T01:18:23.836789+07:00 gov-ai-svr sshd[978770]: Connection closed by invalid user sol 195.178.110.26 port 41170 [preauth]
2026-04-20T01:18:41.015822+07:00 gov-ai-svr sshd[978776]: Invalid user admin from 198.50.152.30 port 45000
2026-04-20T01:18:41.024141+07:00 gov-ai-svr sshd[978776]: pam_unix(sshd:auth): check pass; user unknown
2026-04-20T01:18:41.024385+07:00 gov-ai-svr sshd[978776]: pam_unix(sshd:auth): authentication failure; logname= uid=0 euid=0 tty=ssh ruser= rhost=198.50.152.30 
2026-04-20T01:18:42.763245+07:00 gov-ai-svr sshd[978776]: Failed password for invalid user admin from 198.50.152.30 port 45000 ssh2
2026-04-20T01:18:44.017678+07:00 gov-ai-svr sshd[978776]: Connection closed by invalid user admin 198.50.152.30 port 45000 [preauth]
2026-04-20T01:19:01.980611+07:00 gov-ai-svr CRON[978785]: pam_unix(cron:session): session opened for user debian(uid=1000) by debian(uid=0)
2026-04-20T01:19:09.588216+07:00 gov-ai-svr CRON[978785]: pam_unix(cron:session): session closed for user debian
2026-04-20T01:19:33.257950+07:00 gov-ai-svr sshd[978796]: pam_unix(sshd:auth): authentication failure; logname= uid=0 euid=0 tty=ssh ruser= rhost=45.148.10.152  user=root
2026-04-20T01:19:35.136492+07:00 gov-ai-svr sshd[978796]: Failed password for root from 45.148.10.152 port 24230 ssh2
2026-04-20T01:19:39.685996+07:00 gov-ai-svr sshd[978796]: message repeated 2 times: [ Failed password for root from 45.148.10.152 port 24230 ssh2]
2026-04-20T01:19:42.007054+07:00 gov-ai-svr sshd[978799]: pam_unix(sshd:auth): authentication failure; logname= uid=0 euid=0 tty=ssh ruser= rhost=195.178.110.26  user=debian
2026-04-20T01:19:42.394865+07:00 gov-ai-svr sshd[978796]: Failed password for root from 45.148.10.152 port 24230 ssh2
2026-04-20T01:19:43.980875+07:00 gov-ai-svr sshd[978799]: Failed password for debian from 195.178.110.26 port 49542 ssh2
2026-04-20T01:19:44.768391+07:00 gov-ai-svr sshd[978796]: Failed password for root from 45.148.10.152 port 24230 ssh2
2026-04-20T01:19:45.421812+07:00 gov-ai-svr sshd[978796]: Connection reset by authenticating user root 45.148.10.152 port 24230 [preauth]
2026-04-20T01:19:45.422696+07:00 gov-ai-svr sshd[978796]: PAM 4 more authentication failures; logname= uid=0 euid=0 tty=ssh ruser= rhost=45.148.10.152  user=root
2026-04-20T01:19:45.422977+07:00 gov-ai-svr sshd[978796]: PAM service(sshd) ignoring max retries; 5 > 3
2026-04-20T01:19:45.950426+07:00 gov-ai-svr sshd[978799]: Connection closed by authenticating user debian 195.178.110.26 port 49542 [preauth]
2026-04-20T01:20:01.600826+07:00 gov-ai-svr CRON[978808]: pam_unix(cron:session): session opened for user debian(uid=1000) by debian(uid=0)
2026-04-20T01:20:01.615920+07:00 gov-ai-svr sshd[978803]: Invalid user user from 198.50.152.30 port 54702
2026-04-20T01:20:01.623180+07:00 gov-ai-svr sshd[978803]: pam_unix(sshd:auth): check pass; user unknown
2026-04-20T01:20:01.623416+07:00 gov-ai-svr sshd[978803]: pam_unix(sshd:auth): authentication failure; logname= uid=0 euid=0 tty=ssh ruser= rhost=198.50.152.30 
2026-04-20T01:20:03.678895+07:00 gov-ai-svr sshd[978803]: Failed password for invalid user user from 198.50.152.30 port 54702 ssh2
2026-04-20T01:20:04.129201+07:00 gov-ai-svr sshd[978803]: Connection closed by invalid user user 198.50.152.30 port 54702 [preauth]
2026-04-20T01:20:11.599493+07:00 gov-ai-svr CRON[978808]: pam_unix(cron:session): session closed for user debian
2026-04-20T01:21:01.613295+07:00 gov-ai-svr CRON[978832]: pam_unix(cron:session): session opened for user debian(uid=1000) by debian(uid=0)
2026-04-20T01:21:05.906538+07:00 gov-ai-svr sshd[978835]: pam_unix(sshd:auth): authentication failure; logname= uid=0 euid=0 tty=ssh ruser= rhost=195.178.110.26  user=debian
2026-04-20T01:21:08.081178+07:00 gov-ai-svr sshd[978835]: Failed password for debian from 195.178.110.26 port 57934 ssh2
2026-04-20T01:21:09.850682+07:00 gov-ai-svr sshd[978835]: Connection closed by authenticating user debian 195.178.110.26 port 57934 [preauth]
2026-04-20T01:21:17.346867+07:00 gov-ai-svr CRON[978832]: pam_unix(cron:session): session closed for user debian
2026-04-20T01:21:21.566786+07:00 gov-ai-svr sshd[978842]: pam_unix(sshd:auth): authentication failure; logname= uid=0 euid=0 tty=ssh ruser= rhost=92.118.39.235  user=root
2026-04-20T01:21:21.877281+07:00 gov-ai-svr sshd[978844]: pam_unix(sshd:auth): authentication failure; logname= uid=0 euid=0 tty=ssh ruser= rhost=123.25.97.130  user=root
2026-04-20T01:21:23.269835+07:00 gov-ai-svr sshd[978842]: Failed password for root from 92.118.39.235 port 39062 ssh2
2026-04-20T01:21:23.548128+07:00 gov-ai-svr sshd[978846]: Invalid user server from 198.50.152.30 port 45000
2026-04-20T01:21:23.556154+07:00 gov-ai-svr sshd[978846]: pam_unix(sshd:auth): check pass; user unknown
2026-04-20T01:21:23.556404+07:00 gov-ai-svr sshd[978846]: pam_unix(sshd:auth): authentication failure; logname= uid=0 euid=0 tty=ssh ruser= rhost=198.50.152.30 
2026-04-20T01:21:23.579985+07:00 gov-ai-svr sshd[978844]: Failed password for root from 123.25.97.130 port 47532 ssh2
2026-04-20T01:21:24.195392+07:00 gov-ai-svr sshd[978844]: Received disconnect from 123.25.97.130 port 47532:11:  [preauth]
2026-04-20T01:21:24.195923+07:00 gov-ai-svr sshd[978844]: Disconnected from authenticating user root 123.25.97.130 port 47532 [preauth]
2026-04-20T01:21:26.203359+07:00 gov-ai-svr sshd[978846]: Failed password for invalid user server from 198.50.152.30 port 45000 ssh2
2026-04-20T01:21:26.492211+07:00 gov-ai-svr sshd[978842]: Failed password for root from 92.118.39.235 port 39062 ssh2
2026-04-20T01:21:27.601630+07:00 gov-ai-svr sshd[978846]: Connection closed by invalid user server 198.50.152.30 port 45000 [preauth]
2026-04-20T01:21:30.775870+07:00 gov-ai-svr sshd[978842]: Failed password for root from 92.118.39.235 port 39062 ssh2
2026-04-20T01:21:38.612690+07:00 gov-ai-svr sshd[978842]: message repeated 2 times: [ Failed password for root from 92.118.39.235 port 39062 ssh2]
2026-04-20T01:21:40.721503+07:00 gov-ai-svr sshd[978842]: Connection reset by authenticating user root 92.118.39.235 port 39062 [preauth]
2026-04-20T01:21:40.722198+07:00 gov-ai-svr sshd[978842]: PAM 4 more authentication failures; logname= uid=0 euid=0 tty=ssh ruser= rhost=92.118.39.235  user=root
2026-04-20T01:21:40.722404+07:00 gov-ai-svr sshd[978842]: PAM service(sshd) ignoring max retries; 5 > 3
2026-04-20T01:22:01.361896+07:00 gov-ai-svr CRON[978854]: pam_unix(cron:session): session opened for user debian(uid=1000) by debian(uid=0)
2026-04-20T01:22:06.225224+07:00 gov-ai-svr sshd[978857]: Connection closed by 14.63.166.251 port 36912 [preauth]
2026-04-20T01:22:11.938604+07:00 gov-ai-svr CRON[978854]: pam_unix(cron:session): session closed for user debian
2026-04-20T01:22:32.277595+07:00 gov-ai-svr sshd[978868]: pam_unix(sshd:auth): authentication failure; logname= uid=0 euid=0 tty=ssh ruser= rhost=195.178.110.26  user=debian
2026-04-20T01:22:34.060690+07:00 gov-ai-svr sshd[978868]: Failed password for debian from 195.178.110.26 port 38086 ssh2
2026-04-20T01:22:34.333076+07:00 gov-ai-svr sshd[978868]: Connection closed by authenticating user debian 195.178.110.26 port 38086 [preauth]
2026-04-20T01:22:48.460198+07:00 gov-ai-svr sshd[978872]: pam_unix(sshd:auth): authentication failure; logname= uid=0 euid=0 tty=ssh ruser= rhost=198.50.152.30  user=root
2026-04-20T01:22:51.106681+07:00 gov-ai-svr sshd[978872]: Failed password for root from 198.50.152.30 port 46884 ssh2
2026-04-20T01:22:53.291500+07:00 gov-ai-svr sshd[978872]: Connection closed by authenticating user root 198.50.152.30 port 46884 [preauth]
2026-04-20T01:23:01.952353+07:00 gov-ai-svr CRON[978877]: pam_unix(cron:session): session opened for user debian(uid=1000) by debian(uid=0)
2026-04-20T01:23:08.460706+07:00 gov-ai-svr CRON[978877]: pam_unix(cron:session): session closed for user debian
2026-04-20T01:23:09.960891+07:00 gov-ai-svr sshd[978883]: pam_unix(sshd:auth): authentication failure; logname= uid=0 euid=0 tty=ssh ruser= rhost=45.148.10.147  user=root
2026-04-20T01:23:11.824606+07:00 gov-ai-svr sshd[978883]: Failed password for root from 45.148.10.147 port 4762 ssh2
2026-04-20T01:23:26.138369+07:00 gov-ai-svr sshd[978883]: message repeated 4 times: [ Failed password for root from 45.148.10.147 port 4762 ssh2]
2026-04-20T01:23:26.646053+07:00 gov-ai-svr sshd[978883]: Connection reset by authenticating user root 45.148.10.147 port 4762 [preauth]
2026-04-20T01:23:26.646980+07:00 gov-ai-svr sshd[978883]: PAM 4 more authentication failures; logname= uid=0 euid=0 tty=ssh ruser= rhost=45.148.10.147  user=root
2026-04-20T01:23:26.647280+07:00 gov-ai-svr sshd[978883]: PAM service(sshd) ignoring max retries; 5 > 3
2026-04-20T01:23:53.517235+07:00 gov-ai-svr sshd[978893]: Invalid user validator from 195.178.110.26 port 46462
2026-04-20T01:23:53.692000+07:00 gov-ai-svr sshd[978893]: pam_unix(sshd:auth): check pass; user unknown
2026-04-20T01:23:53.692443+07:00 gov-ai-svr sshd[978893]: pam_unix(sshd:auth): authentication failure; logname= uid=0 euid=0 tty=ssh ruser= rhost=195.178.110.26 
2026-04-20T01:23:55.596622+07:00 gov-ai-svr sshd[978893]: Failed password for invalid user validator from 195.178.110.26 port 46462 ssh2
2026-04-20T01:23:57.409798+07:00 gov-ai-svr sshd[978893]: Connection closed by invalid user validator 195.178.110.26 port 46462 [preauth]
2026-04-20T01:24:01.475808+07:00 gov-ai-svr CRON[978896]: pam_unix(cron:session): session opened for user debian(uid=1000) by debian(uid=0)
2026-04-20T01:24:10.072065+07:00 gov-ai-svr CRON[978896]: pam_unix(cron:session): session closed for user debian
2026-04-20T01:24:12.850474+07:00 gov-ai-svr sshd[978903]: pam_unix(sshd:auth): authentication failure; logname= uid=0 euid=0 tty=ssh ruser= rhost=198.50.152.30  user=root
2026-04-20T01:24:15.030319+07:00 gov-ai-svr sshd[978903]: Failed password for root from 198.50.152.30 port 60046 ssh2
2026-04-20T01:24:15.442608+07:00 gov-ai-svr sshd[978903]: Connection closed by authenticating user root 198.50.152.30 port 60046 [preauth]
2026-04-20T01:24:56.805249+07:00 gov-ai-svr sshd[978914]: pam_unix(sshd:auth): authentication failure; logname= uid=0 euid=0 tty=ssh ruser= rhost=2.57.122.192  user=root
2026-04-20T01:24:58.357458+07:00 gov-ai-svr sshd[978914]: Failed password for root from 2.57.122.192 port 42150 ssh2
2026-04-20T01:25:01.083991+07:00 gov-ai-svr CRON[978916]: pam_unix(cron:session): session opened for user root(uid=0) by root(uid=0)
2026-04-20T01:25:01.085694+07:00 gov-ai-svr CRON[978917]: pam_unix(cron:session): session opened for user debian(uid=1000) by debian(uid=0)
2026-04-20T01:25:01.092196+07:00 gov-ai-svr CRON[978916]: pam_unix(cron:session): session closed for user root
2026-04-20T01:25:01.243262+07:00 gov-ai-svr sshd[978914]: Failed password for root from 2.57.122.192 port 42150 ssh2
2026-04-20T01:25:06.213645+07:00 gov-ai-svr sshd[978914]: message repeated 2 times: [ Failed password for root from 2.57.122.192 port 42150 ssh2]
2026-04-20T01:25:08.964620+07:00 gov-ai-svr sshd[978914]: Failed password for root from 2.57.122.192 port 42150 ssh2
2026-04-20T01:25:09.178600+07:00 gov-ai-svr sshd[978914]: Connection reset by authenticating user root 2.57.122.192 port 42150 [preauth]
2026-04-20T01:25:09.179551+07:00 gov-ai-svr sshd[978914]: PAM 4 more authentication failures; logname= uid=0 euid=0 tty=ssh ruser= rhost=2.57.122.192  user=root
2026-04-20T01:25:09.179834+07:00 gov-ai-svr sshd[978914]: PAM service(sshd) ignoring max retries; 5 > 3
2026-04-20T01:25:14.814342+07:00 gov-ai-svr CRON[978917]: pam_unix(cron:session): session closed for user debian
2026-04-20T01:25:32.065440+07:00 gov-ai-svr sshd[978930]: pam_unix(sshd:auth): authentication failure; logname= uid=0 euid=0 tty=ssh ruser= rhost=198.50.152.30  user=root
2026-04-20T01:25:33.893493+07:00 gov-ai-svr sshd[978930]: Failed password for root from 198.50.152.30 port 45774 ssh2
2026-04-20T01:25:34.614597+07:00 gov-ai-svr sshd[978930]: Connection closed by authenticating user root 198.50.152.30 port 45774 [preauth]
2026-04-20T01:25:51.326514+07:00 gov-ai-svr sshd[978934]: Connection closed by 195.178.110.26 port 42268
2026-04-20T01:26:01.830054+07:00 gov-ai-svr CRON[978936]: pam_unix(cron:session): session opened for user debian(uid=1000) by debian(uid=0)
2026-04-20T01:26:14.098162+07:00 gov-ai-svr CRON[978936]: pam_unix(cron:session): session closed for user debian
2026-04-20T01:26:43.356225+07:00 gov-ai-svr sshd[978955]: pam_unix(sshd:auth): authentication failure; logname= uid=0 euid=0 tty=ssh ruser= rhost=92.118.39.197  user=root
2026-04-20T01:26:45.932112+07:00 gov-ai-svr sshd[978955]: Failed password for root from 92.118.39.197 port 52276 ssh2
2026-04-20T01:26:50.016389+07:00 gov-ai-svr sshd[978955]: Failed password for root from 92.118.39.197 port 52276 ssh2
2026-04-20T01:26:52.427147+07:00 gov-ai-svr sshd[978955]: Failed password for root from 92.118.39.197 port 52276 ssh2
2026-04-20T01:26:52.795585+07:00 gov-ai-svr sshd[978961]: pam_unix(sshd:auth): authentication failure; logname= uid=0 euid=0 tty=ssh ruser= rhost=198.50.152.30  user=root
2026-04-20T01:26:54.604162+07:00 gov-ai-svr sshd[978961]: Failed password for root from 198.50.152.30 port 45000 ssh2
2026-04-20T01:26:54.641658+07:00 gov-ai-svr sshd[978955]: Failed password for root from 92.118.39.197 port 52276 ssh2
2026-04-20T01:26:55.322170+07:00 gov-ai-svr sshd[978961]: Connection closed by authenticating user root 198.50.152.30 port 45000 [preauth]
2026-04-20T01:26:58.056817+07:00 gov-ai-svr sshd[978955]: Failed password for root from 92.118.39.197 port 52276 ssh2
2026-04-20T01:27:00.231975+07:00 gov-ai-svr sshd[978955]: Connection reset by authenticating user root 92.118.39.197 port 52276 [preauth]
2026-04-20T01:27:00.232419+07:00 gov-ai-svr sshd[978955]: PAM 4 more authentication failures; logname= uid=0 euid=0 tty=ssh ruser= rhost=92.118.39.197  user=root
2026-04-20T01:27:00.232659+07:00 gov-ai-svr sshd[978955]: PAM service(sshd) ignoring max retries; 5 > 3
2026-04-20T01:27:01.114468+07:00 gov-ai-svr CRON[978964]: pam_unix(cron:session): session opened for user debian(uid=1000) by debian(uid=0)
2026-04-20T01:27:17.684175+07:00 gov-ai-svr CRON[978964]: pam_unix(cron:session): session closed for user debian
2026-04-20T01:28:01.697602+07:00 gov-ai-svr CRON[978980]: pam_unix(cron:session): session opened for user debian(uid=1000) by debian(uid=0)
2026-04-20T01:28:14.010339+07:00 gov-ai-svr sshd[978986]: pam_unix(sshd:auth): authentication failure; logname= uid=0 euid=0 tty=ssh ruser= rhost=198.50.152.30  user=root
2026-04-20T01:28:14.562053+07:00 gov-ai-svr CRON[978980]: pam_unix(cron:session): session closed for user debian
2026-04-20T01:28:16.079177+07:00 gov-ai-svr sshd[978986]: Failed password for root from 198.50.152.30 port 45000 ssh2
2026-04-20T01:28:16.550458+07:00 gov-ai-svr sshd[978986]: Connection closed by authenticating user root 198.50.152.30 port 45000 [preauth]
2026-04-20T01:28:31.117204+07:00 gov-ai-svr sshd[978992]: pam_unix(sshd:auth): authentication failure; logname= uid=0 euid=0 tty=ssh ruser= rhost=45.227.254.170  user=root
2026-04-20T01:28:33.517668+07:00 gov-ai-svr sshd[978992]: Failed password for root from 45.227.254.170 port 15466 ssh2
2026-04-20T01:28:47.071315+07:00 gov-ai-svr sshd[978992]: message repeated 4 times: [ Failed password for root from 45.227.254.170 port 15466 ssh2]
2026-04-20T01:28:47.856222+07:00 gov-ai-svr sshd[978992]: Connection reset by authenticating user root 45.227.254.170 port 15466 [preauth]
2026-04-20T01:28:47.857306+07:00 gov-ai-svr sshd[978992]: PAM 4 more authentication failures; logname= uid=0 euid=0 tty=ssh ruser= rhost=45.227.254.170  user=root
2026-04-20T01:28:47.857594+07:00 gov-ai-svr sshd[978992]: PAM service(sshd) ignoring max retries; 5 > 3
2026-04-20T01:29:01.575231+07:00 gov-ai-svr CRON[979003]: pam_unix(cron:session): session opened for user debian(uid=1000) by debian(uid=0)
2026-04-20T01:29:22.075666+07:00 gov-ai-svr CRON[979003]: pam_unix(cron:session): session closed for user debian
2026-04-20T01:29:35.832328+07:00 gov-ai-svr sshd[979013]: pam_unix(sshd:auth): authentication failure; logname= uid=0 euid=0 tty=ssh ruser= rhost=198.50.152.30  user=root
2026-04-20T01:29:38.353359+07:00 gov-ai-svr sshd[979013]: Failed password for root from 198.50.152.30 port 45000 ssh2
2026-04-20T01:29:40.648751+07:00 gov-ai-svr sshd[979013]: Connection closed by authenticating user root 198.50.152.30 port 45000 [preauth]
2026-04-20T01:29:42.461843+07:00 gov-ai-svr sshd[979016]: Invalid user solana from 195.178.110.26 port 38574
2026-04-20T01:29:42.636778+07:00 gov-ai-svr sshd[979016]: pam_unix(sshd:auth): check pass; user unknown
2026-04-20T01:29:42.637189+07:00 gov-ai-svr sshd[979016]: pam_unix(sshd:auth): authentication failure; logname= uid=0 euid=0 tty=ssh ruser= rhost=195.178.110.26 
2026-04-20T01:29:44.786671+07:00 gov-ai-svr sshd[979016]: Failed password for invalid user solana from 195.178.110.26 port 38574 ssh2
2026-04-20T01:29:45.134174+07:00 gov-ai-svr sshd[979016]: Connection closed by invalid user solana 195.178.110.26 port 38574 [preauth]
2026-04-20T01:30:01.089217+07:00 gov-ai-svr CRON[979023]: pam_unix(cron:session): session opened for user debian(uid=1000) by debian(uid=0)
2026-04-20T01:30:09.952902+07:00 gov-ai-svr CRON[979023]: pam_unix(cron:session): session closed for user debian
2026-04-20T01:30:19.147441+07:00 gov-ai-svr sshd[979032]: pam_unix(sshd:auth): authentication failure; logname= uid=0 euid=0 tty=ssh ruser= rhost=2.57.122.191  user=root
2026-04-20T01:30:21.041260+07:00 gov-ai-svr sshd[979032]: Failed password for root from 2.57.122.191 port 23234 ssh2
2026-04-20T01:30:30.958331+07:00 gov-ai-svr sshd[979032]: message repeated 4 times: [ Failed password for root from 2.57.122.191 port 23234 ssh2]
2026-04-20T01:30:31.493163+07:00 gov-ai-svr sshd[979032]: Connection reset by authenticating user root 2.57.122.191 port 23234 [preauth]
2026-04-20T01:30:31.494105+07:00 gov-ai-svr sshd[979032]: PAM 4 more authentication failures; logname= uid=0 euid=0 tty=ssh ruser= rhost=2.57.122.191  user=root
2026-04-20T01:30:31.494443+07:00 gov-ai-svr sshd[979032]: PAM service(sshd) ignoring max retries; 5 > 3
2026-04-20T01:30:58.294487+07:00 gov-ai-svr sshd[979041]: Invalid user ftp from 198.50.152.30 port 45000
2026-04-20T01:30:58.300850+07:00 gov-ai-svr sshd[979041]: pam_unix(sshd:auth): check pass; user unknown
2026-04-20T01:30:58.301115+07:00 gov-ai-svr sshd[979041]: pam_unix(sshd:auth): authentication failure; logname= uid=0 euid=0 tty=ssh ruser= rhost=198.50.152.30 
2026-04-20T01:30:59.884231+07:00 gov-ai-svr sshd[979041]: Failed password for invalid user ftp from 198.50.152.30 port 45000 ssh2
2026-04-20T01:31:00.453786+07:00 gov-ai-svr sshd[979041]: Connection closed by invalid user ftp 198.50.152.30 port 45000 [preauth]
2026-04-20T01:31:01.965511+07:00 gov-ai-svr CRON[979043]: pam_unix(cron:session): session opened for user debian(uid=1000) by debian(uid=0)
2026-04-20T01:31:04.865089+07:00 gov-ai-svr sshd[979046]: Invalid user sol from 195.178.110.26 port 46762
2026-04-20T01:31:05.039995+07:00 gov-ai-svr sshd[979046]: pam_unix(sshd:auth): check pass; user unknown
2026-04-20T01:31:05.040541+07:00 gov-ai-svr sshd[979046]: pam_unix(sshd:auth): authentication failure; logname= uid=0 euid=0 tty=ssh ruser= rhost=195.178.110.26 
2026-04-20T01:31:06.583200+07:00 gov-ai-svr sshd[979046]: Failed password for invalid user sol from 195.178.110.26 port 46762 ssh2
2026-04-20T01:31:07.293492+07:00 gov-ai-svr sshd[979046]: Connection closed by invalid user sol 195.178.110.26 port 46762 [preauth]
2026-04-20T01:31:13.747342+07:00 gov-ai-svr CRON[979043]: pam_unix(cron:session): session closed for user debian
2026-04-20T01:32:01.760000+07:00 gov-ai-svr CRON[979059]: pam_unix(cron:session): session opened for user debian(uid=1000) by debian(uid=0)
2026-04-20T01:32:05.725675+07:00 gov-ai-svr sshd[979062]: pam_unix(sshd:auth): authentication failure; logname= uid=0 euid=0 tty=ssh ruser= rhost=2.57.122.194  user=root
2026-04-20T01:32:07.839915+07:00 gov-ai-svr sshd[979062]: Failed password for root from 2.57.122.194 port 4482 ssh2
2026-04-20T01:32:09.942193+07:00 gov-ai-svr CRON[979059]: pam_unix(cron:session): session closed for user debian
2026-04-20T01:32:10.725640+07:00 gov-ai-svr sshd[979062]: Failed password for root from 2.57.122.194 port 4482 ssh2
2026-04-20T01:32:15.009738+07:00 gov-ai-svr sshd[979062]: Failed password for root from 2.57.122.194 port 4482 ssh2
2026-04-20T01:32:16.509778+07:00 gov-ai-svr sshd[979069]: pam_unix(sshd:auth): authentication failure; logname= uid=0 euid=0 tty=ssh ruser= rhost=198.50.152.30  user=root
2026-04-20T01:32:16.896707+07:00 gov-ai-svr sshd[979062]: Failed password for root from 2.57.122.194 port 4482 ssh2
2026-04-20T01:32:18.132607+07:00 gov-ai-svr sshd[979069]: Failed password for root from 198.50.152.30 port 45000 ssh2
2026-04-20T01:32:19.082813+07:00 gov-ai-svr sshd[979069]: Connection closed by authenticating user root 198.50.152.30 port 45000 [preauth]
2026-04-20T01:32:19.978532+07:00 gov-ai-svr sshd[979062]: Failed password for root from 2.57.122.194 port 4482 ssh2
2026-04-20T01:32:20.358172+07:00 gov-ai-svr sshd[979062]: Connection reset by authenticating user root 2.57.122.194 port 4482 [preauth]
2026-04-20T01:32:20.359116+07:00 gov-ai-svr sshd[979062]: PAM 4 more authentication failures; logname= uid=0 euid=0 tty=ssh ruser= rhost=2.57.122.194  user=root
2026-04-20T01:32:20.359404+07:00 gov-ai-svr sshd[979062]: PAM service(sshd) ignoring max retries; 5 > 3
2026-04-20T01:32:22.651823+07:00 gov-ai-svr sshd[979071]: pam_unix(sshd:auth): authentication failure; logname= uid=0 euid=0 tty=ssh ruser= rhost=103.42.57.146  user=root
2026-04-20T01:32:24.766098+07:00 gov-ai-svr sshd[979071]: Failed password for root from 103.42.57.146 port 37850 ssh2
2026-04-20T01:32:24.963054+07:00 gov-ai-svr sshd[979071]: Received disconnect from 103.42.57.146 port 37850:11:  [preauth]
2026-04-20T01:32:24.963422+07:00 gov-ai-svr sshd[979071]: Disconnected from authenticating user root 103.42.57.146 port 37850 [preauth]
2026-04-20T01:32:26.721939+07:00 gov-ai-svr sshd[979076]: Invalid user solv from 195.178.110.26 port 54948
2026-04-20T01:32:26.898737+07:00 gov-ai-svr sshd[979076]: pam_unix(sshd:auth): check pass; user unknown
2026-04-20T01:32:26.899152+07:00 gov-ai-svr sshd[979076]: pam_unix(sshd:auth): authentication failure; logname= uid=0 euid=0 tty=ssh ruser= rhost=195.178.110.26 
2026-04-20T01:32:28.046992+07:00 gov-ai-svr sshd[979078]: Invalid user admin from 2.57.121.112 port 24392
2026-04-20T01:32:28.054069+07:00 gov-ai-svr sshd[979078]: pam_unix(sshd:auth): check pass; user unknown
2026-04-20T01:32:28.054277+07:00 gov-ai-svr sshd[979078]: pam_unix(sshd:auth): authentication failure; logname= uid=0 euid=0 tty=ssh ruser= rhost=2.57.121.112 
2026-04-20T01:32:28.898125+07:00 gov-ai-svr sshd[979076]: Failed password for invalid user solv from 195.178.110.26 port 54948 ssh2
2026-04-20T01:32:29.390247+07:00 gov-ai-svr sshd[979076]: Connection closed by invalid user solv 195.178.110.26 port 54948 [preauth]
2026-04-20T01:32:29.993081+07:00 gov-ai-svr sshd[979078]: Failed password for invalid user admin from 2.57.121.112 port 24392 ssh2
2026-04-20T01:32:31.027928+07:00 gov-ai-svr sshd[979078]: pam_unix(sshd:auth): check pass; user unknown
2026-04-20T01:32:33.046774+07:00 gov-ai-svr sshd[979078]: Failed password for invalid user admin from 2.57.121.112 port 24392 ssh2
2026-04-20T01:32:34.010771+07:00 gov-ai-svr sshd[979078]: pam_unix(sshd:auth): check pass; user unknown
2026-04-20T01:32:35.774233+07:00 gov-ai-svr sshd[979078]: Failed password for invalid user admin from 2.57.121.112 port 24392 ssh2
2026-04-20T01:32:36.994642+07:00 gov-ai-svr sshd[979078]: pam_unix(sshd:auth): check pass; user unknown
2026-04-20T01:32:39.033367+07:00 gov-ai-svr sshd[979078]: Failed password for invalid user admin from 2.57.121.112 port 24392 ssh2
2026-04-20T01:32:39.976722+07:00 gov-ai-svr sshd[979078]: pam_unix(sshd:auth): check pass; user unknown
2026-04-20T01:32:42.427579+07:00 gov-ai-svr sshd[979078]: Failed password for invalid user admin from 2.57.121.112 port 24392 ssh2
2026-04-20T01:32:42.957490+07:00 gov-ai-svr sshd[979078]: Received disconnect from 2.57.121.112 port 24392:11: Bye [preauth]
2026-04-20T01:32:42.957812+07:00 gov-ai-svr sshd[979078]: Disconnected from invalid user admin 2.57.121.112 port 24392 [preauth]
2026-04-20T01:32:42.958330+07:00 gov-ai-svr sshd[979078]: PAM 4 more authentication failures; logname= uid=0 euid=0 tty=ssh ruser= rhost=2.57.121.112 
2026-04-20T01:32:42.958625+07:00 gov-ai-svr sshd[979078]: PAM service(sshd) ignoring max retries; 5 > 3
2026-04-20T01:33:01.955259+07:00 gov-ai-svr CRON[979093]: pam_unix(cron:session): session opened for user debian(uid=1000) by debian(uid=0)
2026-04-20T01:33:10.120450+07:00 gov-ai-svr CRON[979093]: pam_unix(cron:session): session closed for user debian
2026-04-20T01:33:38.525640+07:00 gov-ai-svr sshd[979105]: pam_unix(sshd:auth): authentication failure; logname= uid=0 euid=0 tty=ssh ruser= rhost=198.50.152.30  user=root
2026-04-20T01:33:40.740518+07:00 gov-ai-svr sshd[979105]: Failed password for root from 198.50.152.30 port 45000 ssh2
2026-04-20T01:33:41.076628+07:00 gov-ai-svr sshd[979105]: Connection closed by authenticating user root 198.50.152.30 port 45000 [preauth]
2026-04-20T01:33:51.314903+07:00 gov-ai-svr sshd[979108]: pam_unix(sshd:auth): authentication failure; logname= uid=0 euid=0 tty=ssh ruser= rhost=195.178.110.26  user=debian
2026-04-20T01:33:52.772886+07:00 gov-ai-svr sshd[979110]: pam_unix(sshd:auth): authentication failure; logname= uid=0 euid=0 tty=ssh ruser= rhost=45.148.10.152  user=root
2026-04-20T01:33:53.314112+07:00 gov-ai-svr sshd[979108]: Failed password for debian from 195.178.110.26 port 34920 ssh2
2026-04-20T01:33:55.243756+07:00 gov-ai-svr sshd[979110]: Failed password for root from 45.148.10.152 port 49866 ssh2
2026-04-20T01:33:55.262716+07:00 gov-ai-svr sshd[979108]: Connection closed by authenticating user debian 195.178.110.26 port 34920 [preauth]
2026-04-20T01:33:59.957138+07:00 gov-ai-svr sshd[979110]: Failed password for root from 45.148.10.152 port 49866 ssh2
2026-04-20T01:34:01.133792+07:00 gov-ai-svr CRON[979113]: pam_unix(cron:session): session opened for user debian(uid=1000) by debian(uid=0)
2026-04-20T01:34:04.003674+07:00 gov-ai-svr sshd[979110]: Failed password for root from 45.148.10.152 port 49866 ssh2
2026-04-20T01:34:11.425807+07:00 gov-ai-svr sshd[979110]: message repeated 2 times: [ Failed password for root from 45.148.10.152 port 49866 ssh2]
2026-04-20T01:34:11.685540+07:00 gov-ai-svr CRON[979113]: pam_unix(cron:session): session closed for user debian
2026-04-20T01:34:11.718359+07:00 gov-ai-svr sshd[979110]: Connection reset by authenticating user root 45.148.10.152 port 49866 [preauth]
2026-04-20T01:34:11.718964+07:00 gov-ai-svr sshd[979110]: PAM 4 more authentication failures; logname= uid=0 euid=0 tty=ssh ruser= rhost=45.148.10.152  user=root
2026-04-20T01:34:11.719231+07:00 gov-ai-svr sshd[979110]: PAM service(sshd) ignoring max retries; 5 > 3
2026-04-20T01:35:01.689430+07:00 gov-ai-svr sshd[979133]: pam_unix(sshd:auth): authentication failure; logname= uid=0 euid=0 tty=ssh ruser= rhost=198.50.152.30  user=root
2026-04-20T01:35:01.695164+07:00 gov-ai-svr CRON[979135]: pam_unix(cron:session): session opened for user root(uid=0) by root(uid=0)
2026-04-20T01:35:01.698175+07:00 gov-ai-svr CRON[979136]: pam_unix(cron:session): session opened for user debian(uid=1000) by debian(uid=0)
2026-04-20T01:35:01.702847+07:00 gov-ai-svr CRON[979135]: pam_unix(cron:session): session closed for user root
2026-04-20T01:35:03.632829+07:00 gov-ai-svr sshd[979133]: Failed password for root from 198.50.152.30 port 45000 ssh2
2026-04-20T01:35:04.244686+07:00 gov-ai-svr sshd[979133]: Connection closed by authenticating user root 198.50.152.30 port 45000 [preauth]
2026-04-20T01:35:15.255045+07:00 gov-ai-svr sshd[979146]: Invalid user sol from 195.178.110.26 port 43142
2026-04-20T01:35:15.428838+07:00 gov-ai-svr sshd[979146]: pam_unix(sshd:auth): check pass; user unknown
2026-04-20T01:35:15.429207+07:00 gov-ai-svr sshd[979146]: pam_unix(sshd:auth): authentication failure; logname= uid=0 euid=0 tty=ssh ruser= rhost=195.178.110.26 
2026-04-20T01:35:17.628975+07:00 gov-ai-svr sshd[979146]: Failed password for invalid user sol from 195.178.110.26 port 43142 ssh2
2026-04-20T01:35:19.485460+07:00 gov-ai-svr CRON[979136]: pam_unix(cron:session): session closed for user debian
2026-04-20T01:35:19.767858+07:00 gov-ai-svr sshd[979146]: Connection closed by invalid user sol 195.178.110.26 port 43142 [preauth]
2026-04-20T01:35:42.263704+07:00 gov-ai-svr sshd[979151]: pam_unix(sshd:auth): authentication failure; logname= uid=0 euid=0 tty=ssh ruser= rhost=2.57.122.195  user=root
2026-04-20T01:35:44.166234+07:00 gov-ai-svr sshd[979151]: Failed password for root from 2.57.122.195 port 45570 ssh2
2026-04-20T01:35:54.788233+07:00 gov-ai-svr sshd[979151]: message repeated 4 times: [ Failed password for root from 2.57.122.195 port 45570 ssh2]
2026-04-20T01:35:56.916706+07:00 gov-ai-svr sshd[979151]: Connection reset by authenticating user root 2.57.122.195 port 45570 [preauth]
2026-04-20T01:35:56.917389+07:00 gov-ai-svr sshd[979151]: PAM 4 more authentication failures; logname= uid=0 euid=0 tty=ssh ruser= rhost=2.57.122.195  user=root
2026-04-20T01:35:56.917611+07:00 gov-ai-svr sshd[979151]: PAM service(sshd) ignoring max retries; 5 > 3
2026-04-20T01:36:01.498812+07:00 gov-ai-svr CRON[979155]: pam_unix(cron:session): session opened for user debian(uid=1000) by debian(uid=0)
2026-04-20T01:36:17.063569+07:00 gov-ai-svr CRON[979155]: pam_unix(cron:session): session closed for user debian
2026-04-20T01:36:22.109990+07:00 gov-ai-svr sshd[979163]: Invalid user minecraft from 198.50.152.30 port 45000
2026-04-20T01:36:22.116798+07:00 gov-ai-svr sshd[979163]: pam_unix(sshd:auth): check pass; user unknown
2026-04-20T01:36:22.117145+07:00 gov-ai-svr sshd[979163]: pam_unix(sshd:auth): authentication failure; logname= uid=0 euid=0 tty=ssh ruser= rhost=198.50.152.30 
2026-04-20T01:36:24.181419+07:00 gov-ai-svr sshd[979163]: Failed password for invalid user minecraft from 198.50.152.30 port 45000 ssh2
2026-04-20T01:36:26.546826+07:00 gov-ai-svr sshd[979163]: Connection closed by invalid user minecraft 198.50.152.30 port 45000 [preauth]
2026-04-20T01:36:35.729080+07:00 gov-ai-svr sshd[979169]: Invalid user sol from 195.178.110.26 port 51360
2026-04-20T01:36:35.903768+07:00 gov-ai-svr sshd[979169]: pam_unix(sshd:auth): check pass; user unknown
2026-04-20T01:36:35.904205+07:00 gov-ai-svr sshd[979169]: pam_unix(sshd:auth): authentication failure; logname= uid=0 euid=0 tty=ssh ruser= rhost=195.178.110.26 
2026-04-20T01:36:38.419864+07:00 gov-ai-svr sshd[979169]: Failed password for invalid user sol from 195.178.110.26 port 51360 ssh2
2026-04-20T01:36:40.241929+07:00 gov-ai-svr sshd[979169]: Connection closed by invalid user sol 195.178.110.26 port 51360 [preauth]
2026-04-20T01:37:01.075922+07:00 gov-ai-svr CRON[979177]: pam_unix(cron:session): session opened for user debian(uid=1000) by debian(uid=0)
2026-04-20T01:37:28.253068+07:00 gov-ai-svr sshd[979185]: pam_unix(sshd:auth): authentication failure; logname= uid=0 euid=0 tty=ssh ruser= rhost=2.57.122.190  user=root
2026-04-20T01:37:29.723584+07:00 gov-ai-svr CRON[979177]: pam_unix(cron:session): session closed for user debian
2026-04-20T01:37:30.377161+07:00 gov-ai-svr sshd[979185]: Failed password for root from 2.57.122.190 port 60346 ssh2
2026-04-20T01:37:31.594801+07:00 gov-ai-svr sshd[979190]: Invalid user user from 2.57.121.25 port 19005
2026-04-20T01:37:31.602100+07:00 gov-ai-svr sshd[979190]: pam_unix(sshd:auth): check pass; user unknown
2026-04-20T01:37:31.602327+07:00 gov-ai-svr sshd[979190]: pam_unix(sshd:auth): authentication failure; logname= uid=0 euid=0 tty=ssh ruser= rhost=2.57.121.25 
2026-04-20T01:37:32.119359+07:00 gov-ai-svr sshd[979185]: Failed password for root from 2.57.122.190 port 60346 ssh2
2026-04-20T01:37:33.471066+07:00 gov-ai-svr sshd[979190]: Failed password for invalid user user from 2.57.121.25 port 19005 ssh2
2026-04-20T01:37:34.063251+07:00 gov-ai-svr sshd[979190]: pam_unix(sshd:auth): check pass; user unknown
2026-04-20T01:37:35.336703+07:00 gov-ai-svr sshd[979185]: Failed password for root from 2.57.122.190 port 60346 ssh2
2026-04-20T01:37:36.012400+07:00 gov-ai-svr sshd[979190]: Failed password for invalid user user from 2.57.121.25 port 19005 ssh2
2026-04-20T01:37:36.534815+07:00 gov-ai-svr sshd[979190]: pam_unix(sshd:auth): check pass; user unknown
2026-04-20T01:37:38.082165+07:00 gov-ai-svr sshd[979185]: Failed password for root from 2.57.122.190 port 60346 ssh2
2026-04-20T01:37:38.423933+07:00 gov-ai-svr sshd[979190]: Failed password for invalid user user from 2.57.121.25 port 19005 ssh2
2026-04-20T01:37:39.007563+07:00 gov-ai-svr sshd[979190]: pam_unix(sshd:auth): check pass; user unknown
2026-04-20T01:37:40.640823+07:00 gov-ai-svr sshd[979190]: Failed password for invalid user user from 2.57.121.25 port 19005 ssh2
2026-04-20T01:37:41.479466+07:00 gov-ai-svr sshd[979190]: pam_unix(sshd:auth): check pass; user unknown
2026-04-20T01:37:42.492695+07:00 gov-ai-svr sshd[979185]: Failed password for root from 2.57.122.190 port 60346 ssh2
2026-04-20T01:37:42.853090+07:00 gov-ai-svr sshd[979185]: Connection reset by authenticating user root 2.57.122.190 port 60346 [preauth]
2026-04-20T01:37:42.854050+07:00 gov-ai-svr sshd[979185]: PAM 4 more authentication failures; logname= uid=0 euid=0 tty=ssh ruser= rhost=2.57.122.190  user=root
2026-04-20T01:37:42.854306+07:00 gov-ai-svr sshd[979185]: PAM service(sshd) ignoring max retries; 5 > 3
2026-04-20T01:37:43.388627+07:00 gov-ai-svr sshd[979190]: Failed password for invalid user user from 2.57.121.25 port 19005 ssh2
2026-04-20T01:37:43.949905+07:00 gov-ai-svr sshd[979190]: Received disconnect from 2.57.121.25 port 19005:11: Bye [preauth]
2026-04-20T01:37:43.950482+07:00 gov-ai-svr sshd[979190]: Disconnected from invalid user user 2.57.121.25 port 19005 [preauth]
2026-04-20T01:37:43.950740+07:00 gov-ai-svr sshd[979190]: PAM 4 more authentication failures; logname= uid=0 euid=0 tty=ssh ruser= rhost=2.57.121.25 
2026-04-20T01:37:43.950972+07:00 gov-ai-svr sshd[979190]: PAM service(sshd) ignoring max retries; 5 > 3
2026-04-20T01:37:44.312299+07:00 gov-ai-svr sshd[979193]: Invalid user huawei from 198.50.152.30 port 57414
2026-04-20T01:37:44.319053+07:00 gov-ai-svr sshd[979193]: pam_unix(sshd:auth): check pass; user unknown
2026-04-20T01:37:44.319253+07:00 gov-ai-svr sshd[979193]: pam_unix(sshd:auth): authentication failure; logname= uid=0 euid=0 tty=ssh ruser= rhost=198.50.152.30 
2026-04-20T01:37:46.308334+07:00 gov-ai-svr sshd[979193]: Failed password for invalid user huawei from 198.50.152.30 port 57414 ssh2
2026-04-20T01:37:48.021218+07:00 gov-ai-svr sshd[979193]: Connection closed by invalid user huawei 198.50.152.30 port 57414 [preauth]
2026-04-20T01:37:53.098472+07:00 gov-ai-svr sshd[979196]: Invalid user validator from 195.178.110.26 port 59564
2026-04-20T01:37:53.296636+07:00 gov-ai-svr sshd[979196]: pam_unix(sshd:auth): check pass; user unknown
2026-04-20T01:37:53.296992+07:00 gov-ai-svr sshd[979196]: pam_unix(sshd:auth): authentication failure; logname= uid=0 euid=0 tty=ssh ruser= rhost=195.178.110.26 
2026-04-20T01:37:55.185930+07:00 gov-ai-svr sshd[979196]: Failed password for invalid user validator from 195.178.110.26 port 59564 ssh2
2026-04-20T01:37:57.018416+07:00 gov-ai-svr sshd[979196]: Connection closed by invalid user validator 195.178.110.26 port 59564 [preauth]
2026-04-20T01:38:01.736628+07:00 gov-ai-svr CRON[979200]: pam_unix(cron:session): session opened for user debian(uid=1000) by debian(uid=0)
2026-04-20T01:38:14.295617+07:00 gov-ai-svr CRON[979200]: pam_unix(cron:session): session closed for user debian
2026-04-20T01:39:01.308614+07:00 gov-ai-svr CRON[979229]: pam_unix(cron:session): session opened for user debian(uid=1000) by debian(uid=0)
2026-04-20T01:39:04.782773+07:00 gov-ai-svr sshd[979232]: Invalid user student from 198.50.152.30 port 54904
2026-04-20T01:39:04.791112+07:00 gov-ai-svr sshd[979232]: pam_unix(sshd:auth): check pass; user unknown
2026-04-20T01:39:04.791358+07:00 gov-ai-svr sshd[979232]: pam_unix(sshd:auth): authentication failure; logname= uid=0 euid=0 tty=ssh ruser= rhost=198.50.152.30 
2026-04-20T01:39:07.096348+07:00 gov-ai-svr sshd[979232]: Failed password for invalid user student from 198.50.152.30 port 54904 ssh2
2026-04-20T01:39:08.071693+07:00 gov-ai-svr sshd[979232]: Connection closed by invalid user student 198.50.152.30 port 54904 [preauth]
2026-04-20T01:39:11.773121+07:00 gov-ai-svr sshd[979237]: Invalid user node from 195.178.110.26 port 39528
2026-04-20T01:39:11.947926+07:00 gov-ai-svr sshd[979237]: pam_unix(sshd:auth): check pass; user unknown
2026-04-20T01:39:11.948294+07:00 gov-ai-svr sshd[979237]: pam_unix(sshd:auth): authentication failure; logname= uid=0 euid=0 tty=ssh ruser= rhost=195.178.110.26 
2026-04-20T01:39:13.877366+07:00 gov-ai-svr sshd[979237]: Failed password for invalid user node from 195.178.110.26 port 39528 ssh2
2026-04-20T01:39:14.463876+07:00 gov-ai-svr sshd[979239]: pam_unix(sshd:auth): authentication failure; logname= uid=0 euid=0 tty=ssh ruser= rhost=2.57.122.193  user=root
2026-04-20T01:39:14.945493+07:00 gov-ai-svr sshd[979237]: Connection closed by invalid user node 195.178.110.26 port 39528 [preauth]
2026-04-20T01:39:16.472630+07:00 gov-ai-svr sshd[979239]: Failed password for root from 2.57.122.193 port 44292 ssh2
2026-04-20T01:39:19.224747+07:00 gov-ai-svr sshd[979239]: Failed password for root from 2.57.122.193 port 44292 ssh2
2026-04-20T01:39:19.400098+07:00 gov-ai-svr CRON[979229]: pam_unix(cron:session): session closed for user debian
2026-04-20T01:39:23.645627+07:00 gov-ai-svr sshd[979239]: Failed password for root from 2.57.122.193 port 44292 ssh2
2026-04-20T01:39:28.952962+07:00 gov-ai-svr sshd[979239]: message repeated 2 times: [ Failed password for root from 2.57.122.193 port 44292 ssh2]
2026-04-20T01:39:31.364607+07:00 gov-ai-svr sshd[979239]: Connection reset by authenticating user root 2.57.122.193 port 44292 [preauth]
2026-04-20T01:39:31.364998+07:00 gov-ai-svr sshd[979239]: PAM 4 more authentication failures; logname= uid=0 euid=0 tty=ssh ruser= rhost=2.57.122.193  user=root
2026-04-20T01:39:31.365321+07:00 gov-ai-svr sshd[979239]: PAM service(sshd) ignoring max retries; 5 > 3
2026-04-20T01:40:01.413397+07:00 gov-ai-svr CRON[979254]: pam_unix(cron:session): session opened for user debian(uid=1000) by debian(uid=0)
2026-04-20T01:40:15.649160+07:00 gov-ai-svr CRON[979254]: pam_unix(cron:session): session closed for user debian
2026-04-20T01:40:24.886738+07:00 gov-ai-svr sshd[979260]: pam_unix(sshd:auth): authentication failure; logname= uid=0 euid=0 tty=ssh ruser= rhost=198.50.152.30  user=root
2026-04-20T01:40:26.504102+07:00 gov-ai-svr sshd[979260]: Failed password for root from 198.50.152.30 port 50850 ssh2
2026-04-20T01:40:27.469054+07:00 gov-ai-svr sshd[979260]: Connection closed by authenticating user root 198.50.152.30 port 50850 [preauth]
2026-04-20T01:40:33.302729+07:00 gov-ai-svr sshd[979267]: Invalid user sol from 195.178.110.26 port 47740
2026-04-20T01:40:33.477825+07:00 gov-ai-svr sshd[979267]: pam_unix(sshd:auth): check pass; user unknown
2026-04-20T01:40:33.478157+07:00 gov-ai-svr sshd[979267]: pam_unix(sshd:auth): authentication failure; logname= uid=0 euid=0 tty=ssh ruser= rhost=195.178.110.26 
2026-04-20T01:40:35.667743+07:00 gov-ai-svr sshd[979267]: Failed password for invalid user sol from 195.178.110.26 port 47740 ssh2
2026-04-20T01:40:37.814651+07:00 gov-ai-svr sshd[979267]: Connection closed by invalid user sol 195.178.110.26 port 47740 [preauth]
2026-04-20T01:41:01.661859+07:00 gov-ai-svr CRON[979277]: pam_unix(cron:session): session opened for user debian(uid=1000) by debian(uid=0)
2026-04-20T01:41:02.477640+07:00 gov-ai-svr sshd[979275]: pam_unix(sshd:auth): authentication failure; logname= uid=0 euid=0 tty=ssh ruser= rhost=92.118.39.197  user=root
2026-04-20T01:41:04.311124+07:00 gov-ai-svr sshd[979275]: Failed password for root from 92.118.39.197 port 2488 ssh2
2026-04-20T01:41:07.401108+07:00 gov-ai-svr sshd[979275]: Failed password for root from 92.118.39.197 port 2488 ssh2
2026-04-20T01:41:11.051642+07:00 gov-ai-svr CRON[979277]: pam_unix(cron:session): session closed for user debian
2026-04-20T01:41:11.825368+07:00 gov-ai-svr sshd[979275]: Failed password for root from 92.118.39.197 port 2488 ssh2
2026-04-20T01:41:16.470793+07:00 gov-ai-svr sshd[979275]: message repeated 2 times: [ Failed password for root from 92.118.39.197 port 2488 ssh2]
2026-04-20T01:41:17.130665+07:00 gov-ai-svr sshd[979275]: Connection reset by authenticating user root 92.118.39.197 port 2488 [preauth]
2026-04-20T01:41:17.131545+07:00 gov-ai-svr sshd[979275]: PAM 4 more authentication failures; logname= uid=0 euid=0 tty=ssh ruser= rhost=92.118.39.197  user=root
2026-04-20T01:41:17.131883+07:00 gov-ai-svr sshd[979275]: PAM service(sshd) ignoring max retries; 5 > 3
2026-04-20T01:41:47.620594+07:00 gov-ai-svr sshd[979292]: pam_unix(sshd:auth): authentication failure; logname= uid=0 euid=0 tty=ssh ruser= rhost=198.50.152.30  user=root
2026-04-20T01:41:49.634353+07:00 gov-ai-svr sshd[979292]: Failed password for root from 198.50.152.30 port 54560 ssh2
2026-04-20T01:41:50.274205+07:00 gov-ai-svr sshd[979292]: Connection closed by authenticating user root 198.50.152.30 port 54560 [preauth]
2026-04-20T01:41:57.078396+07:00 gov-ai-svr sshd[979298]: Invalid user sol from 195.178.110.26 port 55932
2026-04-20T01:41:57.253424+07:00 gov-ai-svr sshd[979298]: pam_unix(sshd:auth): check pass; user unknown
2026-04-20T01:41:57.253703+07:00 gov-ai-svr sshd[979298]: pam_unix(sshd:auth): authentication failure; logname= uid=0 euid=0 tty=ssh ruser= rhost=195.178.110.26 
2026-04-20T01:41:59.639286+07:00 gov-ai-svr sshd[979298]: Failed password for invalid user sol from 195.178.110.26 port 55932 ssh2
2026-04-20T01:42:01.063379+07:00 gov-ai-svr CRON[979300]: pam_unix(cron:session): session opened for user debian(uid=1000) by debian(uid=0)
2026-04-20T01:42:01.588740+07:00 gov-ai-svr sshd[979298]: Connection closed by invalid user sol 195.178.110.26 port 55932 [preauth]
2026-04-20T01:42:11.192074+07:00 gov-ai-svr CRON[979300]: pam_unix(cron:session): session closed for user debian
2026-04-20T01:42:49.784983+07:00 gov-ai-svr sshd[979316]: pam_unix(sshd:auth): authentication failure; logname= uid=0 euid=0 tty=ssh ruser= rhost=45.148.10.157  user=root
2026-04-20T01:42:51.643160+07:00 gov-ai-svr sshd[979316]: Failed password for root from 45.148.10.157 port 23734 ssh2
2026-04-20T01:42:54.487802+07:00 gov-ai-svr sshd[979316]: Failed password for root from 45.148.10.157 port 23734 ssh2
2026-04-20T01:42:58.730226+07:00 gov-ai-svr sshd[979316]: Failed password for root from 45.148.10.157 port 23734 ssh2
2026-04-20T01:43:01.203951+07:00 gov-ai-svr CRON[979323]: pam_unix(cron:session): session opened for user debian(uid=1000) by debian(uid=0)
2026-04-20T01:43:01.243854+07:00 gov-ai-svr sshd[979316]: Failed password for root from 45.148.10.157 port 23734 ssh2
2026-04-20T01:43:03.617552+07:00 gov-ai-svr sshd[979316]: Failed password for root from 45.148.10.157 port 23734 ssh2
2026-04-20T01:43:04.211678+07:00 gov-ai-svr sshd[979316]: Connection reset by authenticating user root 45.148.10.157 port 23734 [preauth]
2026-04-20T01:43:04.212442+07:00 gov-ai-svr sshd[979316]: PAM 4 more authentication failures; logname= uid=0 euid=0 tty=ssh ruser= rhost=45.148.10.157  user=root
2026-04-20T01:43:04.212657+07:00 gov-ai-svr sshd[979316]: PAM service(sshd) ignoring max retries; 5 > 3
2026-04-20T01:43:06.638211+07:00 gov-ai-svr sshd[979327]: pam_unix(sshd:auth): authentication failure; logname= uid=0 euid=0 tty=ssh ruser= rhost=198.50.152.30  user=root
2026-04-20T01:43:08.496182+07:00 gov-ai-svr sshd[979327]: Failed password for root from 198.50.152.30 port 54446 ssh2
2026-04-20T01:43:09.197689+07:00 gov-ai-svr sshd[979327]: Connection closed by authenticating user root 198.50.152.30 port 54446 [preauth]
2026-04-20T01:43:13.493790+07:00 gov-ai-svr CRON[979323]: pam_unix(cron:session): session closed for user debian
2026-04-20T01:43:17.766502+07:00 gov-ai-svr sshd[979334]: Invalid user sol from 195.178.110.26 port 35908
2026-04-20T01:43:17.941583+07:00 gov-ai-svr sshd[979334]: pam_unix(sshd:auth): check pass; user unknown
2026-04-20T01:43:17.941785+07:00 gov-ai-svr sshd[979334]: pam_unix(sshd:auth): authentication failure; logname= uid=0 euid=0 tty=ssh ruser= rhost=195.178.110.26 
2026-04-20T01:43:20.312144+07:00 gov-ai-svr sshd[979334]: Failed password for invalid user sol from 195.178.110.26 port 35908 ssh2
2026-04-20T01:43:22.287314+07:00 gov-ai-svr sshd[979334]: Connection closed by invalid user sol 195.178.110.26 port 35908 [preauth]
2026-04-20T01:44:01.506987+07:00 gov-ai-svr CRON[979344]: pam_unix(cron:session): session opened for user debian(uid=1000) by debian(uid=0)
2026-04-20T01:44:09.135079+07:00 gov-ai-svr CRON[979344]: pam_unix(cron:session): session closed for user debian
2026-04-20T01:44:25.464610+07:00 gov-ai-svr sshd[979357]: pam_unix(sshd:auth): authentication failure; logname= uid=0 euid=0 tty=ssh ruser= rhost=198.50.152.30  user=root
2026-04-20T01:44:27.167177+07:00 gov-ai-svr sshd[979357]: Failed password for root from 198.50.152.30 port 45000 ssh2
2026-04-20T01:44:28.008947+07:00 gov-ai-svr sshd[979357]: Connection closed by authenticating user root 198.50.152.30 port 45000 [preauth]
2026-04-20T01:44:36.914555+07:00 gov-ai-svr sshd[979371]: pam_unix(sshd:auth): authentication failure; logname= uid=0 euid=0 tty=ssh ruser= rhost=92.118.39.196  user=root
2026-04-20T01:44:39.129152+07:00 gov-ai-svr sshd[979371]: Failed password for root from 92.118.39.196 port 25902 ssh2
2026-04-20T01:44:40.237071+07:00 gov-ai-svr sshd[979373]: pam_unix(sshd:auth): authentication failure; logname= uid=0 euid=0 tty=ssh ruser= rhost=195.178.110.26  user=debian
2026-04-20T01:44:41.342715+07:00 gov-ai-svr sshd[979371]: Failed password for root from 92.118.39.196 port 25902 ssh2
2026-04-20T01:44:41.999502+07:00 gov-ai-svr sshd[979373]: Failed password for debian from 195.178.110.26 port 44162 ssh2
2026-04-20T01:44:42.285765+07:00 gov-ai-svr sshd[979373]: Connection closed by authenticating user debian 195.178.110.26 port 44162 [preauth]
2026-04-20T01:44:43.751134+07:00 gov-ai-svr sshd[979371]: Failed password for root from 92.118.39.196 port 25902 ssh2
2026-04-20T01:44:49.043562+07:00 gov-ai-svr sshd[979371]: message repeated 2 times: [ Failed password for root from 92.118.39.196 port 25902 ssh2]
2026-04-20T01:44:49.255683+07:00 gov-ai-svr sshd[979371]: Connection reset by authenticating user root 92.118.39.196 port 25902 [preauth]
2026-04-20T01:44:49.256942+07:00 gov-ai-svr sshd[979371]: PAM 4 more authentication failures; logname= uid=0 euid=0 tty=ssh ruser= rhost=92.118.39.196  user=root
2026-04-20T01:44:49.257253+07:00 gov-ai-svr sshd[979371]: PAM service(sshd) ignoring max retries; 5 > 3
2026-04-20T01:45:01.146235+07:00 gov-ai-svr CRON[979381]: pam_unix(cron:session): session opened for user root(uid=0) by root(uid=0)
2026-04-20T01:45:01.148543+07:00 gov-ai-svr CRON[979382]: pam_unix(cron:session): session opened for user debian(uid=1000) by debian(uid=0)
2026-04-20T01:45:01.152784+07:00 gov-ai-svr CRON[979381]: pam_unix(cron:session): session closed for user root
2026-04-20T01:45:11.185456+07:00 gov-ai-svr CRON[979382]: pam_unix(cron:session): session closed for user debian
2026-04-20T01:45:47.859891+07:00 gov-ai-svr sshd[979399]: pam_unix(sshd:auth): authentication failure; logname= uid=0 euid=0 tty=ssh ruser= rhost=198.50.152.30  user=root
2026-04-20T01:45:50.153354+07:00 gov-ai-svr sshd[979399]: Failed password for root from 198.50.152.30 port 48276 ssh2
2026-04-20T01:45:52.687396+07:00 gov-ai-svr sshd[979399]: Connection closed by authenticating user root 198.50.152.30 port 48276 [preauth]
2026-04-20T01:46:01.198287+07:00 gov-ai-svr CRON[979405]: pam_unix(cron:session): session opened for user debian(uid=1000) by debian(uid=0)
2026-04-20T01:46:04.814285+07:00 gov-ai-svr sshd[979409]: pam_unix(sshd:auth): authentication failure; logname= uid=0 euid=0 tty=ssh ruser= rhost=195.178.110.26  user=debian
2026-04-20T01:46:07.108992+07:00 gov-ai-svr sshd[979409]: Failed password for debian from 195.178.110.26 port 52386 ssh2
