2026-04-20T00:09:31.346521+07:00 gov-ai-svr sshd[976870]: Connection reset by authenticating user root 87.251.64.147 port 43738 [preauth]
2026-04-20T00:09:33.243497+07:00 gov-ai-svr sshd[976872]: pam_unix(sshd:auth): authentication failure; logname= uid=0 euid=0 tty=ssh ruser= rhost=87.251.64.147  user=root
2026-04-20T00:09:35.202564+07:00 gov-ai-svr sshd[976872]: Failed password for root from 87.251.64.147 port 43758 ssh2
2026-04-20T00:09:35.686742+07:00 gov-ai-svr sshd[976872]: Connection reset by authenticating user root 87.251.64.147 port 43758 [preauth]
2026-04-20T00:09:36.832172+07:00 gov-ai-svr sshd[976875]: pam_unix(sshd:auth): authentication failure; logname= uid=0 euid=0 tty=ssh ruser= rhost=87.251.64.147  user=root
2026-04-20T00:09:38.534970+07:00 gov-ai-svr sshd[976875]: Failed password for root from 87.251.64.147 port 43794 ssh2
2026-04-20T00:09:39.271098+07:00 gov-ai-svr sshd[976875]: Connection reset by authenticating user root 87.251.64.147 port 43794 [preauth]
2026-04-20T00:09:40.617335+07:00 gov-ai-svr sshd[976877]: pam_unix(sshd:auth): authentication failure; logname= uid=0 euid=0 tty=ssh ruser= rhost=87.251.64.147  user=root
2026-04-20T00:09:42.536459+07:00 gov-ai-svr sshd[976877]: Failed password for root from 87.251.64.147 port 44910 ssh2
2026-04-20T00:09:43.057181+07:00 gov-ai-svr sshd[976877]: Connection reset by authenticating user root 87.251.64.147 port 44910 [preauth]
2026-04-20T00:09:44.420943+07:00 gov-ai-svr sshd[976879]: pam_unix(sshd:auth): authentication failure; logname= uid=0 euid=0 tty=ssh ruser= rhost=87.251.64.147  user=root
2026-04-20T00:09:45.746125+07:00 gov-ai-svr sshd[976881]: pam_unix(sshd:auth): authentication failure; logname= uid=0 euid=0 tty=ssh ruser= rhost=2.57.122.196  user=root
2026-04-20T00:09:45.770154+07:00 gov-ai-svr sshd[976883]: Invalid user ec2-user from 213.230.127.104 port 32868
2026-04-20T00:09:45.778234+07:00 gov-ai-svr sshd[976883]: pam_unix(sshd:auth): check pass; user unknown
2026-04-20T00:09:45.778425+07:00 gov-ai-svr sshd[976883]: pam_unix(sshd:auth): authentication failure; logname= uid=0 euid=0 tty=ssh ruser= rhost=213.230.127.104 
2026-04-20T00:09:46.224293+07:00 gov-ai-svr sshd[976879]: Failed password for root from 87.251.64.147 port 44922 ssh2
2026-04-20T00:09:46.899916+07:00 gov-ai-svr sshd[976879]: Connection reset by authenticating user root 87.251.64.147 port 44922 [preauth]
2026-04-20T00:09:47.685492+07:00 gov-ai-svr sshd[976881]: Failed password for root from 2.57.122.196 port 12872 ssh2
2026-04-20T00:09:47.717921+07:00 gov-ai-svr sshd[976883]: Failed password for invalid user ec2-user from 213.230.127.104 port 32868 ssh2
2026-04-20T00:09:48.079971+07:00 gov-ai-svr sshd[976886]: pam_unix(sshd:auth): authentication failure; logname= uid=0 euid=0 tty=ssh ruser= rhost=87.251.64.147  user=root
2026-04-20T00:09:49.135314+07:00 gov-ai-svr sshd[976883]: Received disconnect from 213.230.127.104 port 32868:11: Bye Bye [preauth]
2026-04-20T00:09:49.135648+07:00 gov-ai-svr sshd[976883]: Disconnected from invalid user ec2-user 213.230.127.104 port 32868 [preauth]
2026-04-20T00:09:49.763355+07:00 gov-ai-svr sshd[976886]: Failed password for root from 87.251.64.147 port 42616 ssh2
2026-04-20T00:09:49.909897+07:00 gov-ai-svr sshd[976881]: Failed password for root from 2.57.122.196 port 12872 ssh2
2026-04-20T00:09:50.533124+07:00 gov-ai-svr sshd[976886]: Connection reset by authenticating user root 87.251.64.147 port 42616 [preauth]
2026-04-20T00:09:51.781713+07:00 gov-ai-svr sshd[976888]: pam_unix(sshd:auth): authentication failure; logname= uid=0 euid=0 tty=ssh ruser= rhost=87.251.64.147  user=root
2026-04-20T00:09:52.668340+07:00 gov-ai-svr sshd[976881]: Failed password for root from 2.57.122.196 port 12872 ssh2
2026-04-20T00:09:53.876397+07:00 gov-ai-svr sshd[976888]: Failed password for root from 87.251.64.147 port 42642 ssh2
2026-04-20T00:09:54.699661+07:00 gov-ai-svr sshd[976888]: Connection reset by authenticating user root 87.251.64.147 port 42642 [preauth]
2026-04-20T00:09:54.892701+07:00 gov-ai-svr sshd[976881]: Failed password for root from 2.57.122.196 port 12872 ssh2
2026-04-20T00:09:55.634796+07:00 gov-ai-svr sshd[976892]: pam_unix(sshd:auth): authentication failure; logname= uid=0 euid=0 tty=ssh ruser= rhost=87.251.64.147  user=root
2026-04-20T00:09:57.613762+07:00 gov-ai-svr sshd[976892]: Failed password for root from 87.251.64.147 port 42704 ssh2
2026-04-20T00:09:57.648269+07:00 gov-ai-svr sshd[976881]: Failed password for root from 2.57.122.196 port 12872 ssh2
2026-04-20T00:09:57.809803+07:00 gov-ai-svr sshd[976891]: pam_unix(sshd:auth): authentication failure; logname= uid=0 euid=0 tty=ssh ruser= rhost=198.50.152.30  user=root
2026-04-20T00:09:58.074249+07:00 gov-ai-svr sshd[976892]: Connection reset by authenticating user root 87.251.64.147 port 42704 [preauth]
2026-04-20T00:09:58.148846+07:00 gov-ai-svr sshd[976881]: Connection reset by authenticating user root 2.57.122.196 port 12872 [preauth]
2026-04-20T00:09:58.149490+07:00 gov-ai-svr sshd[976881]: PAM 4 more authentication failures; logname= uid=0 euid=0 tty=ssh ruser= rhost=2.57.122.196  user=root
2026-04-20T00:09:58.149832+07:00 gov-ai-svr sshd[976881]: PAM service(sshd) ignoring max retries; 5 > 3
2026-04-20T00:09:59.411840+07:00 gov-ai-svr sshd[976895]: pam_unix(sshd:auth): authentication failure; logname= uid=0 euid=0 tty=ssh ruser= rhost=87.251.64.147  user=root
2026-04-20T00:09:59.729092+07:00 gov-ai-svr sshd[976891]: Failed password for root from 198.50.152.30 port 55464 ssh2
2026-04-20T00:10:00.447863+07:00 gov-ai-svr sshd[976891]: Connection closed by authenticating user root 198.50.152.30 port 55464 [preauth]
2026-04-20T00:10:00.939875+07:00 gov-ai-svr sshd[976895]: Failed password for root from 87.251.64.147 port 45242 ssh2
2026-04-20T00:10:01.323768+07:00 gov-ai-svr CRON[976901]: pam_unix(cron:session): session opened for user debian(uid=1000) by debian(uid=0)
2026-04-20T00:10:01.901418+07:00 gov-ai-svr sshd[976895]: Connection reset by authenticating user root 87.251.64.147 port 45242 [preauth]
2026-04-20T00:10:03.094732+07:00 gov-ai-svr sshd[976904]: pam_unix(sshd:auth): authentication failure; logname= uid=0 euid=0 tty=ssh ruser= rhost=87.251.64.147  user=root
2026-04-20T00:10:03.516655+07:00 gov-ai-svr sshd[976906]: Invalid user vikas from 77.87.40.114 port 59696
2026-04-20T00:10:03.523704+07:00 gov-ai-svr sshd[976906]: pam_unix(sshd:auth): check pass; user unknown
2026-04-20T00:10:03.523910+07:00 gov-ai-svr sshd[976906]: pam_unix(sshd:auth): authentication failure; logname= uid=0 euid=0 tty=ssh ruser= rhost=77.87.40.114 
2026-04-20T00:10:04.838058+07:00 gov-ai-svr sshd[976904]: Failed password for root from 87.251.64.147 port 45258 ssh2
2026-04-20T00:10:05.267837+07:00 gov-ai-svr sshd[976906]: Failed password for invalid user vikas from 77.87.40.114 port 59696 ssh2
2026-04-20T00:10:05.473648+07:00 gov-ai-svr sshd[976906]: Received disconnect from 77.87.40.114 port 59696:11: Bye Bye [preauth]
2026-04-20T00:10:05.473896+07:00 gov-ai-svr sshd[976906]: Disconnected from invalid user vikas 77.87.40.114 port 59696 [preauth]
2026-04-20T00:10:05.562825+07:00 gov-ai-svr sshd[976904]: Connection reset by authenticating user root 87.251.64.147 port 45258 [preauth]
2026-04-20T00:10:17.093663+07:00 gov-ai-svr sshd[976912]: Invalid user yskim from 4.186.40.232 port 41634
2026-04-20T00:10:17.100507+07:00 gov-ai-svr sshd[976912]: pam_unix(sshd:auth): check pass; user unknown
2026-04-20T00:10:17.100736+07:00 gov-ai-svr sshd[976912]: pam_unix(sshd:auth): authentication failure; logname= uid=0 euid=0 tty=ssh ruser= rhost=4.186.40.232 
2026-04-20T00:10:19.100155+07:00 gov-ai-svr sshd[976912]: Failed password for invalid user yskim from 4.186.40.232 port 41634 ssh2
2026-04-20T00:10:20.501471+07:00 gov-ai-svr sshd[976912]: Received disconnect from 4.186.40.232 port 41634:11: Bye Bye [preauth]
2026-04-20T00:10:20.501795+07:00 gov-ai-svr sshd[976912]: Disconnected from invalid user yskim 4.186.40.232 port 41634 [preauth]
2026-04-20T00:10:22.058396+07:00 gov-ai-svr CRON[976901]: pam_unix(cron:session): session closed for user debian
2026-04-20T00:10:39.807411+07:00 gov-ai-svr sshd[976921]: Invalid user luz from 216.189.157.132 port 39578
2026-04-20T00:10:39.814754+07:00 gov-ai-svr sshd[976921]: pam_unix(sshd:auth): check pass; user unknown
2026-04-20T00:10:39.814987+07:00 gov-ai-svr sshd[976921]: pam_unix(sshd:auth): authentication failure; logname= uid=0 euid=0 tty=ssh ruser= rhost=216.189.157.132 
2026-04-20T00:10:41.834774+07:00 gov-ai-svr sshd[976921]: Failed password for invalid user luz from 216.189.157.132 port 39578 ssh2
2026-04-20T00:10:42.104150+07:00 gov-ai-svr sshd[976921]: Received disconnect from 216.189.157.132 port 39578:11: Bye Bye [preauth]
2026-04-20T00:10:42.104465+07:00 gov-ai-svr sshd[976921]: Disconnected from invalid user luz 216.189.157.132 port 39578 [preauth]
2026-04-20T00:11:01.071175+07:00 gov-ai-svr CRON[976927]: pam_unix(cron:session): session opened for user debian(uid=1000) by debian(uid=0)
2026-04-20T00:11:01.677237+07:00 gov-ai-svr sshd[976930]: Connection closed by 195.178.110.26 port 51542
2026-04-20T00:11:12.496723+07:00 gov-ai-svr CRON[976927]: pam_unix(cron:session): session closed for user debian
2026-04-20T00:11:19.961161+07:00 gov-ai-svr sshd[976936]: Invalid user test from 198.50.152.30 port 58428
2026-04-20T00:11:19.968464+07:00 gov-ai-svr sshd[976936]: pam_unix(sshd:auth): check pass; user unknown
2026-04-20T00:11:19.968808+07:00 gov-ai-svr sshd[976936]: pam_unix(sshd:auth): authentication failure; logname= uid=0 euid=0 tty=ssh ruser= rhost=198.50.152.30 
2026-04-20T00:11:20.586980+07:00 gov-ai-svr sshd[976938]: Invalid user socksuser from 213.230.127.104 port 46698
2026-04-20T00:11:20.594122+07:00 gov-ai-svr sshd[976938]: pam_unix(sshd:auth): check pass; user unknown
2026-04-20T00:11:20.594402+07:00 gov-ai-svr sshd[976938]: pam_unix(sshd:auth): authentication failure; logname= uid=0 euid=0 tty=ssh ruser= rhost=213.230.127.104 
2026-04-20T00:11:21.813079+07:00 gov-ai-svr sshd[976936]: Failed password for invalid user test from 198.50.152.30 port 58428 ssh2
2026-04-20T00:11:22.334875+07:00 gov-ai-svr sshd[976936]: Connection closed by invalid user test 198.50.152.30 port 58428 [preauth]
2026-04-20T00:11:22.574773+07:00 gov-ai-svr sshd[976938]: Failed password for invalid user socksuser from 213.230.127.104 port 46698 ssh2
2026-04-20T00:11:23.508360+07:00 gov-ai-svr sshd[976938]: Received disconnect from 213.230.127.104 port 46698:11: Bye Bye [preauth]
2026-04-20T00:11:23.508680+07:00 gov-ai-svr sshd[976938]: Disconnected from invalid user socksuser 213.230.127.104 port 46698 [preauth]
2026-04-20T00:11:32.832224+07:00 gov-ai-svr sshd[976942]: pam_unix(sshd:auth): authentication failure; logname= uid=0 euid=0 tty=ssh ruser= rhost=92.118.39.197  user=root
2026-04-20T00:11:33.486641+07:00 gov-ai-svr sshd[976944]: pam_unix(sshd:auth): authentication failure; logname= uid=0 euid=0 tty=ssh ruser= rhost=77.87.40.114  user=root
2026-04-20T00:11:35.127466+07:00 gov-ai-svr sshd[976942]: Failed password for root from 92.118.39.197 port 5658 ssh2
2026-04-20T00:11:35.917799+07:00 gov-ai-svr sshd[976944]: Failed password for root from 77.87.40.114 port 32806 ssh2
2026-04-20T00:11:38.212871+07:00 gov-ai-svr sshd[976944]: Received disconnect from 77.87.40.114 port 32806:11: Bye Bye [preauth]
2026-04-20T00:11:38.213435+07:00 gov-ai-svr sshd[976944]: Disconnected from authenticating user root 77.87.40.114 port 32806 [preauth]
2026-04-20T00:11:39.868897+07:00 gov-ai-svr sshd[976942]: Failed password for root from 92.118.39.197 port 5658 ssh2
2026-04-20T00:11:51.751272+07:00 gov-ai-svr sshd[976942]: message repeated 3 times: [ Failed password for root from 92.118.39.197 port 5658 ssh2]
2026-04-20T00:11:54.176581+07:00 gov-ai-svr sshd[976942]: Connection reset by authenticating user root 92.118.39.197 port 5658 [preauth]
2026-04-20T00:11:54.176934+07:00 gov-ai-svr sshd[976942]: PAM 4 more authentication failures; logname= uid=0 euid=0 tty=ssh ruser= rhost=92.118.39.197  user=root
2026-04-20T00:11:54.177204+07:00 gov-ai-svr sshd[976942]: PAM service(sshd) ignoring max retries; 5 > 3
2026-04-20T00:12:01.509366+07:00 gov-ai-svr CRON[976949]: pam_unix(cron:session): session opened for user debian(uid=1000) by debian(uid=0)
2026-04-20T00:12:06.937851+07:00 gov-ai-svr sshd[976954]: Invalid user db_user from 216.189.157.132 port 39376
2026-04-20T00:12:06.945258+07:00 gov-ai-svr sshd[976954]: pam_unix(sshd:auth): check pass; user unknown
2026-04-20T00:12:06.945502+07:00 gov-ai-svr sshd[976954]: pam_unix(sshd:auth): authentication failure; logname= uid=0 euid=0 tty=ssh ruser= rhost=216.189.157.132 
2026-04-20T00:12:08.573957+07:00 gov-ai-svr sshd[976954]: Failed password for invalid user db_user from 216.189.157.132 port 39376 ssh2
2026-04-20T00:12:09.268887+07:00 gov-ai-svr sshd[976954]: Received disconnect from 216.189.157.132 port 39376:11: Bye Bye [preauth]
2026-04-20T00:12:09.269301+07:00 gov-ai-svr sshd[976954]: Disconnected from invalid user db_user 216.189.157.132 port 39376 [preauth]
2026-04-20T00:12:09.311876+07:00 gov-ai-svr sshd[976957]: Invalid user dani from 4.186.40.232 port 37630
2026-04-20T00:12:09.318944+07:00 gov-ai-svr sshd[976957]: pam_unix(sshd:auth): check pass; user unknown
2026-04-20T00:12:09.319235+07:00 gov-ai-svr sshd[976957]: pam_unix(sshd:auth): authentication failure; logname= uid=0 euid=0 tty=ssh ruser= rhost=4.186.40.232 
2026-04-20T00:12:11.623855+07:00 gov-ai-svr CRON[976949]: pam_unix(cron:session): session closed for user debian
2026-04-20T00:12:11.695580+07:00 gov-ai-svr sshd[976957]: Failed password for invalid user dani from 4.186.40.232 port 37630 ssh2
2026-04-20T00:12:12.809192+07:00 gov-ai-svr sshd[976957]: Received disconnect from 4.186.40.232 port 37630:11: Bye Bye [preauth]
2026-04-20T00:12:12.809500+07:00 gov-ai-svr sshd[976957]: Disconnected from invalid user dani 4.186.40.232 port 37630 [preauth]
2026-04-20T00:12:45.832903+07:00 gov-ai-svr sshd[976967]: pam_unix(sshd:auth): authentication failure; logname= uid=0 euid=0 tty=ssh ruser= rhost=198.50.152.30  user=root
2026-04-20T00:12:48.484434+07:00 gov-ai-svr sshd[976967]: Failed password for root from 198.50.152.30 port 45000 ssh2
2026-04-20T00:12:50.653695+07:00 gov-ai-svr sshd[976967]: Connection closed by authenticating user root 198.50.152.30 port 45000 [preauth]
2026-04-20T00:12:59.872334+07:00 gov-ai-svr sshd[976971]: pam_unix(sshd:auth): authentication failure; logname= uid=0 euid=0 tty=ssh ruser= rhost=213.230.127.104  user=debian
2026-04-20T00:13:01.639264+07:00 gov-ai-svr CRON[976973]: pam_unix(cron:session): session opened for user debian(uid=1000) by debian(uid=0)
2026-04-20T00:13:02.443610+07:00 gov-ai-svr sshd[976971]: Failed password for debian from 213.230.127.104 port 57612 ssh2
2026-04-20T00:13:03.788479+07:00 gov-ai-svr sshd[976971]: Received disconnect from 213.230.127.104 port 57612:11: Bye Bye [preauth]
2026-04-20T00:13:03.788801+07:00 gov-ai-svr sshd[976971]: Disconnected from authenticating user debian 213.230.127.104 port 57612 [preauth]
2026-04-20T00:13:08.076510+07:00 gov-ai-svr sshd[976978]: Invalid user deploy from 77.87.40.114 port 34152
2026-04-20T00:13:08.083862+07:00 gov-ai-svr sshd[976978]: pam_unix(sshd:auth): check pass; user unknown
2026-04-20T00:13:08.084242+07:00 gov-ai-svr sshd[976978]: pam_unix(sshd:auth): authentication failure; logname= uid=0 euid=0 tty=ssh ruser= rhost=77.87.40.114 
2026-04-20T00:13:10.224623+07:00 gov-ai-svr sshd[976978]: Failed password for invalid user deploy from 77.87.40.114 port 34152 ssh2
2026-04-20T00:13:11.573677+07:00 gov-ai-svr sshd[976978]: Received disconnect from 77.87.40.114 port 34152:11: Bye Bye [preauth]
2026-04-20T00:13:11.577519+07:00 gov-ai-svr sshd[976978]: Disconnected from invalid user deploy 77.87.40.114 port 34152 [preauth]
2026-04-20T00:13:14.720064+07:00 gov-ai-svr CRON[976973]: pam_unix(cron:session): session closed for user debian
2026-04-20T00:13:22.045891+07:00 gov-ai-svr sshd[976985]: pam_unix(sshd:auth): authentication failure; logname= uid=0 euid=0 tty=ssh ruser= rhost=2.57.122.192  user=root
2026-04-20T00:13:24.441568+07:00 gov-ai-svr sshd[976985]: Failed password for root from 2.57.122.192 port 36052 ssh2
2026-04-20T00:13:36.558708+07:00 gov-ai-svr sshd[976985]: message repeated 4 times: [ Failed password for root from 2.57.122.192 port 36052 ssh2]
2026-04-20T00:13:38.912563+07:00 gov-ai-svr sshd[976985]: Connection reset by authenticating user root 2.57.122.192 port 36052 [preauth]
2026-04-20T00:13:38.913170+07:00 gov-ai-svr sshd[976985]: PAM 4 more authentication failures; logname= uid=0 euid=0 tty=ssh ruser= rhost=2.57.122.192  user=root
2026-04-20T00:13:38.913463+07:00 gov-ai-svr sshd[976985]: PAM service(sshd) ignoring max retries; 5 > 3
2026-04-20T00:13:42.045837+07:00 gov-ai-svr sshd[976990]: pam_unix(sshd:auth): authentication failure; logname= uid=0 euid=0 tty=ssh ruser= rhost=216.189.157.132  user=root
2026-04-20T00:13:43.854774+07:00 gov-ai-svr sshd[976990]: Failed password for root from 216.189.157.132 port 38080 ssh2
2026-04-20T00:13:44.550661+07:00 gov-ai-svr sshd[976990]: Received disconnect from 216.189.157.132 port 38080:11: Bye Bye [preauth]
2026-04-20T00:13:44.552481+07:00 gov-ai-svr sshd[976990]: Disconnected from authenticating user root 216.189.157.132 port 38080 [preauth]
2026-04-20T00:13:46.421477+07:00 gov-ai-svr sshd[976993]: pam_unix(sshd:auth): authentication failure; logname= uid=0 euid=0 tty=ssh ruser= rhost=45.148.10.121  user=root
2026-04-20T00:13:48.445782+07:00 gov-ai-svr sshd[976993]: Failed password for root from 45.148.10.121 port 41296 ssh2
2026-04-20T00:13:48.853337+07:00 gov-ai-svr sshd[976993]: Connection closed by authenticating user root 45.148.10.121 port 41296 [preauth]
2026-04-20T00:14:01.733294+07:00 gov-ai-svr CRON[976997]: pam_unix(cron:session): session opened for user debian(uid=1000) by debian(uid=0)
2026-04-20T00:14:07.819197+07:00 gov-ai-svr sshd[977002]: pam_unix(sshd:auth): authentication failure; logname= uid=0 euid=0 tty=ssh ruser= rhost=4.186.40.232  user=root
2026-04-20T00:14:10.059199+07:00 gov-ai-svr sshd[977002]: Failed password for root from 4.186.40.232 port 37920 ssh2
2026-04-20T00:14:10.140631+07:00 gov-ai-svr sshd[977002]: Received disconnect from 4.186.40.232 port 37920:11: Bye Bye [preauth]
2026-04-20T00:14:10.140942+07:00 gov-ai-svr sshd[977002]: Disconnected from authenticating user root 4.186.40.232 port 37920 [preauth]
2026-04-20T00:14:11.278260+07:00 gov-ai-svr CRON[976997]: pam_unix(cron:session): session closed for user debian
2026-04-20T00:14:12.285908+07:00 gov-ai-svr sshd[977004]: pam_unix(sshd:auth): authentication failure; logname= uid=0 euid=0 tty=ssh ruser= rhost=198.50.152.30  user=root
2026-04-20T00:14:13.878974+07:00 gov-ai-svr sshd[977004]: Failed password for root from 198.50.152.30 port 54240 ssh2
2026-04-20T00:14:14.943698+07:00 gov-ai-svr sshd[977004]: Connection closed by authenticating user root 198.50.152.30 port 54240 [preauth]
2026-04-20T00:14:37.143640+07:00 gov-ai-svr sshd[977021]: Invalid user claude from 77.87.40.114 port 35492
2026-04-20T00:14:37.150165+07:00 gov-ai-svr sshd[977021]: pam_unix(sshd:auth): check pass; user unknown
2026-04-20T00:14:37.150330+07:00 gov-ai-svr sshd[977021]: pam_unix(sshd:auth): authentication failure; logname= uid=0 euid=0 tty=ssh ruser= rhost=77.87.40.114 
2026-04-20T00:14:38.507982+07:00 gov-ai-svr sshd[977021]: Failed password for invalid user claude from 77.87.40.114 port 35492 ssh2
2026-04-20T00:14:39.127107+07:00 gov-ai-svr sshd[977021]: Received disconnect from 77.87.40.114 port 35492:11: Bye Bye [preauth]
2026-04-20T00:14:39.127456+07:00 gov-ai-svr sshd[977021]: Disconnected from invalid user claude 77.87.40.114 port 35492 [preauth]
2026-04-20T00:14:40.830605+07:00 gov-ai-svr sshd[977023]: pam_unix(sshd:auth): authentication failure; logname= uid=0 euid=0 tty=ssh ruser= rhost=213.230.127.104  user=root
2026-04-20T00:14:43.266436+07:00 gov-ai-svr sshd[977023]: Failed password for root from 213.230.127.104 port 42638 ssh2
2026-04-20T00:14:45.499959+07:00 gov-ai-svr sshd[977023]: Received disconnect from 213.230.127.104 port 42638:11: Bye Bye [preauth]
2026-04-20T00:14:45.500346+07:00 gov-ai-svr sshd[977023]: Disconnected from authenticating user root 213.230.127.104 port 42638 [preauth]
2026-04-20T00:14:51.132339+07:00 gov-ai-svr sshd[977028]: Invalid user solana from 195.178.110.26 port 47134
2026-04-20T00:14:51.328223+07:00 gov-ai-svr sshd[977028]: pam_unix(sshd:auth): check pass; user unknown
2026-04-20T00:14:51.328648+07:00 gov-ai-svr sshd[977028]: pam_unix(sshd:auth): authentication failure; logname= uid=0 euid=0 tty=ssh ruser= rhost=195.178.110.26 
2026-04-20T00:14:52.941936+07:00 gov-ai-svr sshd[977028]: Failed password for invalid user solana from 195.178.110.26 port 47134 ssh2
2026-04-20T00:14:53.824425+07:00 gov-ai-svr sshd[977028]: Connection closed by invalid user solana 195.178.110.26 port 47134 [preauth]
2026-04-20T00:15:01.288521+07:00 gov-ai-svr CRON[977032]: pam_unix(cron:session): session opened for user root(uid=0) by root(uid=0)
2026-04-20T00:15:01.292195+07:00 gov-ai-svr CRON[977033]: pam_unix(cron:session): session opened for user debian(uid=1000) by debian(uid=0)
2026-04-20T00:15:01.297101+07:00 gov-ai-svr CRON[977032]: pam_unix(cron:session): session closed for user root
2026-04-20T00:15:01.781540+07:00 gov-ai-svr sshd[977010]: Invalid user ansible from 80.66.66.70 port 4750
2026-04-20T00:15:01.976172+07:00 gov-ai-svr sshd[977010]: Connection reset by invalid user ansible 80.66.66.70 port 4750 [preauth]
2026-04-20T00:15:07.993068+07:00 gov-ai-svr sshd[977040]: Invalid user deploy from 216.189.157.132 port 58600
2026-04-20T00:15:08.000099+07:00 gov-ai-svr sshd[977040]: pam_unix(sshd:auth): check pass; user unknown
2026-04-20T00:15:08.000416+07:00 gov-ai-svr sshd[977040]: pam_unix(sshd:auth): authentication failure; logname= uid=0 euid=0 tty=ssh ruser= rhost=216.189.157.132 
2026-04-20T00:15:08.032174+07:00 gov-ai-svr sshd[977042]: pam_unix(sshd:auth): authentication failure; logname= uid=0 euid=0 tty=ssh ruser= rhost=45.148.10.157  user=root
2026-04-20T00:15:09.478051+07:00 gov-ai-svr sshd[977040]: Failed password for invalid user deploy from 216.189.157.132 port 58600 ssh2
2026-04-20T00:15:09.645145+07:00 gov-ai-svr sshd[977042]: Failed password for root from 45.148.10.157 port 16038 ssh2
2026-04-20T00:15:09.891946+07:00 gov-ai-svr sshd[977040]: Received disconnect from 216.189.157.132 port 58600:11: Bye Bye [preauth]
2026-04-20T00:15:09.892344+07:00 gov-ai-svr sshd[977040]: Disconnected from invalid user deploy 216.189.157.132 port 58600 [preauth]
2026-04-20T00:15:12.177677+07:00 gov-ai-svr CRON[977033]: pam_unix(cron:session): session closed for user debian
2026-04-20T00:15:12.353811+07:00 gov-ai-svr sshd[977042]: Failed password for root from 45.148.10.157 port 16038 ssh2
2026-04-20T00:15:19.948733+07:00 gov-ai-svr sshd[977042]: message repeated 3 times: [ Failed password for root from 45.148.10.157 port 16038 ssh2]
2026-04-20T00:15:20.195818+07:00 gov-ai-svr sshd[977042]: Connection reset by authenticating user root 45.148.10.157 port 16038 [preauth]
2026-04-20T00:15:20.196674+07:00 gov-ai-svr sshd[977042]: PAM 4 more authentication failures; logname= uid=0 euid=0 tty=ssh ruser= rhost=45.148.10.157  user=root
2026-04-20T00:15:20.196890+07:00 gov-ai-svr sshd[977042]: PAM service(sshd) ignoring max retries; 5 > 3
2026-04-20T00:15:34.543907+07:00 gov-ai-svr sshd[977049]: Invalid user debian from 198.50.152.30 port 48036
2026-04-20T00:15:34.551482+07:00 gov-ai-svr sshd[977049]: pam_unix(sshd:auth): check pass; user unknown
2026-04-20T00:15:34.551729+07:00 gov-ai-svr sshd[977049]: pam_unix(sshd:auth): authentication failure; logname= uid=0 euid=0 tty=ssh ruser= rhost=198.50.152.30 
2026-04-20T00:15:36.401401+07:00 gov-ai-svr sshd[977049]: Failed password for invalid user debian from 198.50.152.30 port 48036 ssh2
2026-04-20T00:15:38.421405+07:00 gov-ai-svr sshd[977049]: Connection closed by invalid user debian 198.50.152.30 port 48036 [preauth]
2026-04-20T00:16:01.190385+07:00 gov-ai-svr CRON[977055]: pam_unix(cron:session): session opened for user debian(uid=1000) by debian(uid=0)
2026-04-20T00:16:04.487840+07:00 gov-ai-svr sshd[977058]: pam_unix(sshd:auth): authentication failure; logname= uid=0 euid=0 tty=ssh ruser= rhost=77.87.40.114  user=root
2026-04-20T00:16:06.457368+07:00 gov-ai-svr sshd[977058]: Failed password for root from 77.87.40.114 port 36830 ssh2
2026-04-20T00:16:06.954794+07:00 gov-ai-svr sshd[977058]: Received disconnect from 77.87.40.114 port 36830:11: Bye Bye [preauth]
2026-04-20T00:16:06.955379+07:00 gov-ai-svr sshd[977058]: Disconnected from authenticating user root 77.87.40.114 port 36830 [preauth]
2026-04-20T00:16:10.703561+07:00 gov-ai-svr CRON[977055]: pam_unix(cron:session): session closed for user debian
2026-04-20T00:16:12.293302+07:00 gov-ai-svr sshd[977065]: Invalid user sol from 195.178.110.26 port 52962
2026-04-20T00:16:12.497882+07:00 gov-ai-svr sshd[977065]: pam_unix(sshd:auth): check pass; user unknown
2026-04-20T00:16:12.498541+07:00 gov-ai-svr sshd[977065]: pam_unix(sshd:auth): authentication failure; logname= uid=0 euid=0 tty=ssh ruser= rhost=195.178.110.26 
2026-04-20T00:16:14.232483+07:00 gov-ai-svr sshd[977065]: Failed password for invalid user sol from 195.178.110.26 port 52962 ssh2
2026-04-20T00:16:14.767396+07:00 gov-ai-svr sshd[977065]: Connection closed by invalid user sol 195.178.110.26 port 52962 [preauth]
2026-04-20T00:16:17.613535+07:00 gov-ai-svr sshd[977067]: pam_unix(sshd:auth): authentication failure; logname= uid=0 euid=0 tty=ssh ruser= rhost=213.230.127.104  user=root
2026-04-20T00:16:20.034283+07:00 gov-ai-svr sshd[977067]: Failed password for root from 213.230.127.104 port 47656 ssh2
2026-04-20T00:16:22.267149+07:00 gov-ai-svr sshd[977067]: Received disconnect from 213.230.127.104 port 47656:11: Bye Bye [preauth]
2026-04-20T00:16:22.267515+07:00 gov-ai-svr sshd[977067]: Disconnected from authenticating user root 213.230.127.104 port 47656 [preauth]
2026-04-20T00:16:40.410822+07:00 gov-ai-svr sshd[977074]: pam_unix(sshd:auth): authentication failure; logname= uid=0 euid=0 tty=ssh ruser= rhost=216.189.157.132  user=root
2026-04-20T00:16:42.319920+07:00 gov-ai-svr sshd[977074]: Failed password for root from 216.189.157.132 port 39834 ssh2
2026-04-20T00:16:42.913859+07:00 gov-ai-svr sshd[977074]: Received disconnect from 216.189.157.132 port 39834:11: Bye Bye [preauth]
2026-04-20T00:16:42.914251+07:00 gov-ai-svr sshd[977074]: Disconnected from authenticating user root 216.189.157.132 port 39834 [preauth]
2026-04-20T00:16:55.291117+07:00 gov-ai-svr sshd[977082]: pam_unix(sshd:auth): authentication failure; logname= uid=0 euid=0 tty=ssh ruser= rhost=45.148.10.157  user=root
2026-04-20T00:16:56.228169+07:00 gov-ai-svr sshd[977080]: pam_unix(sshd:auth): authentication failure; logname= uid=0 euid=0 tty=ssh ruser= rhost=198.50.152.30  user=root
2026-04-20T00:16:57.596573+07:00 gov-ai-svr sshd[977082]: Failed password for root from 45.148.10.157 port 45106 ssh2
2026-04-20T00:16:58.001716+07:00 gov-ai-svr sshd[977080]: Failed password for root from 198.50.152.30 port 60176 ssh2
2026-04-20T00:16:58.889296+07:00 gov-ai-svr sshd[977080]: Connection closed by authenticating user root 198.50.152.30 port 60176 [preauth]
2026-04-20T00:17:01.716945+07:00 gov-ai-svr CRON[977085]: pam_unix(cron:session): session opened for user debian(uid=1000) by debian(uid=0)
2026-04-20T00:17:01.718158+07:00 gov-ai-svr CRON[977084]: pam_unix(cron:session): session opened for user root(uid=0) by root(uid=0)
2026-04-20T00:17:01.725878+07:00 gov-ai-svr CRON[977084]: pam_unix(cron:session): session closed for user root
2026-04-20T00:17:02.186237+07:00 gov-ai-svr sshd[977082]: Failed password for root from 45.148.10.157 port 45106 ssh2
2026-04-20T00:17:07.442481+07:00 gov-ai-svr sshd[977082]: message repeated 2 times: [ Failed password for root from 45.148.10.157 port 45106 ssh2]
2026-04-20T00:17:11.172550+07:00 gov-ai-svr CRON[977085]: pam_unix(cron:session): session closed for user debian
2026-04-20T00:17:11.837808+07:00 gov-ai-svr sshd[977082]: Failed password for root from 45.148.10.157 port 45106 ssh2
2026-04-20T00:17:12.061493+07:00 gov-ai-svr sshd[977082]: Connection reset by authenticating user root 45.148.10.157 port 45106 [preauth]
2026-04-20T00:17:12.062342+07:00 gov-ai-svr sshd[977082]: PAM 4 more authentication failures; logname= uid=0 euid=0 tty=ssh ruser= rhost=45.148.10.157  user=root
2026-04-20T00:17:12.062584+07:00 gov-ai-svr sshd[977082]: PAM service(sshd) ignoring max retries; 5 > 3
2026-04-20T00:17:29.810230+07:00 gov-ai-svr sshd[977098]: Invalid user oracle from 77.87.40.114 port 38168
2026-04-20T00:17:29.817158+07:00 gov-ai-svr sshd[977098]: pam_unix(sshd:auth): check pass; user unknown
2026-04-20T00:17:29.817368+07:00 gov-ai-svr sshd[977098]: pam_unix(sshd:auth): authentication failure; logname= uid=0 euid=0 tty=ssh ruser= rhost=77.87.40.114 
2026-04-20T00:17:32.123114+07:00 gov-ai-svr sshd[977098]: Failed password for invalid user oracle from 77.87.40.114 port 38168 ssh2
2026-04-20T00:17:33.186247+07:00 gov-ai-svr sshd[977098]: Received disconnect from 77.87.40.114 port 38168:11: Bye Bye [preauth]
2026-04-20T00:17:33.186546+07:00 gov-ai-svr sshd[977098]: Disconnected from invalid user oracle 77.87.40.114 port 38168 [preauth]
2026-04-20T00:17:36.352736+07:00 gov-ai-svr sshd[977101]: Invalid user solv from 195.178.110.26 port 58778
2026-04-20T00:17:36.529232+07:00 gov-ai-svr sshd[977101]: pam_unix(sshd:auth): check pass; user unknown
2026-04-20T00:17:36.529499+07:00 gov-ai-svr sshd[977101]: pam_unix(sshd:auth): authentication failure; logname= uid=0 euid=0 tty=ssh ruser= rhost=195.178.110.26 
2026-04-20T00:17:38.127764+07:00 gov-ai-svr sshd[977101]: Failed password for invalid user solv from 195.178.110.26 port 58778 ssh2
2026-04-20T00:17:39.020473+07:00 gov-ai-svr sshd[977101]: Connection closed by invalid user solv 195.178.110.26 port 58778 [preauth]
2026-04-20T00:17:59.199243+07:00 gov-ai-svr sshd[977105]: Invalid user hostinger from 213.230.127.104 port 41242
2026-04-20T00:17:59.205827+07:00 gov-ai-svr sshd[977105]: pam_unix(sshd:auth): check pass; user unknown
2026-04-20T00:17:59.206184+07:00 gov-ai-svr sshd[977105]: pam_unix(sshd:auth): authentication failure; logname= uid=0 euid=0 tty=ssh ruser= rhost=213.230.127.104 
2026-04-20T00:18:01.184624+07:00 gov-ai-svr CRON[977107]: pam_unix(cron:session): session opened for user debian(uid=1000) by debian(uid=0)
2026-04-20T00:18:01.632353+07:00 gov-ai-svr sshd[977105]: Failed password for invalid user hostinger from 213.230.127.104 port 41242 ssh2
2026-04-20T00:18:02.150751+07:00 gov-ai-svr sshd[977105]: Received disconnect from 213.230.127.104 port 41242:11: Bye Bye [preauth]
2026-04-20T00:18:02.151133+07:00 gov-ai-svr sshd[977105]: Disconnected from invalid user hostinger 213.230.127.104 port 41242 [preauth]
2026-04-20T00:18:06.753869+07:00 gov-ai-svr sshd[977112]: Invalid user oracle from 216.189.157.132 port 45982
2026-04-20T00:18:06.760732+07:00 gov-ai-svr sshd[977112]: pam_unix(sshd:auth): check pass; user unknown
2026-04-20T00:18:06.760978+07:00 gov-ai-svr sshd[977112]: pam_unix(sshd:auth): authentication failure; logname= uid=0 euid=0 tty=ssh ruser= rhost=216.189.157.132 
2026-04-20T00:18:08.811090+07:00 gov-ai-svr sshd[977112]: Failed password for invalid user oracle from 216.189.157.132 port 45982 ssh2
2026-04-20T00:18:10.189059+07:00 gov-ai-svr sshd[977112]: Received disconnect from 216.189.157.132 port 45982:11: Bye Bye [preauth]
2026-04-20T00:18:10.189510+07:00 gov-ai-svr sshd[977112]: Disconnected from invalid user oracle 216.189.157.132 port 45982 [preauth]
2026-04-20T00:18:14.857828+07:00 gov-ai-svr CRON[977107]: pam_unix(cron:session): session closed for user debian
2026-04-20T00:18:19.670357+07:00 gov-ai-svr sshd[977118]: Invalid user admin from 198.50.152.30 port 52658
2026-04-20T00:18:19.678112+07:00 gov-ai-svr sshd[977118]: pam_unix(sshd:auth): check pass; user unknown
2026-04-20T00:18:19.678365+07:00 gov-ai-svr sshd[977118]: pam_unix(sshd:auth): authentication failure; logname= uid=0 euid=0 tty=ssh ruser= rhost=198.50.152.30 
2026-04-20T00:18:21.512824+07:00 gov-ai-svr sshd[977118]: Failed password for invalid user admin from 198.50.152.30 port 52658 ssh2
2026-04-20T00:18:22.691405+07:00 gov-ai-svr sshd[977118]: Connection closed by invalid user admin 198.50.152.30 port 52658 [preauth]
2026-04-20T00:18:44.502900+07:00 gov-ai-svr sshd[977125]: pam_unix(sshd:auth): authentication failure; logname= uid=0 euid=0 tty=ssh ruser= rhost=2.57.122.188  user=root
2026-04-20T00:18:46.437301+07:00 gov-ai-svr sshd[977125]: Failed password for root from 2.57.122.188 port 54356 ssh2
2026-04-20T00:18:58.220517+07:00 gov-ai-svr sshd[977125]: message repeated 4 times: [ Failed password for root from 2.57.122.188 port 54356 ssh2]
2026-04-20T00:18:58.609583+07:00 gov-ai-svr sshd[977131]: pam_unix(sshd:auth): authentication failure; logname= uid=0 euid=0 tty=ssh ruser= rhost=77.87.40.114  user=postgres
2026-04-20T00:18:59.105168+07:00 gov-ai-svr sshd[977125]: Connection reset by authenticating user root 2.57.122.188 port 54356 [preauth]
2026-04-20T00:18:59.106256+07:00 gov-ai-svr sshd[977125]: PAM 4 more authentication failures; logname= uid=0 euid=0 tty=ssh ruser= rhost=2.57.122.188  user=root
2026-04-20T00:18:59.106476+07:00 gov-ai-svr sshd[977125]: PAM service(sshd) ignoring max retries; 5 > 3
2026-04-20T00:19:00.798943+07:00 gov-ai-svr sshd[977131]: Failed password for postgres from 77.87.40.114 port 39512 ssh2
2026-04-20T00:19:01.870697+07:00 gov-ai-svr CRON[977135]: pam_unix(cron:session): session opened for user debian(uid=1000) by debian(uid=0)
2026-04-20T00:19:02.860176+07:00 gov-ai-svr sshd[977133]: pam_unix(sshd:auth): authentication failure; logname= uid=0 euid=0 tty=ssh ruser= rhost=195.178.110.26  user=debian
2026-04-20T00:19:02.961537+07:00 gov-ai-svr sshd[977131]: Received disconnect from 77.87.40.114 port 39512:11: Bye Bye [preauth]
2026-04-20T00:19:02.961798+07:00 gov-ai-svr sshd[977131]: Disconnected from authenticating user postgres 77.87.40.114 port 39512 [preauth]
2026-04-20T00:19:05.265995+07:00 gov-ai-svr sshd[977133]: Failed password for debian from 195.178.110.26 port 36322 ssh2
2026-04-20T00:19:06.808905+07:00 gov-ai-svr sshd[977133]: Connection closed by authenticating user debian 195.178.110.26 port 36322 [preauth]
2026-04-20T00:19:12.102248+07:00 gov-ai-svr CRON[977135]: pam_unix(cron:session): session closed for user debian
2026-04-20T00:19:33.004818+07:00 gov-ai-svr sshd[977145]: Invalid user vpn from 216.189.157.132 port 49830
2026-04-20T00:19:33.012118+07:00 gov-ai-svr sshd[977145]: pam_unix(sshd:auth): check pass; user unknown
2026-04-20T00:19:33.012344+07:00 gov-ai-svr sshd[977145]: pam_unix(sshd:auth): authentication failure; logname= uid=0 euid=0 tty=ssh ruser= rhost=216.189.157.132 
2026-04-20T00:19:35.674521+07:00 gov-ai-svr sshd[977145]: Failed password for invalid user vpn from 216.189.157.132 port 49830 ssh2
2026-04-20T00:19:37.394978+07:00 gov-ai-svr sshd[977145]: Received disconnect from 216.189.157.132 port 49830:11: Bye Bye [preauth]
2026-04-20T00:19:37.395369+07:00 gov-ai-svr sshd[977145]: Disconnected from invalid user vpn 216.189.157.132 port 49830 [preauth]
2026-04-20T00:19:39.116714+07:00 gov-ai-svr sshd[977148]: pam_unix(sshd:auth): authentication failure; logname= uid=0 euid=0 tty=ssh ruser= rhost=213.230.127.104  user=root
2026-04-20T00:19:40.935283+07:00 gov-ai-svr sshd[977148]: Failed password for root from 213.230.127.104 port 39492 ssh2
2026-04-20T00:19:41.513939+07:00 gov-ai-svr sshd[977148]: Received disconnect from 213.230.127.104 port 39492:11: Bye Bye [preauth]
2026-04-20T00:19:41.514409+07:00 gov-ai-svr sshd[977148]: Disconnected from authenticating user root 213.230.127.104 port 39492 [preauth]
2026-04-20T00:19:42.915869+07:00 gov-ai-svr sshd[977150]: pam_unix(sshd:auth): authentication failure; logname= uid=0 euid=0 tty=ssh ruser= rhost=198.50.152.30  user=root
2026-04-20T00:19:44.478478+07:00 gov-ai-svr sshd[977150]: Failed password for root from 198.50.152.30 port 45000 ssh2
2026-04-20T00:19:45.464818+07:00 gov-ai-svr sshd[977150]: Connection closed by authenticating user root 198.50.152.30 port 45000 [preauth]
2026-04-20T00:20:01.118238+07:00 gov-ai-svr CRON[977158]: pam_unix(cron:session): session opened for user debian(uid=1000) by debian(uid=0)
2026-04-20T00:20:09.221071+07:00 gov-ai-svr CRON[977158]: pam_unix(cron:session): session closed for user debian
2026-04-20T00:20:22.786828+07:00 gov-ai-svr sshd[977166]: Invalid user sol from 195.178.110.26 port 42104
2026-04-20T00:20:22.977995+07:00 gov-ai-svr sshd[977166]: pam_unix(sshd:auth): check pass; user unknown
2026-04-20T00:20:22.978527+07:00 gov-ai-svr sshd[977166]: pam_unix(sshd:auth): authentication failure; logname= uid=0 euid=0 tty=ssh ruser= rhost=195.178.110.26 
2026-04-20T00:20:25.364856+07:00 gov-ai-svr sshd[977166]: Failed password for invalid user sol from 195.178.110.26 port 42104 ssh2
2026-04-20T00:20:27.121163+07:00 gov-ai-svr sshd[977172]: pam_unix(sshd:auth): authentication failure; logname= uid=0 euid=0 tty=ssh ruser= rhost=77.87.40.114  user=root
2026-04-20T00:20:27.330225+07:00 gov-ai-svr sshd[977166]: Connection closed by invalid user sol 195.178.110.26 port 42104 [preauth]
2026-04-20T00:20:29.195824+07:00 gov-ai-svr sshd[977172]: Failed password for root from 77.87.40.114 port 40854 ssh2
2026-04-20T00:20:29.557767+07:00 gov-ai-svr sshd[977172]: Received disconnect from 77.87.40.114 port 40854:11: Bye Bye [preauth]
2026-04-20T00:20:29.558201+07:00 gov-ai-svr sshd[977172]: Disconnected from authenticating user root 77.87.40.114 port 40854 [preauth]
2026-04-20T00:20:31.399347+07:00 gov-ai-svr sshd[977181]: pam_unix(sshd:auth): authentication failure; logname= uid=0 euid=0 tty=ssh ruser= rhost=92.118.39.236  user=root
2026-04-20T00:20:33.689880+07:00 gov-ai-svr sshd[977181]: Failed password for root from 92.118.39.236 port 65118 ssh2
2026-04-20T00:20:40.207130+07:00 gov-ai-svr sshd[977181]: message repeated 2 times: [ Failed password for root from 92.118.39.236 port 65118 ssh2]
2026-04-20T00:20:43.100639+07:00 gov-ai-svr sshd[977181]: Failed password for root from 92.118.39.236 port 65118 ssh2
2026-04-20T00:20:45.858810+07:00 gov-ai-svr sshd[977181]: Failed password for root from 92.118.39.236 port 65118 ssh2
2026-04-20T00:20:48.331481+07:00 gov-ai-svr sshd[977181]: Connection reset by authenticating user root 92.118.39.236 port 65118 [preauth]
2026-04-20T00:20:48.332127+07:00 gov-ai-svr sshd[977181]: PAM 4 more authentication failures; logname= uid=0 euid=0 tty=ssh ruser= rhost=92.118.39.236  user=root
2026-04-20T00:20:48.332351+07:00 gov-ai-svr sshd[977181]: PAM service(sshd) ignoring max retries; 5 > 3
2026-04-20T00:20:52.845893+07:00 gov-ai-svr sshd[977187]: pam_unix(sshd:auth): authentication failure; logname= uid=0 euid=0 tty=ssh ruser= rhost=216.189.157.132  user=root
2026-04-20T00:20:54.684635+07:00 gov-ai-svr sshd[977187]: Failed password for root from 216.189.157.132 port 37248 ssh2
2026-04-20T00:20:55.344884+07:00 gov-ai-svr sshd[977187]: Received disconnect from 216.189.157.132 port 37248:11: Bye Bye [preauth]
2026-04-20T00:20:55.345250+07:00 gov-ai-svr sshd[977187]: Disconnected from authenticating user root 216.189.157.132 port 37248 [preauth]
2026-04-20T00:21:01.235040+07:00 gov-ai-svr CRON[977190]: pam_unix(cron:session): session opened for user debian(uid=1000) by debian(uid=0)
2026-04-20T00:21:05.942408+07:00 gov-ai-svr sshd[977193]: pam_unix(sshd:auth): authentication failure; logname= uid=0 euid=0 tty=ssh ruser= rhost=198.50.152.30  user=root
2026-04-20T00:21:07.565231+07:00 gov-ai-svr sshd[977193]: Failed password for root from 198.50.152.30 port 51862 ssh2
2026-04-20T00:21:08.702850+07:00 gov-ai-svr sshd[977193]: Connection closed by authenticating user root 198.50.152.30 port 51862 [preauth]
2026-04-20T00:21:12.095202+07:00 gov-ai-svr sshd[977197]: pam_unix(sshd:auth): authentication failure; logname= uid=0 euid=0 tty=ssh ruser= rhost=213.230.127.104  user=root
2026-04-20T00:21:13.347401+07:00 gov-ai-svr sshd[977197]: Failed password for root from 213.230.127.104 port 36636 ssh2
2026-04-20T00:21:14.493805+07:00 gov-ai-svr sshd[977197]: Received disconnect from 213.230.127.104 port 36636:11: Bye Bye [preauth]
2026-04-20T00:21:14.494133+07:00 gov-ai-svr sshd[977197]: Disconnected from authenticating user root 213.230.127.104 port 36636 [preauth]
2026-04-20T00:21:16.941164+07:00 gov-ai-svr CRON[977190]: pam_unix(cron:session): session closed for user debian
2026-04-20T00:21:41.318793+07:00 gov-ai-svr sshd[977205]: Invalid user sol from 195.178.110.26 port 47900
2026-04-20T00:21:41.496146+07:00 gov-ai-svr sshd[977205]: pam_unix(sshd:auth): check pass; user unknown
2026-04-20T00:21:41.496471+07:00 gov-ai-svr sshd[977205]: pam_unix(sshd:auth): authentication failure; logname= uid=0 euid=0 tty=ssh ruser= rhost=195.178.110.26 
2026-04-20T00:21:43.731798+07:00 gov-ai-svr sshd[977205]: Failed password for invalid user sol from 195.178.110.26 port 47900 ssh2
2026-04-20T00:21:45.832585+07:00 gov-ai-svr sshd[977205]: Connection closed by invalid user sol 195.178.110.26 port 47900 [preauth]
2026-04-20T00:21:49.806562+07:00 gov-ai-svr sshd[977208]: pam_unix(sshd:auth): authentication failure; logname= uid=0 euid=0 tty=ssh ruser= rhost=77.87.40.114  user=root
2026-04-20T00:21:51.469758+07:00 gov-ai-svr sshd[977208]: Failed password for root from 77.87.40.114 port 42190 ssh2
2026-04-20T00:21:52.265113+07:00 gov-ai-svr sshd[977208]: Received disconnect from 77.87.40.114 port 42190:11: Bye Bye [preauth]
2026-04-20T00:21:52.265473+07:00 gov-ai-svr sshd[977208]: Disconnected from authenticating user root 77.87.40.114 port 42190 [preauth]
2026-04-20T00:22:01.954380+07:00 gov-ai-svr CRON[977211]: pam_unix(cron:session): session opened for user debian(uid=1000) by debian(uid=0)
2026-04-20T00:22:13.292691+07:00 gov-ai-svr sshd[977217]: pam_unix(sshd:auth): authentication failure; logname= uid=0 euid=0 tty=ssh ruser= rhost=216.189.157.132  user=root
2026-04-20T00:22:15.251631+07:00 gov-ai-svr sshd[977217]: Failed password for root from 216.189.157.132 port 33692 ssh2
2026-04-20T00:22:15.787230+07:00 gov-ai-svr sshd[977217]: Received disconnect from 216.189.157.132 port 33692:11: Bye Bye [preauth]
2026-04-20T00:22:15.787673+07:00 gov-ai-svr sshd[977217]: Disconnected from authenticating user root 216.189.157.132 port 33692 [preauth]
2026-04-20T00:22:17.280423+07:00 gov-ai-svr sshd[977221]: pam_unix(sshd:auth): authentication failure; logname= uid=0 euid=0 tty=ssh ruser= rhost=92.118.39.196  user=root
2026-04-20T00:22:18.376106+07:00 gov-ai-svr CRON[977211]: pam_unix(cron:session): session closed for user debian
2026-04-20T00:22:19.455559+07:00 gov-ai-svr sshd[977221]: Failed password for root from 92.118.39.196 port 26420 ssh2
2026-04-20T00:22:24.413894+07:00 gov-ai-svr sshd[977221]: message repeated 2 times: [ Failed password for root from 92.118.39.196 port 26420 ssh2]
2026-04-20T00:22:26.417700+07:00 gov-ai-svr sshd[977225]: pam_unix(sshd:auth): authentication failure; logname= uid=0 euid=0 tty=ssh ruser= rhost=198.50.152.30  user=root
2026-04-20T00:22:26.491667+07:00 gov-ai-svr sshd[977221]: Failed password for root from 92.118.39.196 port 26420 ssh2
2026-04-20T00:22:28.161204+07:00 gov-ai-svr sshd[977225]: Failed password for root from 198.50.152.30 port 45000 ssh2
2026-04-20T00:22:28.974720+07:00 gov-ai-svr sshd[977225]: Connection closed by authenticating user root 198.50.152.30 port 45000 [preauth]
2026-04-20T00:22:29.372549+07:00 gov-ai-svr sshd[977221]: Failed password for root from 92.118.39.196 port 26420 ssh2
2026-04-20T00:22:29.625918+07:00 gov-ai-svr sshd[977221]: Connection reset by authenticating user root 92.118.39.196 port 26420 [preauth]
2026-04-20T00:22:29.626741+07:00 gov-ai-svr sshd[977221]: PAM 4 more authentication failures; logname= uid=0 euid=0 tty=ssh ruser= rhost=92.118.39.196  user=root
2026-04-20T00:22:29.626980+07:00 gov-ai-svr sshd[977221]: PAM service(sshd) ignoring max retries; 5 > 3
2026-04-20T00:22:41.431469+07:00 gov-ai-svr sshd[977231]: Invalid user user from 2.57.121.25 port 16395
2026-04-20T00:22:41.439176+07:00 gov-ai-svr sshd[977231]: pam_unix(sshd:auth): check pass; user unknown
2026-04-20T00:22:41.439580+07:00 gov-ai-svr sshd[977231]: pam_unix(sshd:auth): authentication failure; logname= uid=0 euid=0 tty=ssh ruser= rhost=2.57.121.25 
2026-04-20T00:22:43.910904+07:00 gov-ai-svr sshd[977231]: Failed password for invalid user user from 2.57.121.25 port 16395 ssh2
2026-04-20T00:22:45.009676+07:00 gov-ai-svr sshd[977236]: pam_unix(sshd:auth): authentication failure; logname= uid=0 euid=0 tty=ssh ruser= rhost=213.230.127.104  user=root
2026-04-20T00:22:46.093306+07:00 gov-ai-svr sshd[977231]: pam_unix(sshd:auth): check pass; user unknown
2026-04-20T00:22:46.693250+07:00 gov-ai-svr sshd[977236]: Failed password for root from 213.230.127.104 port 45320 ssh2
2026-04-20T00:22:47.400904+07:00 gov-ai-svr sshd[977236]: Received disconnect from 213.230.127.104 port 45320:11: Bye Bye [preauth]
2026-04-20T00:22:47.401326+07:00 gov-ai-svr sshd[977236]: Disconnected from authenticating user root 213.230.127.104 port 45320 [preauth]
2026-04-20T00:22:48.584112+07:00 gov-ai-svr sshd[977231]: Failed password for invalid user user from 2.57.121.25 port 16395 ssh2
2026-04-20T00:22:50.757992+07:00 gov-ai-svr sshd[977231]: pam_unix(sshd:auth): check pass; user unknown
2026-04-20T00:22:52.797468+07:00 gov-ai-svr sshd[977231]: Failed password for invalid user user from 2.57.121.25 port 16395 ssh2
2026-04-20T00:22:53.230945+07:00 gov-ai-svr sshd[977231]: pam_unix(sshd:auth): check pass; user unknown
2026-04-20T00:22:55.682441+07:00 gov-ai-svr sshd[977231]: Failed password for invalid user user from 2.57.121.25 port 16395 ssh2
2026-04-20T00:22:57.896245+07:00 gov-ai-svr sshd[977231]: pam_unix(sshd:auth): check pass; user unknown
2026-04-20T00:23:00.231513+07:00 gov-ai-svr sshd[977231]: Failed password for invalid user user from 2.57.121.25 port 16395 ssh2
2026-04-20T00:23:01.319425+07:00 gov-ai-svr sshd[977241]: Invalid user validator from 195.178.110.26 port 53736
2026-04-20T00:23:01.393991+07:00 gov-ai-svr CRON[977243]: pam_unix(cron:session): session opened for user debian(uid=1000) by debian(uid=0)
2026-04-20T00:23:01.493728+07:00 gov-ai-svr sshd[977241]: pam_unix(sshd:auth): check pass; user unknown
2026-04-20T00:23:01.494071+07:00 gov-ai-svr sshd[977241]: pam_unix(sshd:auth): authentication failure; logname= uid=0 euid=0 tty=ssh ruser= rhost=195.178.110.26 
2026-04-20T00:23:02.559483+07:00 gov-ai-svr sshd[977231]: Received disconnect from 2.57.121.25 port 16395:11: Bye [preauth]
2026-04-20T00:23:02.559795+07:00 gov-ai-svr sshd[977231]: Disconnected from invalid user user 2.57.121.25 port 16395 [preauth]
2026-04-20T00:23:02.559937+07:00 gov-ai-svr sshd[977231]: PAM 4 more authentication failures; logname= uid=0 euid=0 tty=ssh ruser= rhost=2.57.121.25 
2026-04-20T00:23:02.560270+07:00 gov-ai-svr sshd[977231]: PAM service(sshd) ignoring max retries; 5 > 3
2026-04-20T00:23:03.042210+07:00 gov-ai-svr sshd[977241]: Failed password for invalid user validator from 195.178.110.26 port 53736 ssh2
2026-04-20T00:23:03.531600+07:00 gov-ai-svr sshd[977241]: Connection closed by invalid user validator 195.178.110.26 port 53736 [preauth]
2026-04-20T00:23:21.861842+07:00 gov-ai-svr sshd[977250]: pam_unix(sshd:auth): authentication failure; logname= uid=0 euid=0 tty=ssh ruser= rhost=77.87.40.114  user=root
2026-04-20T00:23:24.156987+07:00 gov-ai-svr sshd[977250]: Failed password for root from 77.87.40.114 port 43534 ssh2
2026-04-20T00:23:26.557901+07:00 gov-ai-svr sshd[977250]: Received disconnect from 77.87.40.114 port 43534:11: Bye Bye [preauth]
2026-04-20T00:23:26.558359+07:00 gov-ai-svr sshd[977250]: Disconnected from authenticating user root 77.87.40.114 port 43534 [preauth]
2026-04-20T00:23:32.168695+07:00 gov-ai-svr CRON[977243]: pam_unix(cron:session): session closed for user debian
2026-04-20T00:23:36.013393+07:00 gov-ai-svr sshd[977257]: Invalid user devops from 216.189.157.132 port 49882
2026-04-20T00:23:36.020655+07:00 gov-ai-svr sshd[977257]: pam_unix(sshd:auth): check pass; user unknown
2026-04-20T00:23:36.020876+07:00 gov-ai-svr sshd[977257]: pam_unix(sshd:auth): authentication failure; logname= uid=0 euid=0 tty=ssh ruser= rhost=216.189.157.132 
2026-04-20T00:23:38.040945+07:00 gov-ai-svr sshd[977257]: Failed password for invalid user devops from 216.189.157.132 port 49882 ssh2
2026-04-20T00:23:38.582424+07:00 gov-ai-svr sshd[977257]: Received disconnect from 216.189.157.132 port 49882:11: Bye Bye [preauth]
2026-04-20T00:23:38.582763+07:00 gov-ai-svr sshd[977257]: Disconnected from invalid user devops 216.189.157.132 port 49882 [preauth]
2026-04-20T00:23:48.597236+07:00 gov-ai-svr sshd[977262]: pam_unix(sshd:auth): authentication failure; logname= uid=0 euid=0 tty=ssh ruser= rhost=198.50.152.30  user=root
2026-04-20T00:23:50.596673+07:00 gov-ai-svr sshd[977262]: Failed password for root from 198.50.152.30 port 45000 ssh2
2026-04-20T00:23:51.138451+07:00 gov-ai-svr sshd[977262]: Connection closed by authenticating user root 198.50.152.30 port 45000 [preauth]
2026-04-20T00:24:01.181628+07:00 gov-ai-svr CRON[977265]: pam_unix(cron:session): session opened for user debian(uid=1000) by debian(uid=0)
2026-04-20T00:24:04.557062+07:00 gov-ai-svr sshd[977268]: pam_unix(sshd:auth): authentication failure; logname= uid=0 euid=0 tty=ssh ruser= rhost=45.148.10.147  user=root
2026-04-20T00:24:04.979598+07:00 gov-ai-svr sshd[977271]: Invalid user user from 87.251.64.145 port 56670
2026-04-20T00:24:05.177875+07:00 gov-ai-svr sshd[977271]: pam_unix(sshd:auth): check pass; user unknown
